******************************************************************************
            TI ARM Clang Linker PC v4.0.2                      
******************************************************************************
>> Linked Sat Jul 12 10:09:40 2025

OUTPUT FILE NAME:   <Car_LP_MSPM0G3507_nortos_ticlang.out>
ENTRY POINT SYMBOL: "_c_int00_noargs"  address: 00002c39


MEMORY CONFIGURATION

         name            origin    length      used     unused   attr    fill
----------------------  --------  ---------  --------  --------  ----  --------
  FLASH                 00000000   00008000  00003590  00004a70  R  X
  SRAM                  20200000   00004000  000004be  00003b42  RW X
  BCR_CONFIG            41c00000   000000ff  00000000  000000ff  R   
  BSL_CONFIG            41c00100   00000080  00000000  00000080  R   


SEGMENT ALLOCATION MAP

run origin  load origin   length   init length attrs members
----------  ----------- ---------- ----------- ----- -------
00000000    00000000    00003590   00003590    r-x
  00000000    00000000    000000c0   000000c0    r-- .intvecs
  000000c0    000000c0    000032e0   000032e0    r-x .text
  000033a0    000033a0    000001b8   000001b8    r-- .rodata
  00003558    00003558    00000038   00000038    r-- .cinit
20200000    20200000    000002be   00000000    rw-
  20200000    20200000    00000290   00000000    rw- .bss
  20200290    20200290    0000002e   00000000    rw- .data
20203e00    20203e00    00000200   00000000    rw-
  20203e00    20203e00    00000200   00000000    rw- .stack


SECTION ALLOCATION MAP

 output                                  attributes/
section   page    origin      length       input sections
--------  ----  ----------  ----------   ----------------
.intvecs   0    00000000    000000c0     
                  00000000    000000c0     startup_mspm0g350x_ticlang.o (.intvecs)

.text      0    000000c0    000032e0     
                  000000c0    00000644     libc.a : k_rem_pio2.c.obj (.text.__kernel_rem_pio2)
                  00000704    00000458            : s_sin.c.obj (.text.sin)
                  00000b5c    0000043c     motor.o (.text.Set_Speed)
                  00000f98    0000021c     ti_msp_dl_config.o (.text.SYSCFG_DL_GPIO_init)
                  000011b4    00000192     libclang_rt.builtins.a : adddf3.S.obj (.text.adddf3_subdf3)
                  00001346    00000002                            : aeabi_div0.c.obj (.text.__aeabi_idiv0)
                  00001348    00000168     libc.a : k_sin.c.obj (.text.__kernel_sin)
                  000014b0    00000150            : k_cos.c.obj (.text.__kernel_cos)
                  00001600    00000144     motor_QEI.o (.text.GROUP1_IRQHandler)
                  00001744    00000144     libc.a : s_floor.c.obj (.text.floor)
                  00001888    00000124     UART.o (.text.Uart_Run_TuoLuoYi)
                  000019ac    0000010c     libclang_rt.builtins.a : divdf3.S.obj (.text.__divdf3)
                  00001ab8    00000104     driverlib.a : dl_timer.o (.text.DL_Timer_initFourCCPWMMode)
                  00001bbc    000000e8                 : dl_timer.o (.text.DL_Timer_initTimerMode)
                  00001ca4    000000e4     libclang_rt.builtins.a : muldf3.S.obj (.text.__muldf3)
                  00001d88    000000dc     ti_msp_dl_config.o (.text.SYSCFG_DL_PWM_MOTOR_init)
                  00001e64    000000d8     libc.a : s_scalbn.c.obj (.text.scalbn)
                  00001f3c    000000c0     UART.o (.text.Uart_Run_XunJi)
                  00001ffc    000000b0     ti_msp_dl_config.o (.text.SYSCFG_DL_initPower)
                  000020ac    000000a4     task.o (.text.TASK_INIT)
                  00002150    0000008c     libclang_rt.builtins.a : mulsf3.S.obj (.text.__mulsf3)
                  000021dc    00000084     ti_msp_dl_config.o (.text.__NVIC_SetPriority)
                  00002260    00000082     libclang_rt.builtins.a : divsf3.S.obj (.text.__divsf3)
                  000022e2    00000002     --HOLE-- [fill = 0]
                  000022e4    0000007c     libc.a : copy_decompress_lzss.c.obj (.text:decompress:lzss)
                  00002360    00000074     libclang_rt.builtins.a : comparedf2.c.obj (.text.__gedf2)
                  000023d4    0000000c     Timer.o (.text.TIMA1_IRQHandler)
                  000023e0    00000074     libclang_rt.builtins.a : truncdfsf2.S.obj (.text.__truncdfsf2)
                  00002454    00000068                            : comparedf2.c.obj (.text.__ledf2)
                  000024bc    00000064     ti_msp_dl_config.o (.text.SYSCFG_DL_I2C_OLED_init)
                  00002520    00000062     libclang_rt.builtins.a : aeabi_dcmp.S.obj (.text.__aeabi_dcmp)
                  00002582    00000002     --HOLE-- [fill = 0]
                  00002584    00000056                            : aeabi_idivmod.S.obj (.text.__aeabi_idivmod)
                  000025da    00000002     --HOLE-- [fill = 0]
                  000025dc    0000004c     ti_msp_dl_config.o (.text.DL_UART_setBaudRateDivisor)
                  00002628    0000004a     libclang_rt.builtins.a : fixdfsi.S.obj (.text.__fixdfsi)
                  00002672    00000002     --HOLE-- [fill = 0]
                  00002674    00000048     driverlib.a : dl_uart.o (.text.DL_UART_init)
                  000026bc    00000048     ti_msp_dl_config.o (.text.SYSCFG_DL_UART_0_init)
                  00002704    00000048     ti_msp_dl_config.o (.text.SYSCFG_DL_UART_OPENMV_init)
                  0000274c    00000048     ti_msp_dl_config.o (.text.SYSCFG_DL_UART_TuoLuoYi_init)
                  00002794    00000042     libclang_rt.builtins.a : fixunsdfsi.S.obj (.text.__fixunsdfsi)
                  000027d6    00000002     --HOLE-- [fill = 0]
                  000027d8    00000040     ti_msp_dl_config.o (.text.SYSCFG_DL_TIMER_MS_SYS_init)
                  00002818    00000040     ti_msp_dl_config.o (.text.SYSCFG_DL_TIMER_MS_UART_init)
                  00002858    00000040     ti_msp_dl_config.o (.text.SYSCFG_DL_init)
                  00002898    00000040     libclang_rt.builtins.a : extendsfdf2.S.obj (.text.__extendsfdf2)
                  000028d8    0000003c     ti_msp_dl_config.o (.text.DL_GPIO_initPeripheralInputFunctionFeatures)
                  00002914    0000003c     ti_msp_dl_config.o (.text.DL_Timer_setCounterControl)
                  00002950    0000003c     motor.o (.text.Go_stright)
                  0000298c    0000003c     libclang_rt.builtins.a : floatsisf.S.obj (.text.__floatsisf)
                  000029c8    0000003c     libc.a : autoinit.c.obj (.text:__TI_auto_init_nobinit_nopinit)
                  00002a04    0000003a     libclang_rt.builtins.a : muldsi3.S.obj (.text.__muldsi3)
                  00002a3e    00000002     --HOLE-- [fill = 0]
                  00002a40    00000034     Beep.o (.text.Control_Beep)
                  00002a74    00000034     ti_msp_dl_config.o (.text.DL_GPIO_initDigitalInputFeatures)
                  00002aa8    00000032     ti_msp_dl_config.o (.text.SYSCFG_DL_SYSCTL_init)
                  00002ada    00000002     --HOLE-- [fill = 0]
                  00002adc    00000030     LED.o (.text.Control_LED)
                  00002b0c    00000030     ti_msp_dl_config.o (.text.DL_GPIO_initDigitalOutputFeatures)
                  00002b3c    0000002c     task.o (.text.__NVIC_ClearPendingIRQ)
                  00002b68    0000002c     UART.o (.text.__NVIC_EnableIRQ)
                  00002b94    0000002c     libclang_rt.builtins.a : floatsidf.S.obj (.text.__floatsidf)
                  00002bc0    00000028     ti_msp_dl_config.o (.text.DL_Common_updateReg)
                  00002be8    00000028     ti_msp_dl_config.o (.text.DL_I2C_setControllerRXFIFOThreshold)
                  00002c10    00000028     ti_msp_dl_config.o (.text.DL_I2C_setControllerTXFIFOThreshold)
                  00002c38    00000028     libc.a : boot_cortex_m.c.obj (.text:_c_int00_noargs)
                  00002c60    00000026     ti_msp_dl_config.o (.text.DL_I2C_setAnalogGlitchFilterPulseWidth)
                  00002c86    00000026     driverlib.a : dl_i2c.o (.text.DL_I2C_setClockConfig)
                  00002cac    00000024     motor.o (.text.Motor_On)
                  00002cd0    00000022     pid.o (.text.PID_Init)
                  00002cf2    00000002     --HOLE-- [fill = 0]
                  00002cf4    00000020     ti_msp_dl_config.o (.text.DL_GPIO_initPeripheralInputFunction)
                  00002d14    0000001e     ti_msp_dl_config.o (.text.DL_UART_setOversampling)
                  00002d32    00000002     --HOLE-- [fill = 0]
                  00002d34    0000001c     motor_QEI.o (.text.DL_GPIO_clearInterruptStatus)
                  00002d50    0000001c     ti_msp_dl_config.o (.text.DL_GPIO_clearInterruptStatus)
                  00002d6c    0000001c     ti_msp_dl_config.o (.text.DL_GPIO_enableHiZ)
                  00002d88    0000001c     ti_msp_dl_config.o (.text.DL_GPIO_enableInterrupt)
                  00002da4    0000001c     ti_msp_dl_config.o (.text.DL_GPIO_initPeripheralOutputFunction)
                  00002dc0    0000001c     ti_msp_dl_config.o (.text.DL_GPIO_setLowerPinsPolarity)
                  00002ddc    0000001c     ti_msp_dl_config.o (.text.DL_I2C_enableInterrupt)
                  00002df8    0000001c     ti_msp_dl_config.o (.text.DL_SYSCTL_setMCLKDivider)
                  00002e14    0000001c     ti_msp_dl_config.o (.text.DL_SYSCTL_setSYSOSCFreq)
                  00002e30    0000001c     ti_msp_dl_config.o (.text.DL_SYSCTL_setULPCLKDivider)
                  00002e4c    0000001c     ti_msp_dl_config.o (.text.DL_Timer_enableInterrupt)
                  00002e68    0000001c     driverlib.a : dl_timer.o (.text.DL_Timer_setCaptCompUpdateMethod)
                  00002e84    0000001c                 : dl_timer.o (.text.DL_Timer_setClockConfig)
                  00002ea0    0000001c     ti_msp_dl_config.o (.text.DL_UART_enableInterrupt)
                  00002ebc    0000001c     Timer.o (.text.TIMG0_IRQHandler)
                  00002ed8    00000018     ti_msp_dl_config.o (.text.DL_GPIO_enableOutput)
                  00002ef0    00000018     ti_msp_dl_config.o (.text.DL_GPIO_enablePower)
                  00002f08    00000018     motor_QEI.o (.text.DL_GPIO_getEnabledInterruptStatus)
                  00002f20    00000018     ti_msp_dl_config.o (.text.DL_GPIO_initDigitalOutput)
                  00002f38    00000018     ti_msp_dl_config.o (.text.DL_GPIO_reset)
                  00002f50    00000018     Beep.o (.text.DL_GPIO_setPins)
                  00002f68    00000018     LED.o (.text.DL_GPIO_setPins)
                  00002f80    00000018     motor.o (.text.DL_GPIO_setPins)
                  00002f98    00000018     ti_msp_dl_config.o (.text.DL_GPIO_setPins)
                  00002fb0    00000018     ti_msp_dl_config.o (.text.DL_GPIO_setUpperPinsPolarity)
                  00002fc8    00000018     ti_msp_dl_config.o (.text.DL_I2C_enableAnalogGlitchFilter)
                  00002fe0    00000018     ti_msp_dl_config.o (.text.DL_I2C_enableController)
                  00002ff8    00000018     ti_msp_dl_config.o (.text.DL_I2C_enableControllerClockStretching)
                  00003010    00000018     ti_msp_dl_config.o (.text.DL_I2C_enablePower)
                  00003028    00000018     ti_msp_dl_config.o (.text.DL_I2C_reset)
                  00003040    00000018     ti_msp_dl_config.o (.text.DL_I2C_setTimerPeriod)
                  00003058    00000018     ti_msp_dl_config.o (.text.DL_SYSCTL_setBORThreshold)
                  00003070    00000018     ti_msp_dl_config.o (.text.DL_Timer_enablePower)
                  00003088    00000018     ti_msp_dl_config.o (.text.DL_Timer_reset)
                  000030a0    00000018     driverlib.a : dl_timer.o (.text.DL_Timer_setCaptureCompareOutCtl)
                  000030b8    00000018     UART.o (.text.DL_Timer_startCounter)
                  000030d0    00000018     task.o (.text.DL_Timer_startCounter)
                  000030e8    00000018     ti_msp_dl_config.o (.text.DL_UART_enablePower)
                  00003100    00000018     ti_msp_dl_config.o (.text.DL_UART_reset)
                  00003118    00000016     motor_QEI.o (.text.DL_GPIO_readPins)
                  0000312e    00000016     ti_msp_dl_config.o (.text.DL_UART_enable)
                  00003144    00000016     UART.o (.text.NVIC_INIT)
                  0000315a    00000016     libc.a : k_rem_pio2.c.obj (.text.OUTLINED_FUNCTION_0)
                  00003170    00000010     libclang_rt.builtins.a : adddf3.S.obj (.tramp.__aeabi_dadd.1)
                  00003180    00000016     libc.a : copy_zero_init.c.obj (.text:decompress:ZI:__TI_zero_init_nomemset)
                  00003196    00000014     Beep.o (.text.DL_GPIO_clearPins)
                  000031aa    00000014     LED.o (.text.DL_GPIO_clearPins)
                  000031be    00000014     motor.o (.text.DL_GPIO_clearPins)
                  000031d2    00000014     ti_msp_dl_config.o (.text.DL_GPIO_clearPins)
                  000031e6    00000002     --HOLE-- [fill = 0]
                  000031e8    00000014     ti_msp_dl_config.o (.text.DL_I2C_resetControllerTransfer)
                  000031fc    00000014     ti_msp_dl_config.o (.text.DL_SYSCTL_disableSYSPLL)
                  00003210    00000014     ti_msp_dl_config.o (.text.DL_Timer_enableClock)
                  00003224    00000014     ti_msp_dl_config.o (.text.DL_Timer_setCCPDirection)
                  00003238    00000014     UART.o (.text.DL_UART_receiveData)
                  0000324c    00000014     empty.o (.text.main)
                  00003260    00000012     driverlib.a : dl_uart.o (.text.DL_UART_setClockConfig)
                  00003272    00000012     libc.a : memcpy16.S.obj (.text:TI_memcpy_small)
                  00003284    00000012            : copy_decompress_none.c.obj (.text:decompress:none)
                  00003296    00000002     --HOLE-- [fill = 0]
                  00003298    00000010     ti_msp_dl_config.o (.text.DL_SYSCTL_disableHFXT)
                  000032a8    00000010     driverlib.a : dl_timer.o (.text.DL_Timer_setCaptureCompareValue)
                  000032b8    00000010     libc.a : k_rem_pio2.c.obj (.text.OUTLINED_FUNCTION_2)
                  000032c8    00000010     task.o (.text.TASK_LOOP)
                  000032d8    00000010     UART.o (.text.UART0_IRQHandler)
                  000032e8    00000010     UART.o (.text.UART1_IRQHandler)
                  000032f8    0000000e     libc.a : s_sin.c.obj (.text.OUTLINED_FUNCTION_1)
                  00003306    00000002     --HOLE-- [fill = 0]
                  00003308    00000010     libclang_rt.builtins.a : adddf3.S.obj (.tramp.__aeabi_dsub.1)
                  00003318    0000000e     libc.a : s_sin.c.obj (.text.OUTLINED_FUNCTION_2)
                  00003326    0000000a     driverlib.a : dl_common.o (.text.DL_Common_delayCycles)
                  00003330    0000000a     libc.a : k_rem_pio2.c.obj (.text.OUTLINED_FUNCTION_1)
                  0000333a    00000002     --HOLE-- [fill = 0]
                  0000333c    00000008            : aeabi_portable.c.obj (.text.__aeabi_errno_addr)
                  00003344    00000008     libclang_rt.builtins.a : aeabi_memcpy.S.obj (.text.__aeabi_memcpy)
                  0000334c    00000006     libc.a : k_cos.c.obj (.text.OUTLINED_FUNCTION_0)
                  00003352    00000002     --HOLE-- [fill = 0]
                  00003354    00000010     libclang_rt.builtins.a : muldf3.S.obj (.tramp.__aeabi_dmul.1)
                  00003364    00000006     libc.a : k_sin.c.obj (.text.OUTLINED_FUNCTION_0)
                  0000336a    00000006            : s_sin.c.obj (.text.OUTLINED_FUNCTION_0)
                  00003370    00000006            : s_sin.c.obj (.text.OUTLINED_FUNCTION_4)
                  00003376    00000006            : s_sin.c.obj (.text.OUTLINED_FUNCTION_6)
                  0000337c    00000006            : exit.c.obj (.text:abort)
                  00003382    00000004     startup_mspm0g350x_ticlang.o (.text.Default_Handler)
                  00003386    00000004     libsysbm.a : hostexit.c.obj (.text.HOSTexit)
                  0000338a    00000004     libc.a : s_sin.c.obj (.text.OUTLINED_FUNCTION_3)
                  0000338e    00000004            : s_sin.c.obj (.text.OUTLINED_FUNCTION_5)
                  00003392    00000004     startup_mspm0g350x_ticlang.o (.text.Reset_Handler)
                  00003396    00000004     libc.a : pre_init.c.obj (.text._system_pre_init)
                  0000339a    00000006     --HOLE-- [fill = 0]

.cinit     0    00003558    00000038     
                  00003558    00000012     (.cinit..data.load) [load image, compression = lzss]
                  0000356a    00000002     --HOLE-- [fill = 0]
                  0000356c    0000000c     (__TI_handler_table)
                  00003578    00000008     (.cinit..bss.load) [load image, compression = zero_init]
                  00003580    00000010     (__TI_cinit_table)

.rodata    0    000033a0    000001b8     
                  000033a0    00000108     libc.a : k_rem_pio2.c.obj (.rodata.ipio2)
                  000034a8    00000040            : k_rem_pio2.c.obj (.rodata.PIo2)
                  000034e8    00000014     ti_msp_dl_config.o (.rodata.gTIMER_MS_SYSTimerConfig)
                  000034fc    00000014     ti_msp_dl_config.o (.rodata.gTIMER_MS_UARTTimerConfig)
                  00003510    00000010     libc.a : k_rem_pio2.c.obj (.rodata.cst16)
                  00003520    0000000a     ti_msp_dl_config.o (.rodata.gUART_0Config)
                  0000352a    0000000a     ti_msp_dl_config.o (.rodata.gUART_OPENMVConfig)
                  00003534    0000000a     ti_msp_dl_config.o (.rodata.gUART_TuoLuoYiConfig)
                  0000353e    00000002     ti_msp_dl_config.o (.rodata.gI2C_OLEDClockConfig)
                  00003540    00000008     ti_msp_dl_config.o (.rodata.gPWM_MOTORConfig)
                  00003548    00000003     ti_msp_dl_config.o (.rodata.gPWM_MOTORClockConfig)
                  0000354b    00000003     ti_msp_dl_config.o (.rodata.gTIMER_MS_SYSClockConfig)
                  0000354e    00000003     ti_msp_dl_config.o (.rodata.gTIMER_MS_UARTClockConfig)
                  00003551    00000002     ti_msp_dl_config.o (.rodata.gUART_0ClockConfig)
                  00003553    00000002     ti_msp_dl_config.o (.rodata.gUART_OPENMVClockConfig)
                  00003555    00000002     ti_msp_dl_config.o (.rodata.gUART_TuoLuoYiClockConfig)
                  00003557    00000001     --HOLE-- [fill = 0]

.init_array 
*          0    00000000    00000000     UNINITIALIZED

.binit     0    00000000    00000000     

.bss       0    20200000    00000290     UNINITIALIZED
                  20200000    000000bc     (.common:gPWM_MOTORBackup)
                  202000bc    000000bc     (.common:gTIMER_MS_UARTBackup)
                  20200178    00000034     (.common:PID_BL)
                  202001ac    00000034     (.common:PID_BR)
                  202001e0    00000034     (.common:PID_FL)
                  20200214    00000034     (.common:PID_FR)
                  20200248    00000029     (.common:USART_RXBUF_XunJi)
                  20200271    00000014     (.common:USART_RXBUF_TuoLuoYi)
                  20200285    00000003     --HOLE--
                  20200288    00000004     (.common:QYaw)
                  2020028c    00000004     (.common:QYaw1)

.data      0    20200290    0000002e     UNINITIALIZED
                  20200290    0000000a     UART.o (.data.Xunji)
                  2020029a    00000001     UART.o (.data.Uart_Run_TuoLuoYi.flag)
                  2020029b    00000001     UART.o (.data.Uart_Run_TuoLuoYi.i)
                  2020029c    00000004     motor_QEI.o (.data.Back_Left_Count)
                  202002a0    00000004     motor_QEI.o (.data.Back_Right_Count)
                  202002a4    00000004     motor_QEI.o (.data.Front_Left_Count)
                  202002a8    00000004     motor_QEI.o (.data.Front_Right_Count)
                  202002ac    00000004     motor_QEI.o (.data.Start_Count)
                  202002b0    00000004     libc.a : aeabi_portable.c.obj (.data.__aeabi_errno)
                  202002b4    00000004     motor.o (.data.compareValue)
                  202002b8    00000004     Timer.o (.data.delay_count)
                  202002bc    00000001     UART.o (.data.Uart_Run_XunJi.flag)
                  202002bd    00000001     UART.o (.data.Uart_Run_XunJi.i)

.stack     0    20203e00    00000200     UNINITIALIZED
                  20203e00    00000004     libc.a : boot_cortex_m.c.obj (.stack)
                  20203e04    000001fc     --HOLE--

__llvm_prf_cnts 
*          0    20200000    00000000     UNINITIALIZED

__llvm_prf_bits 
*          0    20200000    00000000     UNINITIALIZED

MODULE SUMMARY

       Module                         code    ro data   rw data
       ------                         ----    -------   -------
    .\
       ti_msp_dl_config.o             2996    95        376    
       startup_mspm0g350x_ticlang.o   8       192       0      
       empty.o                        20      0         0      
    +--+------------------------------+-------+---------+---------+
       Total:                         3024    287       376    
                                                               
    .\Driver\
       motor.o                        1224    0         4      
       UART.o                         626     0         83     
       motor_QEI.o                    398     0         20     
       task.o                         248     0         0      
       pid.o                          34      0         208    
       Beep.o                         96      0         0      
       LED.o                          92      0         0      
       Timer.o                        40      0         4      
    +--+------------------------------+-------+---------+---------+
       Total:                         2758    0         319    
                                                               
    D:/APP/TI/mspm0_sdk_2_04_00_06/source/ti/driverlib/lib/ticlang/m0p/mspm0g1x0x_g3x0x/driverlib.a
       dl_timer.o                     588     0         0      
       dl_uart.o                      90      0         0      
       dl_i2c.o                       38      0         0      
       dl_common.o                    10      0         0      
    +--+------------------------------+-------+---------+---------+
       Total:                         726     0         0      
                                                               
    D:\APP\TI\ccs\tools\compiler\ti-cgt-armllvm_4.0.2.LTS\lib\armv6m-ti-none-eabi/c/libc.a
       k_rem_pio2.c.obj               1652    344       0      
       s_sin.c.obj                    1166    0         0      
       k_sin.c.obj                    366     0         0      
       k_cos.c.obj                    342     0         0      
       s_floor.c.obj                  324     0         0      
       s_scalbn.c.obj                 216     0         0      
       copy_decompress_lzss.c.obj     124     0         0      
       autoinit.c.obj                 60      0         0      
       boot_cortex_m.c.obj            40      0         0      
       copy_zero_init.c.obj           22      0         0      
       copy_decompress_none.c.obj     18      0         0      
       memcpy16.S.obj                 18      0         0      
       aeabi_portable.c.obj           8       0         4      
       exit.c.obj                     6       0         0      
       pre_init.c.obj                 4       0         0      
    +--+------------------------------+-------+---------+---------+
       Total:                         4366    344       4      
                                                               
    D:\APP\TI\ccs\tools\compiler\ti-cgt-armllvm_4.0.2.LTS\lib\armv6m-ti-none-eabi/c/libsysbm.a
       hostexit.c.obj                 4       0         0      
    +--+------------------------------+-------+---------+---------+
       Total:                         4       0         0      
                                                               
    D:\APP\TI\ccs\tools\compiler\ti-cgt-armllvm_4.0.2.LTS\lib\armv6m-ti-none-eabi/libclang_rt.builtins.a
       adddf3.S.obj                   434     0         0      
       divdf3.S.obj                   268     0         0      
       muldf3.S.obj                   244     0         0      
       comparedf2.c.obj               220     0         0      
       mulsf3.S.obj                   140     0         0      
       divsf3.S.obj                   130     0         0      
       truncdfsf2.S.obj               116     0         0      
       aeabi_dcmp.S.obj               98      0         0      
       aeabi_idivmod.S.obj            86      0         0      
       fixdfsi.S.obj                  74      0         0      
       fixunsdfsi.S.obj               66      0         0      
       extendsfdf2.S.obj              64      0         0      
       floatsisf.S.obj                60      0         0      
       muldsi3.S.obj                  58      0         0      
       floatsidf.S.obj                44      0         0      
       aeabi_memcpy.S.obj             8       0         0      
       aeabi_div0.c.obj               2       0         0      
    +--+------------------------------+-------+---------+---------+
       Total:                         2112    0         0      
                                                               
       Stack:                         0       0         512    
       Linker Generated:              0       54        0      
    +--+------------------------------+-------+---------+---------+
       Grand Total:                   12990   685       1211   


LINKER GENERATED COPY TABLES

__TI_cinit_table @ 00003580 records: 2, size/record: 8, table size: 16
	.data: load addr=00003558, load size=00000012 bytes, run addr=20200290, run size=0000002e bytes, compression=lzss
	.bss: load addr=00003578, load size=00000008 bytes, run addr=20200000, run size=00000290 bytes, compression=zero_init


LINKER GENERATED HANDLER TABLE

__TI_handler_table @ 0000356c records: 3, size/record: 4, table size: 12
	index: 0, handler: __TI_decompress_lzss
	index: 1, handler: __TI_decompress_none
	index: 2, handler: __TI_zero_init


FAR CALL TRAMPOLINES

callee name               trampoline name
   callee addr  tramp addr   call addr  call info
--------------  -----------  ---------  ----------------
__aeabi_dadd              $Tramp$TT$L$PI$$__aeabi_dadd
   000011bf     00003170     0000316e   libc.a : k_rem_pio2.c.obj (.text.OUTLINED_FUNCTION_0)
                             00003338          : k_rem_pio2.c.obj (.text.OUTLINED_FUNCTION_1)
                             0000336e          : s_sin.c.obj (.text.OUTLINED_FUNCTION_0)
                             0000338c          : s_sin.c.obj (.text.OUTLINED_FUNCTION_3)
__aeabi_dsub              $Tramp$TT$L$PI$$__aeabi_dsub
   000011b5     00003308     00003304   libc.a : s_sin.c.obj (.text.OUTLINED_FUNCTION_1)
                             00003324          : s_sin.c.obj (.text.OUTLINED_FUNCTION_2)
                             0000337a          : s_sin.c.obj (.text.OUTLINED_FUNCTION_6)
                             00003390          : s_sin.c.obj (.text.OUTLINED_FUNCTION_5)
__aeabi_dmul              $Tramp$TT$L$PI$$__aeabi_dmul
   00001ca5     00003354     00003350   libc.a : k_cos.c.obj (.text.OUTLINED_FUNCTION_0)
                             00003368          : k_sin.c.obj (.text.OUTLINED_FUNCTION_0)
                             00003374          : s_sin.c.obj (.text.OUTLINED_FUNCTION_4)

[3 trampolines]
[11 trampoline calls]


GLOBAL SYMBOLS: SORTED ALPHABETICALLY BY Name 

address   name                            
-------   ----                            
00003383  ADC0_IRQHandler                 
00003383  ADC1_IRQHandler                 
00003383  AES_IRQHandler                  
2020029c  Back_Left_Count                 
202002a0  Back_Right_Count                
00003386  C$$EXIT                         
00003383  CANFD0_IRQHandler               
00002a41  Control_Beep                    
00002add  Control_LED                     
00003383  DAC0_IRQHandler                 
00003327  DL_Common_delayCycles           
00002c87  DL_I2C_setClockConfig           
00001ab9  DL_Timer_initFourCCPWMMode      
00001bbd  DL_Timer_initTimerMode          
00002e69  DL_Timer_setCaptCompUpdateMethod
000030a1  DL_Timer_setCaptureCompareOutCtl
000032a9  DL_Timer_setCaptureCompareValue 
00002e85  DL_Timer_setClockConfig         
00002675  DL_UART_init                    
00003261  DL_UART_setClockConfig          
00003383  DMA_IRQHandler                  
00003383  Default_Handler                 
202002a4  Front_Left_Count                
202002a8  Front_Right_Count               
00003383  GROUP0_IRQHandler               
00001601  GROUP1_IRQHandler               
00002951  Go_stright                      
00003387  HOSTexit                        
00003383  HardFault_Handler               
00003383  I2C0_IRQHandler                 
00003383  I2C1_IRQHandler                 
00002cad  Motor_On                        
00003383  NMI_Handler                     
00003145  NVIC_INIT                       
20200178  PID_BL                          
202001ac  PID_BR                          
202001e0  PID_FL                          
20200214  PID_FR                          
00002cd1  PID_Init                        
00003383  PendSV_Handler                  
20200288  QYaw                            
2020028c  QYaw1                           
00003383  RTC_IRQHandler                  
00003393  Reset_Handler                   
00003383  SPI0_IRQHandler                 
00003383  SPI1_IRQHandler                 
00003383  SVC_Handler                     
00000f99  SYSCFG_DL_GPIO_init             
000024bd  SYSCFG_DL_I2C_OLED_init         
00001d89  SYSCFG_DL_PWM_MOTOR_init        
00002aa9  SYSCFG_DL_SYSCTL_init           
000027d9  SYSCFG_DL_TIMER_MS_SYS_init     
00002819  SYSCFG_DL_TIMER_MS_UART_init    
000026bd  SYSCFG_DL_UART_0_init           
00002705  SYSCFG_DL_UART_OPENMV_init      
0000274d  SYSCFG_DL_UART_TuoLuoYi_init    
00002859  SYSCFG_DL_init                  
00001ffd  SYSCFG_DL_initPower             
00000b5d  Set_Speed                       
202002ac  Start_Count                     
00003383  SysTick_Handler                 
000020ad  TASK_INIT                       
000032c9  TASK_LOOP                       
00003383  TIMA0_IRQHandler                
000023d5  TIMA1_IRQHandler                
00002ebd  TIMG0_IRQHandler                
00003383  TIMG12_IRQHandler               
00003383  TIMG6_IRQHandler                
00003383  TIMG7_IRQHandler                
00003383  TIMG8_IRQHandler                
00003273  TI_memcpy_small                 
000032d9  UART0_IRQHandler                
000032e9  UART1_IRQHandler                
00003383  UART2_IRQHandler                
00003383  UART3_IRQHandler                
20200271  USART_RXBUF_TuoLuoYi            
20200248  USART_RXBUF_XunJi               
00001889  Uart_Run_TuoLuoYi               
00001f3d  Uart_Run_XunJi                  
20200290  Xunji                           
20204000  __STACK_END                     
00000200  __STACK_SIZE                    
00000000  __TI_ATRegion0_region_sz        
00000000  __TI_ATRegion0_src_addr         
00000000  __TI_ATRegion0_trg_addr         
00000000  __TI_ATRegion1_region_sz        
00000000  __TI_ATRegion1_src_addr         
00000000  __TI_ATRegion1_trg_addr         
00000000  __TI_ATRegion2_region_sz        
00000000  __TI_ATRegion2_src_addr         
00000000  __TI_ATRegion2_trg_addr         
00003580  __TI_CINIT_Base                 
00003590  __TI_CINIT_Limit                
00003590  __TI_CINIT_Warm                 
0000356c  __TI_Handler_Table_Base         
00003578  __TI_Handler_Table_Limit        
000029c9  __TI_auto_init_nobinit_nopinit  
000022e5  __TI_decompress_lzss            
00003285  __TI_decompress_none            
ffffffff  __TI_pprof_out_hndl             
ffffffff  __TI_prof_data_size             
ffffffff  __TI_prof_data_start            
00000000  __TI_static_base__              
00003181  __TI_zero_init_nomemset         
000011bf  __adddf3                        
000023e1  __aeabi_d2f                     
00002629  __aeabi_d2iz                    
00002795  __aeabi_d2uiz                   
000011bf  __aeabi_dadd                    
00002521  __aeabi_dcmpeq                  
0000255d  __aeabi_dcmpge                  
00002571  __aeabi_dcmpgt                  
00002549  __aeabi_dcmple                  
00002535  __aeabi_dcmplt                  
000019ad  __aeabi_ddiv                    
00001ca5  __aeabi_dmul                    
000011b5  __aeabi_dsub                    
202002b0  __aeabi_errno                   
0000333d  __aeabi_errno_addr              
00002899  __aeabi_f2d                     
00002261  __aeabi_fdiv                    
00002151  __aeabi_fmul                    
00002b95  __aeabi_i2d                     
0000298d  __aeabi_i2f                     
00002585  __aeabi_idiv                    
00001347  __aeabi_idiv0                   
00002585  __aeabi_idivmod                 
00003345  __aeabi_memcpy                  
00003345  __aeabi_memcpy4                 
00003345  __aeabi_memcpy8                 
ffffffff  __binit__                       
00002455  __cmpdf2                        
000019ad  __divdf3                        
00002261  __divsf3                        
00002455  __eqdf2                         
00002899  __extendsfdf2                   
00002629  __fixdfsi                       
00002795  __fixunsdfsi                    
00002b95  __floatsidf                     
0000298d  __floatsisf                     
00002361  __gedf2                         
00002361  __gtdf2                         
000014b1  __kernel_cos                    
000000c1  __kernel_rem_pio2               
00001349  __kernel_sin                    
00002455  __ledf2                         
00002455  __ltdf2                         
UNDEFED   __mpu_init                      
00001ca5  __muldf3                        
00002a05  __muldsi3                       
00002151  __mulsf3                        
00002455  __nedf2                         
20203e00  __stack                         
20200000  __start___llvm_prf_bits         
20200000  __start___llvm_prf_cnts         
20200000  __stop___llvm_prf_bits          
20200000  __stop___llvm_prf_cnts          
000011b5  __subdf3                        
000023e1  __truncdfsf2                    
00002c39  _c_int00_noargs                 
UNDEFED   _system_post_cinit              
00003397  _system_pre_init                
0000337d  abort                           
ffffffff  binit                           
202002b4  compareValue                    
202002b8  delay_count                     
00001745  floor                           
00001745  floorl                          
20200000  gPWM_MOTORBackup                
202000bc  gTIMER_MS_UARTBackup            
00000000  interruptVectors                
00001e65  ldexp                           
00001e65  ldexpl                          
0000324d  main                            
00001e65  scalbn                          
00001e65  scalbnl                         
00000705  sin                             
00000705  sinl                            


GLOBAL SYMBOLS: SORTED BY Symbol Address 

address   name                            
-------   ----                            
00000000  __TI_ATRegion0_region_sz        
00000000  __TI_ATRegion0_src_addr         
00000000  __TI_ATRegion0_trg_addr         
00000000  __TI_ATRegion1_region_sz        
00000000  __TI_ATRegion1_src_addr         
00000000  __TI_ATRegion1_trg_addr         
00000000  __TI_ATRegion2_region_sz        
00000000  __TI_ATRegion2_src_addr         
00000000  __TI_ATRegion2_trg_addr         
00000000  __TI_static_base__              
00000000  interruptVectors                
000000c1  __kernel_rem_pio2               
00000200  __STACK_SIZE                    
00000705  sin                             
00000705  sinl                            
00000b5d  Set_Speed                       
00000f99  SYSCFG_DL_GPIO_init             
000011b5  __aeabi_dsub                    
000011b5  __subdf3                        
000011bf  __adddf3                        
000011bf  __aeabi_dadd                    
00001347  __aeabi_idiv0                   
00001349  __kernel_sin                    
000014b1  __kernel_cos                    
00001601  GROUP1_IRQHandler               
00001745  floor                           
00001745  floorl                          
00001889  Uart_Run_TuoLuoYi               
000019ad  __aeabi_ddiv                    
000019ad  __divdf3                        
00001ab9  DL_Timer_initFourCCPWMMode      
00001bbd  DL_Timer_initTimerMode          
00001ca5  __aeabi_dmul                    
00001ca5  __muldf3                        
00001d89  SYSCFG_DL_PWM_MOTOR_init        
00001e65  ldexp                           
00001e65  ldexpl                          
00001e65  scalbn                          
00001e65  scalbnl                         
00001f3d  Uart_Run_XunJi                  
00001ffd  SYSCFG_DL_initPower             
000020ad  TASK_INIT                       
00002151  __aeabi_fmul                    
00002151  __mulsf3                        
00002261  __aeabi_fdiv                    
00002261  __divsf3                        
000022e5  __TI_decompress_lzss            
00002361  __gedf2                         
00002361  __gtdf2                         
000023d5  TIMA1_IRQHandler                
000023e1  __aeabi_d2f                     
000023e1  __truncdfsf2                    
00002455  __cmpdf2                        
00002455  __eqdf2                         
00002455  __ledf2                         
00002455  __ltdf2                         
00002455  __nedf2                         
000024bd  SYSCFG_DL_I2C_OLED_init         
00002521  __aeabi_dcmpeq                  
00002535  __aeabi_dcmplt                  
00002549  __aeabi_dcmple                  
0000255d  __aeabi_dcmpge                  
00002571  __aeabi_dcmpgt                  
00002585  __aeabi_idiv                    
00002585  __aeabi_idivmod                 
00002629  __aeabi_d2iz                    
00002629  __fixdfsi                       
00002675  DL_UART_init                    
000026bd  SYSCFG_DL_UART_0_init           
00002705  SYSCFG_DL_UART_OPENMV_init      
0000274d  SYSCFG_DL_UART_TuoLuoYi_init    
00002795  __aeabi_d2uiz                   
00002795  __fixunsdfsi                    
000027d9  SYSCFG_DL_TIMER_MS_SYS_init     
00002819  SYSCFG_DL_TIMER_MS_UART_init    
00002859  SYSCFG_DL_init                  
00002899  __aeabi_f2d                     
00002899  __extendsfdf2                   
00002951  Go_stright                      
0000298d  __aeabi_i2f                     
0000298d  __floatsisf                     
000029c9  __TI_auto_init_nobinit_nopinit  
00002a05  __muldsi3                       
00002a41  Control_Beep                    
00002aa9  SYSCFG_DL_SYSCTL_init           
00002add  Control_LED                     
00002b95  __aeabi_i2d                     
00002b95  __floatsidf                     
00002c39  _c_int00_noargs                 
00002c87  DL_I2C_setClockConfig           
00002cad  Motor_On                        
00002cd1  PID_Init                        
00002e69  DL_Timer_setCaptCompUpdateMethod
00002e85  DL_Timer_setClockConfig         
00002ebd  TIMG0_IRQHandler                
000030a1  DL_Timer_setCaptureCompareOutCtl
00003145  NVIC_INIT                       
00003181  __TI_zero_init_nomemset         
0000324d  main                            
00003261  DL_UART_setClockConfig          
00003273  TI_memcpy_small                 
00003285  __TI_decompress_none            
000032a9  DL_Timer_setCaptureCompareValue 
000032c9  TASK_LOOP                       
000032d9  UART0_IRQHandler                
000032e9  UART1_IRQHandler                
00003327  DL_Common_delayCycles           
0000333d  __aeabi_errno_addr              
00003345  __aeabi_memcpy                  
00003345  __aeabi_memcpy4                 
00003345  __aeabi_memcpy8                 
0000337d  abort                           
00003383  ADC0_IRQHandler                 
00003383  ADC1_IRQHandler                 
00003383  AES_IRQHandler                  
00003383  CANFD0_IRQHandler               
00003383  DAC0_IRQHandler                 
00003383  DMA_IRQHandler                  
00003383  Default_Handler                 
00003383  GROUP0_IRQHandler               
00003383  HardFault_Handler               
00003383  I2C0_IRQHandler                 
00003383  I2C1_IRQHandler                 
00003383  NMI_Handler                     
00003383  PendSV_Handler                  
00003383  RTC_IRQHandler                  
00003383  SPI0_IRQHandler                 
00003383  SPI1_IRQHandler                 
00003383  SVC_Handler                     
00003383  SysTick_Handler                 
00003383  TIMA0_IRQHandler                
00003383  TIMG12_IRQHandler               
00003383  TIMG6_IRQHandler                
00003383  TIMG7_IRQHandler                
00003383  TIMG8_IRQHandler                
00003383  UART2_IRQHandler                
00003383  UART3_IRQHandler                
00003386  C$$EXIT                         
00003387  HOSTexit                        
00003393  Reset_Handler                   
00003397  _system_pre_init                
0000356c  __TI_Handler_Table_Base         
00003578  __TI_Handler_Table_Limit        
00003580  __TI_CINIT_Base                 
00003590  __TI_CINIT_Limit                
00003590  __TI_CINIT_Warm                 
20200000  __start___llvm_prf_bits         
20200000  __start___llvm_prf_cnts         
20200000  __stop___llvm_prf_bits          
20200000  __stop___llvm_prf_cnts          
20200000  gPWM_MOTORBackup                
202000bc  gTIMER_MS_UARTBackup            
20200178  PID_BL                          
202001ac  PID_BR                          
202001e0  PID_FL                          
20200214  PID_FR                          
20200248  USART_RXBUF_XunJi               
20200271  USART_RXBUF_TuoLuoYi            
20200288  QYaw                            
2020028c  QYaw1                           
20200290  Xunji                           
2020029c  Back_Left_Count                 
202002a0  Back_Right_Count                
202002a4  Front_Left_Count                
202002a8  Front_Right_Count               
202002ac  Start_Count                     
202002b0  __aeabi_errno                   
202002b4  compareValue                    
202002b8  delay_count                     
20203e00  __stack                         
20204000  __STACK_END                     
ffffffff  __TI_pprof_out_hndl             
ffffffff  __TI_prof_data_size             
ffffffff  __TI_prof_data_start            
ffffffff  __binit__                       
ffffffff  binit                           
UNDEFED   __mpu_init                      
UNDEFED   _system_post_cinit              

[178 symbols]
