******************************************************************************
            TI ARM Clang Linker PC v4.0.2                      
******************************************************************************
>> Linked Sun May 11 19:09:41 2025

OUTPUT FILE NAME:   <Car_LP_MSPM0G3507_nortos_ticlang.out>
ENTRY POINT SYMBOL: "_c_int00_noargs"  address: 0000173d


MEMORY CONFIGURATION

         name            origin    length      used     unused   attr    fill
----------------------  --------  ---------  --------  --------  ----  --------
  FLASH                 00000000   00008000  00001e10  000061f0  R  X
  SRAM                  20200000   00004000  00000436  00003bca  RW X
  BCR_CONFIG            41c00000   000000ff  00000000  000000ff  R   
  BSL_CONFIG            41c00100   00000080  00000000  00000080  R   


SEGMENT ALLOCATION MAP

run origin  load origin   length   init length attrs members
----------  ----------- ---------- ----------- ----- -------
00000000    00000000    00001e10   00001e10    r-x
  00000000    00000000    000000c0   000000c0    r-- .intvecs
  000000c0    000000c0    00001ca8   00001ca8    r-x .text
  00001d68    00001d68    00000070   00000070    r-- .rodata
  00001dd8    00001dd8    00000038   00000038    r-- .cinit
20200000    20200000    00000236   00000000    rw-
  20200000    20200000    00000218   00000000    rw- .bss
  20200218    20200218    0000001e   00000000    rw- .data
20203e00    20203e00    00000200   00000000    rw-
  20203e00    20203e00    00000200   00000000    rw- .stack


SECTION ALLOCATION MAP

 output                                  attributes/
section   page    origin      length       input sections
--------  ----  ----------  ----------   ----------------
.intvecs   0    00000000    000000c0     
                  00000000    000000c0     startup_mspm0g350x_ticlang.o (.intvecs)

.text      0    000000c0    00001ca8     
                  000000c0    00000288     motor.o (.text.Set_Speed)
                  00000348    000001fc     ti_msp_dl_config.o (.text.SYSCFG_DL_GPIO_init)
                  00000544    00000192     libclang_rt.builtins.a : adddf3.S.obj (.text.adddf3_subdf3)
                  000006d6    00000002     --HOLE-- [fill = 0]
                  000006d8    0000012c     motor_QEI.o (.text.GROUP1_IRQHandler)
                  00000804    0000010c     libclang_rt.builtins.a : divdf3.S.obj (.text.__divdf3)
                  00000910    00000104     driverlib.a : dl_timer.o (.text.DL_Timer_initFourCCPWMMode)
                  00000a14    000000f8     motor.o (.text.Motor_Ctrl)
                  00000b0c    000000e8     driverlib.a : dl_timer.o (.text.DL_Timer_initTimerMode)
                  00000bf4    000000e4     libclang_rt.builtins.a : muldf3.S.obj (.text.__muldf3)
                  00000cd8    000000dc     ti_msp_dl_config.o (.text.SYSCFG_DL_PWM_MOTOR_init)
                  00000db4    000000d8     libclang_rt.builtins.a : addsf3.S.obj (.text)
                  00000e8c    000000b0     ti_msp_dl_config.o (.text.SYSCFG_DL_initPower)
                  00000f3c    0000008c     libclang_rt.builtins.a : mulsf3.S.obj (.text.__mulsf3)
                  00000fc8    00000088     UART.o (.text.UART1_IRQHandler)
                  00001050    0000007c     libc.a : copy_decompress_lzss.c.obj (.text:decompress:lzss)
                  000010cc    00000078     motor.o (.text.Motor_Off)
                  00001144    00000078     task.o (.text.TASK_INIT)
                  000011bc    00000064     ti_msp_dl_config.o (.text.SYSCFG_DL_I2C_6050_init)
                  00001220    0000004c     ti_msp_dl_config.o (.text.DL_UART_setBaudRateDivisor)
                  0000126c    0000004c     ti_msp_dl_config.o (.text.SYSCFG_DL_init)
                  000012b8    00000048     driverlib.a : dl_uart.o (.text.DL_UART_init)
                  00001300    00000048     ti_msp_dl_config.o (.text.SYSCFG_DL_UART_OPENMV_init)
                  00001348    00000042     libclang_rt.builtins.a : fixunsdfsi.S.obj (.text.__fixunsdfsi)
                  0000138a    00000002     --HOLE-- [fill = 0]
                  0000138c    00000040     ti_msp_dl_config.o (.text.SYSCFG_DL_UART_PC_init)
                  000013cc    0000003c     ti_msp_dl_config.o (.text.DL_GPIO_initPeripheralInputFunctionFeatures)
                  00001408    0000003c     ti_msp_dl_config.o (.text.DL_Timer_setCounterControl)
                  00001444    0000003c     libclang_rt.builtins.a : floatsisf.S.obj (.text.__floatsisf)
                  00001480    0000003c     libc.a : autoinit.c.obj (.text:__TI_auto_init_nobinit_nopinit)
                  000014bc    0000003a     libclang_rt.builtins.a : muldsi3.S.obj (.text.__muldsi3)
                  000014f6    00000002     --HOLE-- [fill = 0]
                  000014f8    00000038                            : fixsfsi.S.obj (.text.__fixsfsi)
                  00001530    00000034     ti_msp_dl_config.o (.text.DL_GPIO_initDigitalInputFeatures)
                  00001564    0000002c     ti_msp_dl_config.o (.text.SYSCFG_DL_TIMER_0_init)
                  00001590    0000002c     ti_msp_dl_config.o (.text.SYSCFG_DL_TIMER_1_init)
                  000015bc    0000002c     ti_msp_dl_config.o (.text.SYSCFG_DL_TIMER_2_init)
                  000015e8    0000002c     UART.o (.text.__NVIC_ClearPendingIRQ)
                  00001614    0000002c     UART.o (.text.__NVIC_EnableIRQ)
                  00001640    0000002c     motor_QEI.o (.text.__NVIC_EnableIRQ)
                  0000166c    0000002c     libclang_rt.builtins.a : floatsidf.S.obj (.text.__floatsidf)
                  00001698    0000002a     ti_msp_dl_config.o (.text.SYSCFG_DL_SYSCTL_init)
                  000016c2    00000028     ti_msp_dl_config.o (.text.DL_Common_updateReg)
                  000016ea    00000002     --HOLE-- [fill = 0]
                  000016ec    00000028     ti_msp_dl_config.o (.text.DL_I2C_setControllerRXFIFOThreshold)
                  00001714    00000028     ti_msp_dl_config.o (.text.DL_I2C_setControllerTXFIFOThreshold)
                  0000173c    00000028     libc.a : boot_cortex_m.c.obj (.text:_c_int00_noargs)
                  00001764    00000026     ti_msp_dl_config.o (.text.DL_I2C_setAnalogGlitchFilterPulseWidth)
                  0000178a    00000026     driverlib.a : dl_i2c.o (.text.DL_I2C_setClockConfig)
                  000017b0    00000024     motor.o (.text.Motor_On)
                  000017d4    00000024     UART.o (.text.UART_INIT)
                  000017f8    00000020     ti_msp_dl_config.o (.text.DL_GPIO_initPeripheralInputFunction)
                  00001818    00000020     driverlib.a : dl_uart.o (.text.DL_UART_transmitDataBlocking)
                  00001838    0000001e     ti_msp_dl_config.o (.text.DL_UART_setOversampling)
                  00001856    00000002     --HOLE-- [fill = 0]
                  00001858    0000001c     motor_QEI.o (.text.DL_GPIO_clearInterruptStatus)
                  00001874    0000001c     ti_msp_dl_config.o (.text.DL_GPIO_clearInterruptStatus)
                  00001890    0000001c     ti_msp_dl_config.o (.text.DL_GPIO_enableHiZ)
                  000018ac    0000001c     ti_msp_dl_config.o (.text.DL_GPIO_enableInterrupt)
                  000018c8    0000001c     ti_msp_dl_config.o (.text.DL_GPIO_initPeripheralOutputFunction)
                  000018e4    0000001c     ti_msp_dl_config.o (.text.DL_GPIO_setLowerPinsPolarity)
                  00001900    0000001c     ti_msp_dl_config.o (.text.DL_I2C_enableInterrupt)
                  0000191c    0000001c     ti_msp_dl_config.o (.text.DL_SYSCTL_setMCLKDivider)
                  00001938    0000001c     ti_msp_dl_config.o (.text.DL_SYSCTL_setSYSOSCFreq)
                  00001954    0000001c     ti_msp_dl_config.o (.text.DL_SYSCTL_setULPCLKDivider)
                  00001970    0000001c     driverlib.a : dl_timer.o (.text.DL_Timer_setCaptCompUpdateMethod)
                  0000198c    0000001c                 : dl_timer.o (.text.DL_Timer_setClockConfig)
                  000019a8    0000001c     ti_msp_dl_config.o (.text.DL_UART_enableInterrupt)
                  000019c4    00000018     ti_msp_dl_config.o (.text.DL_GPIO_enableOutput)
                  000019dc    00000018     ti_msp_dl_config.o (.text.DL_GPIO_enablePower)
                  000019f4    00000018     motor_QEI.o (.text.DL_GPIO_getEnabledInterruptStatus)
                  00001a0c    00000018     ti_msp_dl_config.o (.text.DL_GPIO_initDigitalOutput)
                  00001a24    00000018     ti_msp_dl_config.o (.text.DL_GPIO_reset)
                  00001a3c    00000018     motor.o (.text.DL_GPIO_setPins)
                  00001a54    00000018     ti_msp_dl_config.o (.text.DL_GPIO_setPins)
                  00001a6c    00000018     ti_msp_dl_config.o (.text.DL_GPIO_setUpperPinsPolarity)
                  00001a84    00000018     ti_msp_dl_config.o (.text.DL_I2C_enableAnalogGlitchFilter)
                  00001a9c    00000018     ti_msp_dl_config.o (.text.DL_I2C_enableController)
                  00001ab4    00000018     ti_msp_dl_config.o (.text.DL_I2C_enableControllerClockStretching)
                  00001acc    00000018     ti_msp_dl_config.o (.text.DL_I2C_enablePower)
                  00001ae4    00000018     ti_msp_dl_config.o (.text.DL_I2C_reset)
                  00001afc    00000018     ti_msp_dl_config.o (.text.DL_I2C_setTimerPeriod)
                  00001b14    00000018     ti_msp_dl_config.o (.text.DL_SYSCTL_setBORThreshold)
                  00001b2c    00000018     ti_msp_dl_config.o (.text.DL_Timer_enablePower)
                  00001b44    00000018     ti_msp_dl_config.o (.text.DL_Timer_reset)
                  00001b5c    00000018     driverlib.a : dl_timer.o (.text.DL_Timer_setCaptureCompareOutCtl)
                  00001b74    00000018     ti_msp_dl_config.o (.text.DL_UART_enablePower)
                  00001b8c    00000018     ti_msp_dl_config.o (.text.DL_UART_reset)
                  00001ba4    00000016     motor_QEI.o (.text.DL_GPIO_readPins)
                  00001bba    00000016     task.o (.text.DL_GPIO_readPins)
                  00001bd0    00000016     ti_msp_dl_config.o (.text.DL_UART_enable)
                  00001be6    00000016     motor_QEI.o (.text.QEI_INIT)
                  00001bfc    00000016     libc.a : copy_zero_init.c.obj (.text:decompress:ZI:__TI_zero_init_nomemset)
                  00001c12    00000014     UART.o (.text.DL_GPIO_clearPins)
                  00001c26    00000014     motor.o (.text.DL_GPIO_clearPins)
                  00001c3a    00000014     ti_msp_dl_config.o (.text.DL_GPIO_clearPins)
                  00001c4e    00000002     --HOLE-- [fill = 0]
                  00001c50    00000014     ti_msp_dl_config.o (.text.DL_I2C_resetControllerTransfer)
                  00001c64    00000014     ti_msp_dl_config.o (.text.DL_SYSCTL_disableSYSPLL)
                  00001c78    00000014     ti_msp_dl_config.o (.text.DL_Timer_enableClock)
                  00001c8c    00000014     ti_msp_dl_config.o (.text.DL_Timer_setCCPDirection)
                  00001ca0    00000014     UART.o (.text.DL_UART_receiveData)
                  00001cb4    00000014     empty.o (.text.main)
                  00001cc8    00000012     UART.o (.text.DL_UART_getPendingInterrupt)
                  00001cda    00000012     driverlib.a : dl_uart.o (.text.DL_UART_setClockConfig)
                  00001cec    00000012     libc.a : memcpy16.S.obj (.text:TI_memcpy_small)
                  00001cfe    00000012            : copy_decompress_none.c.obj (.text:decompress:none)
                  00001d10    00000010     ti_msp_dl_config.o (.text.DL_SYSCTL_disableHFXT)
                  00001d20    00000010     driverlib.a : dl_timer.o (.text.DL_Timer_setCaptureCompareValue)
                  00001d30    0000000a                 : dl_common.o (.text.DL_Common_delayCycles)
                  00001d3a    00000008     task.o (.text.TASK_LOOP)
                  00001d42    00000002     --HOLE-- [fill = 0]
                  00001d44    00000008     libclang_rt.builtins.a : aeabi_memcpy.S.obj (.text.__aeabi_memcpy)
                  00001d4c    00000006     libc.a : exit.c.obj (.text:abort)
                  00001d52    00000004     startup_mspm0g350x_ticlang.o (.text.Default_Handler)
                  00001d56    00000004     libsysbm.a : hostexit.c.obj (.text.HOSTexit)
                  00001d5a    00000004     startup_mspm0g350x_ticlang.o (.text.Reset_Handler)
                  00001d5e    00000004     libc.a : pre_init.c.obj (.text._system_pre_init)
                  00001d62    00000006     --HOLE-- [fill = 0]

.cinit     0    00001dd8    00000038     
                  00001dd8    00000011     (.cinit..data.load) [load image, compression = lzss]
                  00001de9    00000003     --HOLE-- [fill = 0]
                  00001dec    0000000c     (__TI_handler_table)
                  00001df8    00000008     (.cinit..bss.load) [load image, compression = zero_init]
                  00001e00    00000010     (__TI_cinit_table)

.rodata    0    00001d68    00000070     
                  00001d68    00000014     ti_msp_dl_config.o (.rodata.gTIMER_0TimerConfig)
                  00001d7c    00000014     ti_msp_dl_config.o (.rodata.gTIMER_1TimerConfig)
                  00001d90    00000014     ti_msp_dl_config.o (.rodata.gTIMER_2TimerConfig)
                  00001da4    0000000a     ti_msp_dl_config.o (.rodata.gUART_OPENMVConfig)
                  00001dae    0000000a     ti_msp_dl_config.o (.rodata.gUART_PCConfig)
                  00001db8    00000008     ti_msp_dl_config.o (.rodata.gPWM_MOTORConfig)
                  00001dc0    00000003     ti_msp_dl_config.o (.rodata.gPWM_MOTORClockConfig)
                  00001dc3    00000003     ti_msp_dl_config.o (.rodata.gTIMER_0ClockConfig)
                  00001dc6    00000003     ti_msp_dl_config.o (.rodata.gTIMER_1ClockConfig)
                  00001dc9    00000003     ti_msp_dl_config.o (.rodata.gTIMER_2ClockConfig)
                  00001dcc    00000002     ti_msp_dl_config.o (.rodata.gI2C_6050ClockConfig)
                  00001dce    00000002     ti_msp_dl_config.o (.rodata.gUART_OPENMVClockConfig)
                  00001dd0    00000002     ti_msp_dl_config.o (.rodata.gUART_PCClockConfig)
                  00001dd2    00000006     --HOLE-- [fill = 0]

.init_array 
*          0    00000000    00000000     UNINITIALIZED

.binit     0    00000000    00000000     

.bss       0    20200000    00000218     UNINITIALIZED
                  20200000    000000bc     (.common:gPWM_MOTORBackup)
                  202000bc    000000bc     (.common:gTIMER_2Backup)
                  20200178    000000a0     (.common:gTIMER_0Backup)

.data      0    20200218    0000001e     UNINITIALIZED
                  20200218    00000004     motor_QEI.o (.data.Back_Left_Count)
                  2020021c    00000004     motor_QEI.o (.data.Back_Right_Count)
                  20200220    00000004     motor_QEI.o (.data.Front_Left_Count)
                  20200224    00000004     motor_QEI.o (.data.Front_Right_Count)
                  20200228    00000004     motor.o (.data.Kp)
                  2020022c    00000002     motor.o (.data.SpeedL)
                  2020022e    00000002     motor.o (.data.SpeedR)
                  20200230    00000002     motor.o (.data.baseSpeed)
                  20200232    00000002     motor.o (.data.cx)
                  20200234    00000002     motor.o (.data.rxbuf)

.stack     0    20203e00    00000200     UNINITIALIZED
                  20203e00    00000004     libc.a : boot_cortex_m.c.obj (.stack)
                  20203e04    000001fc     --HOLE--

__llvm_prf_cnts 
*          0    20200000    00000000     UNINITIALIZED

__llvm_prf_bits 
*          0    20200000    00000000     UNINITIALIZED

MODULE SUMMARY

       Module                         code   ro data   rw data
       ------                         ----   -------   -------
    .\
       ti_msp_dl_config.o             2684   106       536    
       startup_mspm0g350x_ticlang.o   8      192       0      
       empty.o                        20     0         0      
    +--+------------------------------+------+---------+---------+
       Total:                         2712   298       536    
                                                              
    .\Driver\
       motor.o                        1096   0         14     
       motor_QEI.o                    440    0         16     
       UART.o                         318    0         0      
       task.o                         150    0         0      
    +--+------------------------------+------+---------+---------+
       Total:                         2004   0         30     
                                                              
    D:/APP/TI/mspm0_sdk_2_04_00_06/source/ti/driverlib/lib/ticlang/m0p/mspm0g1x0x_g3x0x/driverlib.a
       dl_timer.o                     588    0         0      
       dl_uart.o                      122    0         0      
       dl_i2c.o                       38     0         0      
       dl_common.o                    10     0         0      
    +--+------------------------------+------+---------+---------+
       Total:                         758    0         0      
                                                              
    D:\APP\TI\ccs\tools\compiler\ti-cgt-armllvm_4.0.2.LTS\lib\armv6m-ti-none-eabi/c/libc.a
       copy_decompress_lzss.c.obj     124    0         0      
       autoinit.c.obj                 60     0         0      
       boot_cortex_m.c.obj            40     0         0      
       copy_zero_init.c.obj           22     0         0      
       copy_decompress_none.c.obj     18     0         0      
       memcpy16.S.obj                 18     0         0      
       exit.c.obj                     6      0         0      
       pre_init.c.obj                 4      0         0      
    +--+------------------------------+------+---------+---------+
       Total:                         292    0         0      
                                                              
    D:\APP\TI\ccs\tools\compiler\ti-cgt-armllvm_4.0.2.LTS\lib\armv6m-ti-none-eabi/c/libsysbm.a
       hostexit.c.obj                 4      0         0      
    +--+------------------------------+------+---------+---------+
       Total:                         4      0         0      
                                                              
    D:\APP\TI\ccs\tools\compiler\ti-cgt-armllvm_4.0.2.LTS\lib\armv6m-ti-none-eabi/libclang_rt.builtins.a
       adddf3.S.obj                   402    0         0      
       divdf3.S.obj                   268    0         0      
       muldf3.S.obj                   228    0         0      
       addsf3.S.obj                   216    0         0      
       mulsf3.S.obj                   140    0         0      
       fixunsdfsi.S.obj               66     0         0      
       floatsisf.S.obj                60     0         0      
       muldsi3.S.obj                  58     0         0      
       fixsfsi.S.obj                  56     0         0      
       floatsidf.S.obj                44     0         0      
       aeabi_memcpy.S.obj             8      0         0      
    +--+------------------------------+------+---------+---------+
       Total:                         1546   0         0      
                                                              
       Stack:                         0      0         512    
       Linker Generated:              0      53        0      
    +--+------------------------------+------+---------+---------+
       Grand Total:                   7316   351       1078   


LINKER GENERATED COPY TABLES

__TI_cinit_table @ 00001e00 records: 2, size/record: 8, table size: 16
	.data: load addr=00001dd8, load size=00000011 bytes, run addr=20200218, run size=0000001e bytes, compression=lzss
	.bss: load addr=00001df8, load size=00000008 bytes, run addr=20200000, run size=00000218 bytes, compression=zero_init


LINKER GENERATED HANDLER TABLE

__TI_handler_table @ 00001dec records: 3, size/record: 4, table size: 12
	index: 0, handler: __TI_decompress_lzss
	index: 1, handler: __TI_decompress_none
	index: 2, handler: __TI_zero_init


GLOBAL SYMBOLS: SORTED ALPHABETICALLY BY Name 

address   name                            
-------   ----                            
00001d53  ADC0_IRQHandler                 
00001d53  ADC1_IRQHandler                 
00001d53  AES_IRQHandler                  
20200218  Back_Left_Count                 
2020021c  Back_Right_Count                
00001d56  C$$EXIT                         
00001d53  CANFD0_IRQHandler               
00001d53  DAC0_IRQHandler                 
00001d31  DL_Common_delayCycles           
0000178b  DL_I2C_setClockConfig           
00000911  DL_Timer_initFourCCPWMMode      
00000b0d  DL_Timer_initTimerMode          
00001971  DL_Timer_setCaptCompUpdateMethod
00001b5d  DL_Timer_setCaptureCompareOutCtl
00001d21  DL_Timer_setCaptureCompareValue 
0000198d  DL_Timer_setClockConfig         
000012b9  DL_UART_init                    
00001cdb  DL_UART_setClockConfig          
00001819  DL_UART_transmitDataBlocking    
00001d53  DMA_IRQHandler                  
00001d53  Default_Handler                 
20200220  Front_Left_Count                
20200224  Front_Right_Count               
00001d53  GROUP0_IRQHandler               
000006d9  GROUP1_IRQHandler               
00001d57  HOSTexit                        
00001d53  HardFault_Handler               
00001d53  I2C0_IRQHandler                 
00001d53  I2C1_IRQHandler                 
20200228  Kp                              
00000a15  Motor_Ctrl                      
000010cd  Motor_Off                       
000017b1  Motor_On                        
00001d53  NMI_Handler                     
00001d53  PendSV_Handler                  
00001be7  QEI_INIT                        
00001d53  RTC_IRQHandler                  
00001d5b  Reset_Handler                   
00001d53  SPI0_IRQHandler                 
00001d53  SPI1_IRQHandler                 
00001d53  SVC_Handler                     
00000349  SYSCFG_DL_GPIO_init             
000011bd  SYSCFG_DL_I2C_6050_init         
00000cd9  SYSCFG_DL_PWM_MOTOR_init        
00001699  SYSCFG_DL_SYSCTL_init           
00001565  SYSCFG_DL_TIMER_0_init          
00001591  SYSCFG_DL_TIMER_1_init          
000015bd  SYSCFG_DL_TIMER_2_init          
00001301  SYSCFG_DL_UART_OPENMV_init      
0000138d  SYSCFG_DL_UART_PC_init          
0000126d  SYSCFG_DL_init                  
00000e8d  SYSCFG_DL_initPower             
000000c1  Set_Speed                       
2020022c  SpeedL                          
2020022e  SpeedR                          
00001d53  SysTick_Handler                 
00001145  TASK_INIT                       
00001d3b  TASK_LOOP                       
00001d53  TIMA0_IRQHandler                
00001d53  TIMA1_IRQHandler                
00001d53  TIMG0_IRQHandler                
00001d53  TIMG12_IRQHandler               
00001d53  TIMG6_IRQHandler                
00001d53  TIMG7_IRQHandler                
00001d53  TIMG8_IRQHandler                
00001ced  TI_memcpy_small                 
00001d53  UART0_IRQHandler                
00000fc9  UART1_IRQHandler                
00001d53  UART2_IRQHandler                
00001d53  UART3_IRQHandler                
000017d5  UART_INIT                       
20204000  __STACK_END                     
00000200  __STACK_SIZE                    
00000000  __TI_ATRegion0_region_sz        
00000000  __TI_ATRegion0_src_addr         
00000000  __TI_ATRegion0_trg_addr         
00000000  __TI_ATRegion1_region_sz        
00000000  __TI_ATRegion1_src_addr         
00000000  __TI_ATRegion1_trg_addr         
00000000  __TI_ATRegion2_region_sz        
00000000  __TI_ATRegion2_src_addr         
00000000  __TI_ATRegion2_trg_addr         
00001e00  __TI_CINIT_Base                 
00001e10  __TI_CINIT_Limit                
00001e10  __TI_CINIT_Warm                 
00001dec  __TI_Handler_Table_Base         
00001df8  __TI_Handler_Table_Limit        
00001481  __TI_auto_init_nobinit_nopinit  
00001051  __TI_decompress_lzss            
00001cff  __TI_decompress_none            
ffffffff  __TI_pprof_out_hndl             
ffffffff  __TI_prof_data_size             
ffffffff  __TI_prof_data_start            
00000000  __TI_static_base__              
00001bfd  __TI_zero_init_nomemset         
0000054f  __adddf3                        
00000dbf  __addsf3                        
00001349  __aeabi_d2uiz                   
0000054f  __aeabi_dadd                    
00000805  __aeabi_ddiv                    
00000bf5  __aeabi_dmul                    
00000545  __aeabi_dsub                    
000014f9  __aeabi_f2iz                    
00000dbf  __aeabi_fadd                    
00000f3d  __aeabi_fmul                    
00000db5  __aeabi_fsub                    
0000166d  __aeabi_i2d                     
00001445  __aeabi_i2f                     
00001d45  __aeabi_memcpy                  
00001d45  __aeabi_memcpy4                 
00001d45  __aeabi_memcpy8                 
ffffffff  __binit__                       
00000805  __divdf3                        
000014f9  __fixsfsi                       
00001349  __fixunsdfsi                    
0000166d  __floatsidf                     
00001445  __floatsisf                     
UNDEFED   __mpu_init                      
00000bf5  __muldf3                        
000014bd  __muldsi3                       
00000f3d  __mulsf3                        
20203e00  __stack                         
20200000  __start___llvm_prf_bits         
20200000  __start___llvm_prf_cnts         
20200000  __stop___llvm_prf_bits          
20200000  __stop___llvm_prf_cnts          
00000545  __subdf3                        
00000db5  __subsf3                        
0000173d  _c_int00_noargs                 
UNDEFED   _system_post_cinit              
00001d5f  _system_pre_init                
00001d4d  abort                           
20200230  baseSpeed                       
ffffffff  binit                           
20200232  cx                              
20200000  gPWM_MOTORBackup                
20200178  gTIMER_0Backup                  
202000bc  gTIMER_2Backup                  
00000000  interruptVectors                
00001cb5  main                            
20200234  rxbuf                           


GLOBAL SYMBOLS: SORTED BY Symbol Address 

address   name                            
-------   ----                            
00000000  __TI_ATRegion0_region_sz        
00000000  __TI_ATRegion0_src_addr         
00000000  __TI_ATRegion0_trg_addr         
00000000  __TI_ATRegion1_region_sz        
00000000  __TI_ATRegion1_src_addr         
00000000  __TI_ATRegion1_trg_addr         
00000000  __TI_ATRegion2_region_sz        
00000000  __TI_ATRegion2_src_addr         
00000000  __TI_ATRegion2_trg_addr         
00000000  __TI_static_base__              
00000000  interruptVectors                
000000c1  Set_Speed                       
00000200  __STACK_SIZE                    
00000349  SYSCFG_DL_GPIO_init             
00000545  __aeabi_dsub                    
00000545  __subdf3                        
0000054f  __adddf3                        
0000054f  __aeabi_dadd                    
000006d9  GROUP1_IRQHandler               
00000805  __aeabi_ddiv                    
00000805  __divdf3                        
00000911  DL_Timer_initFourCCPWMMode      
00000a15  Motor_Ctrl                      
00000b0d  DL_Timer_initTimerMode          
00000bf5  __aeabi_dmul                    
00000bf5  __muldf3                        
00000cd9  SYSCFG_DL_PWM_MOTOR_init        
00000db5  __aeabi_fsub                    
00000db5  __subsf3                        
00000dbf  __addsf3                        
00000dbf  __aeabi_fadd                    
00000e8d  SYSCFG_DL_initPower             
00000f3d  __aeabi_fmul                    
00000f3d  __mulsf3                        
00000fc9  UART1_IRQHandler                
00001051  __TI_decompress_lzss            
000010cd  Motor_Off                       
00001145  TASK_INIT                       
000011bd  SYSCFG_DL_I2C_6050_init         
0000126d  SYSCFG_DL_init                  
000012b9  DL_UART_init                    
00001301  SYSCFG_DL_UART_OPENMV_init      
00001349  __aeabi_d2uiz                   
00001349  __fixunsdfsi                    
0000138d  SYSCFG_DL_UART_PC_init          
00001445  __aeabi_i2f                     
00001445  __floatsisf                     
00001481  __TI_auto_init_nobinit_nopinit  
000014bd  __muldsi3                       
000014f9  __aeabi_f2iz                    
000014f9  __fixsfsi                       
00001565  SYSCFG_DL_TIMER_0_init          
00001591  SYSCFG_DL_TIMER_1_init          
000015bd  SYSCFG_DL_TIMER_2_init          
0000166d  __aeabi_i2d                     
0000166d  __floatsidf                     
00001699  SYSCFG_DL_SYSCTL_init           
0000173d  _c_int00_noargs                 
0000178b  DL_I2C_setClockConfig           
000017b1  Motor_On                        
000017d5  UART_INIT                       
00001819  DL_UART_transmitDataBlocking    
00001971  DL_Timer_setCaptCompUpdateMethod
0000198d  DL_Timer_setClockConfig         
00001b5d  DL_Timer_setCaptureCompareOutCtl
00001be7  QEI_INIT                        
00001bfd  __TI_zero_init_nomemset         
00001cb5  main                            
00001cdb  DL_UART_setClockConfig          
00001ced  TI_memcpy_small                 
00001cff  __TI_decompress_none            
00001d21  DL_Timer_setCaptureCompareValue 
00001d31  DL_Common_delayCycles           
00001d3b  TASK_LOOP                       
00001d45  __aeabi_memcpy                  
00001d45  __aeabi_memcpy4                 
00001d45  __aeabi_memcpy8                 
00001d4d  abort                           
00001d53  ADC0_IRQHandler                 
00001d53  ADC1_IRQHandler                 
00001d53  AES_IRQHandler                  
00001d53  CANFD0_IRQHandler               
00001d53  DAC0_IRQHandler                 
00001d53  DMA_IRQHandler                  
00001d53  Default_Handler                 
00001d53  GROUP0_IRQHandler               
00001d53  HardFault_Handler               
00001d53  I2C0_IRQHandler                 
00001d53  I2C1_IRQHandler                 
00001d53  NMI_Handler                     
00001d53  PendSV_Handler                  
00001d53  RTC_IRQHandler                  
00001d53  SPI0_IRQHandler                 
00001d53  SPI1_IRQHandler                 
00001d53  SVC_Handler                     
00001d53  SysTick_Handler                 
00001d53  TIMA0_IRQHandler                
00001d53  TIMA1_IRQHandler                
00001d53  TIMG0_IRQHandler                
00001d53  TIMG12_IRQHandler               
00001d53  TIMG6_IRQHandler                
00001d53  TIMG7_IRQHandler                
00001d53  TIMG8_IRQHandler                
00001d53  UART0_IRQHandler                
00001d53  UART2_IRQHandler                
00001d53  UART3_IRQHandler                
00001d56  C$$EXIT                         
00001d57  HOSTexit                        
00001d5b  Reset_Handler                   
00001d5f  _system_pre_init                
00001dec  __TI_Handler_Table_Base         
00001df8  __TI_Handler_Table_Limit        
00001e00  __TI_CINIT_Base                 
00001e10  __TI_CINIT_Limit                
00001e10  __TI_CINIT_Warm                 
20200000  __start___llvm_prf_bits         
20200000  __start___llvm_prf_cnts         
20200000  __stop___llvm_prf_bits          
20200000  __stop___llvm_prf_cnts          
20200000  gPWM_MOTORBackup                
202000bc  gTIMER_2Backup                  
20200178  gTIMER_0Backup                  
20200218  Back_Left_Count                 
2020021c  Back_Right_Count                
20200220  Front_Left_Count                
20200224  Front_Right_Count               
20200228  Kp                              
2020022c  SpeedL                          
2020022e  SpeedR                          
20200230  baseSpeed                       
20200232  cx                              
20200234  rxbuf                           
20203e00  __stack                         
20204000  __STACK_END                     
ffffffff  __TI_pprof_out_hndl             
ffffffff  __TI_prof_data_size             
ffffffff  __TI_prof_data_start            
ffffffff  __binit__                       
ffffffff  binit                           
UNDEFED   __mpu_init                      
UNDEFED   _system_post_cinit              

[141 symbols]
