******************************************************************************
            TI ARM Clang Linker PC v4.0.2                      
******************************************************************************
>> Linked Wed Jul 16 23:44:26 2025

OUTPUT FILE NAME:   <Car_LP_MSPM0G3507_nortos_ticlang.out>
ENTRY POINT SYMBOL: "_c_int00_noargs"  address: 000036fd


MEMORY CONFIGURATION

         name            origin    length      used     unused   attr    fill
----------------------  --------  ---------  --------  --------  ----  --------
  FLASH                 00000000   00008000  00004030  00003fd0  R  X
  SRAM                  20200000   00004000  000005b6  00003a4a  RW X
  BCR_CONFIG            41c00000   000000ff  00000000  000000ff  R   
  BSL_CONFIG            41c00100   00000080  00000000  00000080  R   


SEGMENT ALLOCATION MAP

run origin  load origin   length   init length attrs members
----------  ----------- ---------- ----------- ----- -------
00000000    00000000    00004030   00004030    r-x
  00000000    00000000    000000c0   000000c0    r-- .intvecs
  000000c0    000000c0    00003d80   00003d80    r-x .text
  00003e40    00003e40    00000190   00000190    r-- .rodata
  00003fd0    00003fd0    00000060   00000060    r-- .cinit
20200000    20200000    000003b6   00000000    rw-
  20200000    20200000    00000278   00000000    rw- .bss
  20200278    20200278    0000013e   00000000    rw- .data
20203e00    20203e00    00000200   00000000    rw-
  20203e00    20203e00    00000200   00000000    rw- .stack


SECTION ALLOCATION MAP

 output                                  attributes/
section   page    origin      length       input sections
--------  ----  ----------  ----------   ----------------
.intvecs   0    00000000    000000c0     
                  00000000    000000c0     startup_mspm0g350x_ticlang.o (.intvecs)

.text      0    000000c0    00003d80     
                  000000c0    000009d0     libc.a : _printfi.c.obj (.text:__TI_printfi)
                  00000a90    000003ac     motor.o (.text.Set_Speed)
                  00000e3c    00000220     libc.a : _printfi.c.obj (.text._pconv_a)
                  0000105c    000001dc            : _printfi.c.obj (.text._pconv_g)
                  00001238    000001d8     ti_msp_dl_config.o (.text.SYSCFG_DL_GPIO_init)
                  00001410    00000192     libclang_rt.builtins.a : adddf3.S.obj (.text.adddf3_subdf3)
                  000015a2    00000002     UART.o (.text.UART1_IRQHandler)
                  000015a4    00000144     motor_QEI.o (.text.GROUP1_IRQHandler)
                  000016e8    0000013c     libc.a : _printfi.c.obj (.text.fcvt)
                  00001824    00000128     pid.o (.text.PID_Update_BL)
                  0000194c    00000128     pid.o (.text.PID_Update_BR)
                  00001a74    00000128     pid.o (.text.PID_Update_FL)
                  00001b9c    00000128     pid.o (.text.PID_Update_FR)
                  00001cc4    00000120     libc.a : _printfi.c.obj (.text._pconv_e)
                  00001de4    0000010c     UART.o (.text.Uart_Run_TuoLuoYi)
                  00001ef0    0000010c     libclang_rt.builtins.a : divdf3.S.obj (.text.__divdf3)
                  00001ffc    00000104     driverlib.a : dl_timer.o (.text.DL_Timer_initFourCCPWMMode)
                  00002100    000000e8                 : dl_timer.o (.text.DL_Timer_initTimerMode)
                  000021e8    000000e4     libclang_rt.builtins.a : muldf3.S.obj (.text.__muldf3)
                  000022cc    000000dc     ti_msp_dl_config.o (.text.SYSCFG_DL_PWM_MOTOR_init)
                  000023a8    000000d8     libc.a : s_scalbn.c.obj (.text.scalbn)
                  00002480    000000d8     libclang_rt.builtins.a : addsf3.S.obj (.text)
                  00002558    000000c0     UART.o (.text.Uart_Run_XunJi)
                  00002618    000000ac     task.o (.text.TASK_INIT)
                  000026c4    000000a2     libclang_rt.builtins.a : udivmoddi4.S.obj (.text)
                  00002766    00000002                            : aeabi_div0.c.obj (.text.__aeabi_idiv0)
                  00002768    0000008c     ti_msp_dl_config.o (.text.SYSCFG_DL_initPower)
                  000027f4    0000008c     libclang_rt.builtins.a : mulsf3.S.obj (.text.__mulsf3)
                  00002880    00000084     motor.o (.text.Go_stright)
                  00002904    00000084     ti_msp_dl_config.o (.text.__NVIC_SetPriority)
                  00002988    00000082     libclang_rt.builtins.a : divsf3.S.obj (.text.__divsf3)
                  00002a0a    00000002                            : aeabi_div0.c.obj (.text.__aeabi_ldiv0)
                  00002a0c    0000007c     libc.a : copy_decompress_lzss.c.obj (.text:decompress:lzss)
                  00002a88    00000074     libclang_rt.builtins.a : comparedf2.c.obj (.text.__gedf2)
                  00002afc    00000004     startup_mspm0g350x_ticlang.o (.text.Default_Handler)
                  00002b00    00000074     libclang_rt.builtins.a : truncdfsf2.S.obj (.text.__truncdfsf2)
                  00002b74    00000068                            : comparedf2.c.obj (.text.__ledf2)
                  00002bdc    00000066     libc.a : _printfi.c.obj (.text._mcpy)
                  00002c42    00000002            : _lock.c.obj (.text._nop)
                  00002c44    00000062     libclang_rt.builtins.a : aeabi_dcmp.S.obj (.text.__aeabi_dcmp)
                  00002ca6    00000002     --HOLE-- [fill = 0]
                  00002ca8    00000062                            : aeabi_fcmp.S.obj (.text.__aeabi_fcmp)
                  00002d0a    00000002     --HOLE-- [fill = 0]
                  00002d0c    00000060     task.o (.text.TASK_LOOP)
                  00002d6c    00000060     Timer.o (.text.TIMG0_IRQHandler)
                  00002dcc    0000005c     libc.a : s_frexp.c.obj (.text.frexp)
                  00002e28    0000005c            : printf.c.obj (.text.printf)
                  00002e84    00000058            : _ltoa.c.obj (.text.__TI_ltoa)
                  00002edc    00000058            : _printfi.c.obj (.text._pconv_f)
                  00002f34    00000056     libclang_rt.builtins.a : aeabi_idivmod.S.obj (.text.__aeabi_idivmod)
                  00002f8a    00000052     libc.a : _printfi.c.obj (.text._ecpy)
                  00002fdc    00000050     UART.o (.text.fputs)
                  0000302c    0000004c     ti_msp_dl_config.o (.text.DL_UART_setBaudRateDivisor)
                  00003078    0000004a     libclang_rt.builtins.a : fixdfsi.S.obj (.text.__fixdfsi)
                  000030c2    00000002     --HOLE-- [fill = 0]
                  000030c4    00000048     driverlib.a : dl_uart.o (.text.DL_UART_init)
                  0000310c    00000048     ti_msp_dl_config.o (.text.SYSCFG_DL_UART_OPENMV_init)
                  00003154    00000048     ti_msp_dl_config.o (.text.SYSCFG_DL_UART_TuoLuoYi_init)
                  0000319c    00000042     libclang_rt.builtins.a : fixunsdfsi.S.obj (.text.__fixunsdfsi)
                  000031de    00000002     --HOLE-- [fill = 0]
                  000031e0    00000040     ti_msp_dl_config.o (.text.SYSCFG_DL_TIMER_MS_SYS_init)
                  00003220    00000040     ti_msp_dl_config.o (.text.SYSCFG_DL_TIMER_MS_UART_init)
                  00003260    00000040     libclang_rt.builtins.a : aeabi_uidivmod.S.obj (.text.__aeabi_uidivmod)
                  000032a0    00000040                            : extendsfdf2.S.obj (.text.__extendsfdf2)
                  000032e0    00000040     libc.a : atoi.c.obj (.text.atoi)
                  00003320    0000003c     ti_msp_dl_config.o (.text.DL_Timer_setCounterControl)
                  0000335c    0000003c     libclang_rt.builtins.a : floatsisf.S.obj (.text.__floatsisf)
                  00003398    0000003c                            : comparesf2.S.obj (.text.__gtsf2)
                  000033d4    0000003c     libc.a : autoinit.c.obj (.text:__TI_auto_init_nobinit_nopinit)
                  00003410    0000003a     libclang_rt.builtins.a : comparesf2.S.obj (.text.__eqsf2)
                  0000344a    00000002     --HOLE-- [fill = 0]
                  0000344c    0000003a                            : muldsi3.S.obj (.text.__muldsi3)
                  00003486    00000002     --HOLE-- [fill = 0]
                  00003488    00000038     ti_msp_dl_config.o (.text.SYSCFG_DL_init)
                  000034c0    00000038     libclang_rt.builtins.a : fixsfsi.S.obj (.text.__fixsfsi)
                  000034f8    00000034     Beep.o (.text.Control_Beep)
                  0000352c    00000034     ti_msp_dl_config.o (.text.DL_GPIO_initDigitalInputFeatures)
                  00003560    00000032     ti_msp_dl_config.o (.text.SYSCFG_DL_SYSCTL_init)
                  00003592    00000002     --HOLE-- [fill = 0]
                  00003594    00000030     LED.o (.text.Control_LED)
                  000035c4    00000030     ti_msp_dl_config.o (.text.DL_GPIO_initDigitalOutputFeatures)
                  000035f4    00000030     libc.a : _printfi.c.obj (.text._fcpy)
                  00003624    0000002c     UART.o (.text.__NVIC_ClearPendingIRQ)
                  00003650    0000002c     task.o (.text.__NVIC_ClearPendingIRQ)
                  0000367c    0000002c     UART.o (.text.__NVIC_EnableIRQ)
                  000036a8    0000002c     libclang_rt.builtins.a : floatsidf.S.obj (.text.__floatsidf)
                  000036d4    00000028     ti_msp_dl_config.o (.text.DL_Common_updateReg)
                  000036fc    00000028     libc.a : boot_cortex_m.c.obj (.text:_c_int00_noargs)
                  00003724    00000024     motor.o (.text.Motor_On)
                  00003748    00000024     libclang_rt.builtins.a : muldi3.S.obj (.text.__muldi3)
                  0000376c    00000024     UART.o (.text.jy61p_Init)
                  00003790    00000022     pid.o (.text.PID_Init)
                  000037b2    00000022     libc.a : memccpy.c.obj (.text.memccpy)
                  000037d4    00000020     ti_msp_dl_config.o (.text.DL_GPIO_initPeripheralInputFunction)
                  000037f4    00000020     driverlib.a : dl_uart.o (.text.DL_UART_transmitDataBlocking)
                  00003814    0000001e     ti_msp_dl_config.o (.text.DL_UART_setOversampling)
                  00003832    00000002     --HOLE-- [fill = 0]
                  00003834    0000001e     libclang_rt.builtins.a : ashldi3.S.obj (.text.__ashldi3)
                  00003852    00000002     --HOLE-- [fill = 0]
                  00003854    0000001c     motor_QEI.o (.text.DL_GPIO_clearInterruptStatus)
                  00003870    0000001c     ti_msp_dl_config.o (.text.DL_GPIO_clearInterruptStatus)
                  0000388c    0000001c     ti_msp_dl_config.o (.text.DL_GPIO_enableInterrupt)
                  000038a8    0000001c     ti_msp_dl_config.o (.text.DL_GPIO_initPeripheralOutputFunction)
                  000038c4    0000001c     ti_msp_dl_config.o (.text.DL_GPIO_setLowerPinsPolarity)
                  000038e0    0000001c     ti_msp_dl_config.o (.text.DL_SYSCTL_setMCLKDivider)
                  000038fc    0000001c     ti_msp_dl_config.o (.text.DL_SYSCTL_setSYSOSCFreq)
                  00003918    0000001c     ti_msp_dl_config.o (.text.DL_SYSCTL_setULPCLKDivider)
                  00003934    0000001c     ti_msp_dl_config.o (.text.DL_Timer_enableInterrupt)
                  00003950    0000001c     driverlib.a : dl_timer.o (.text.DL_Timer_setCaptCompUpdateMethod)
                  0000396c    0000001c                 : dl_timer.o (.text.DL_Timer_setClockConfig)
                  00003988    0000001c     ti_msp_dl_config.o (.text.DL_UART_enableInterrupt)
                  000039a4    0000001c     UART.o (.text.fputc)
                  000039c0    00000018     ti_msp_dl_config.o (.text.DL_GPIO_enableOutput)
                  000039d8    00000018     ti_msp_dl_config.o (.text.DL_GPIO_enablePower)
                  000039f0    00000018     motor_QEI.o (.text.DL_GPIO_getEnabledInterruptStatus)
                  00003a08    00000018     ti_msp_dl_config.o (.text.DL_GPIO_initDigitalOutput)
                  00003a20    00000018     ti_msp_dl_config.o (.text.DL_GPIO_reset)
                  00003a38    00000018     Beep.o (.text.DL_GPIO_setPins)
                  00003a50    00000018     LED.o (.text.DL_GPIO_setPins)
                  00003a68    00000018     motor.o (.text.DL_GPIO_setPins)
                  00003a80    00000018     ti_msp_dl_config.o (.text.DL_GPIO_setPins)
                  00003a98    00000018     ti_msp_dl_config.o (.text.DL_GPIO_setUpperPinsPolarity)
                  00003ab0    00000018     ti_msp_dl_config.o (.text.DL_SYSCTL_setBORThreshold)
                  00003ac8    00000018     ti_msp_dl_config.o (.text.DL_Timer_enablePower)
                  00003ae0    00000018     ti_msp_dl_config.o (.text.DL_Timer_reset)
                  00003af8    00000018     driverlib.a : dl_timer.o (.text.DL_Timer_setCaptureCompareOutCtl)
                  00003b10    00000018     task.o (.text.DL_Timer_startCounter)
                  00003b28    00000018     UART.o (.text.DL_UART_clearInterruptStatus)
                  00003b40    00000018     ti_msp_dl_config.o (.text.DL_UART_enablePower)
                  00003b58    00000018     ti_msp_dl_config.o (.text.DL_UART_reset)
                  00003b70    00000018     motor_QEI.o (.text.Get_QEI_BL)
                  00003b88    00000018     motor_QEI.o (.text.Get_QEI_BR)
                  00003ba0    00000018     motor_QEI.o (.text.Get_QEI_FL)
                  00003bb8    00000018     motor_QEI.o (.text.Get_QEI_FR)
                  00003bd0    00000016     motor_QEI.o (.text.DL_GPIO_readPins)
                  00003be6    00000016     ti_msp_dl_config.o (.text.DL_UART_enable)
                  00003bfc    00000016     UART.o (.text.NVIC_INIT)
                  00003c12    00000016     libc.a : copy_zero_init.c.obj (.text:decompress:ZI:__TI_zero_init_nomemset)
                  00003c28    00000014     Beep.o (.text.DL_GPIO_clearPins)
                  00003c3c    00000014     LED.o (.text.DL_GPIO_clearPins)
                  00003c50    00000014     motor.o (.text.DL_GPIO_clearPins)
                  00003c64    00000014     ti_msp_dl_config.o (.text.DL_GPIO_clearPins)
                  00003c78    00000014     ti_msp_dl_config.o (.text.DL_SYSCTL_disableSYSPLL)
                  00003c8c    00000014     ti_msp_dl_config.o (.text.DL_Timer_enableClock)
                  00003ca0    00000014     ti_msp_dl_config.o (.text.DL_Timer_setCCPDirection)
                  00003cb4    00000014     UART.o (.text.DL_UART_receiveData)
                  00003cc8    00000014     Timer.o (.text.TIMA1_IRQHandler)
                  00003cdc    00000014     libclang_rt.builtins.a : aeabi_uldivmod.S.obj (.text.__aeabi_uldivmod)
                  00003cf0    00000014     empty.o (.text.main)
                  00003d04    00000014     libc.a : _printfi.c.obj (.text.strchr)
                  00003d18    00000012     driverlib.a : dl_uart.o (.text.DL_UART_setClockConfig)
                  00003d2a    00000012     libc.a : memcpy16.S.obj (.text:TI_memcpy_small)
                  00003d3c    00000012            : copy_decompress_none.c.obj (.text:decompress:none)
                  00003d4e    00000002     --HOLE-- [fill = 0]
                  00003d50    00000010     ti_msp_dl_config.o (.text.DL_SYSCTL_disableHFXT)
                  00003d60    00000010     driverlib.a : dl_timer.o (.text.DL_Timer_setCaptureCompareValue)
                  00003d70    00000010     pid.o (.text.PID_SetTaget)
                  00003d80    00000010     libc.a : wcslen.c.obj (.text.wcslen)
                  00003d90    0000000e     libclang_rt.builtins.a : aeabi_memset.S.obj (.text.__aeabi_memset)
                  00003d9e    0000000e     libc.a : _printfi.c.obj (.text.strlen)
                  00003dac    0000000e            : strlen.c.obj (.text.strlen)
                  00003dba    0000000e            : memset16.S.obj (.text:TI_memset_small)
                  00003dc8    0000000a     driverlib.a : dl_common.o (.text.DL_Common_delayCycles)
                  00003dd2    0000000a     libc.a : _printfi.c.obj (.text.OUTLINED_FUNCTION_0)
                  00003ddc    00000010     libclang_rt.builtins.a : adddf3.S.obj (.tramp.__aeabi_dsub.1)
                  00003dec    0000000a     libc.a : _printfi.c.obj (.text.OUTLINED_FUNCTION_1)
                  00003df6    00000008     UART.o (.text.UART0_IRQHandler)
                  00003dfe    00000002     --HOLE-- [fill = 0]
                  00003e00    00000008     libc.a : aeabi_portable.c.obj (.text.__aeabi_errno_addr)
                  00003e08    00000008     libclang_rt.builtins.a : aeabi_memcpy.S.obj (.text.__aeabi_memcpy)
                  00003e10    00000008     libc.a : printf.c.obj (.text._outc)
                  00003e18    00000008            : printf.c.obj (.text._outs)
                  00003e20    00000006            : exit.c.obj (.text:abort)
                  00003e26    00000004     libsysbm.a : hostexit.c.obj (.text.HOSTexit)
                  00003e2a    00000004     startup_mspm0g350x_ticlang.o (.text.Reset_Handler)
                  00003e2e    00000004     libc.a : pre_init.c.obj (.text._system_pre_init)
                  00003e32    0000000e     --HOLE-- [fill = 0]

.cinit     0    00003fd0    00000060     
                  00003fd0    00000038     (.cinit..data.load) [load image, compression = lzss]
                  00004008    0000000c     (__TI_handler_table)
                  00004014    00000008     (.cinit..bss.load) [load image, compression = zero_init]
                  0000401c    00000010     (__TI_cinit_table)
                  0000402c    00000004     --HOLE-- [fill = 0]

.rodata    0    00003e40    00000190     
                  00003e40    00000101     libc.a : aeabi_ctype.S.obj (.rodata:__aeabi_ctype_table_)
                  00003f41    00000003     ti_msp_dl_config.o (.rodata.gPWM_MOTORClockConfig)
                  00003f44    00000014     ti_msp_dl_config.o (.rodata.gTIMER_MS_SYSTimerConfig)
                  00003f58    00000014     ti_msp_dl_config.o (.rodata.gTIMER_MS_UARTTimerConfig)
                  00003f6c    00000011     libc.a : _printfi.c.obj (.rodata.str1.10348868589481759720.1)
                  00003f7d    00000011            : _printfi.c.obj (.rodata.str1.15363888844622738466.1)
                  00003f8e    0000000d     task.o (.rodata.str1.13327075223462700773.1)
                  00003f9b    00000001     --HOLE-- [fill = 0]
                  00003f9c    0000000a     ti_msp_dl_config.o (.rodata.gUART_OPENMVConfig)
                  00003fa6    0000000a     ti_msp_dl_config.o (.rodata.gUART_TuoLuoYiConfig)
                  00003fb0    00000008     ti_msp_dl_config.o (.rodata.gPWM_MOTORConfig)
                  00003fb8    00000003     ti_msp_dl_config.o (.rodata.gTIMER_MS_SYSClockConfig)
                  00003fbb    00000003     ti_msp_dl_config.o (.rodata.gTIMER_MS_UARTClockConfig)
                  00003fbe    00000002     ti_msp_dl_config.o (.rodata.gUART_OPENMVClockConfig)
                  00003fc0    00000002     ti_msp_dl_config.o (.rodata.gUART_TuoLuoYiClockConfig)
                  00003fc2    0000000e     --HOLE-- [fill = 0]

.init_array 
*          0    00000000    00000000     UNINITIALIZED

.binit     0    00000000    00000000     

.bss       0    20200000    00000278     UNINITIALIZED
                  20200000    000000bc     (.common:gPWM_MOTORBackup)
                  202000bc    000000bc     (.common:gTIMER_MS_UARTBackup)
                  20200178    00000034     (.common:PID_BL)
                  202001ac    00000034     (.common:PID_BR)
                  202001e0    00000034     (.common:PID_FL)
                  20200214    00000034     (.common:PID_FR)
                  20200248    00000029     (.common:USART_RXBUF_XunJi)
                  20200271    00000003     --HOLE--
                  20200274    00000004     Timer.o (.bss.TIMG0_IRQHandler.Count)

.data      0    20200278    0000013e     UNINITIALIZED
                  20200278    000000f0     libc.a : defs.c.obj (.data._ftable)
                  20200368    0000001a     UART.o (.data.JY61P_Data)
                  20200382    0000000a     UART.o (.data.Xunji)
                  2020038c    00000004     motor_QEI.o (.data.Back_Left_Count)
                  20200390    00000004     motor_QEI.o (.data.Back_Right_Count)
                  20200394    00000004     motor_QEI.o (.data.Front_Left_Count)
                  20200398    00000004     motor_QEI.o (.data.Front_Right_Count)
                  2020039c    00000004     motor_QEI.o (.data.Start_Count)
                  202003a0    00000004     libc.a : aeabi_portable.c.obj (.data.__aeabi_errno)
                  202003a4    00000004            : _lock.c.obj (.data._lock)
                  202003a8    00000004            : _lock.c.obj (.data._unlock)
                  202003ac    00000004     motor.o (.data.compareValue)
                  202003b0    00000004     Timer.o (.data.delay_count)
                  202003b4    00000001     UART.o (.data.Uart_Run_XunJi.flag)
                  202003b5    00000001     UART.o (.data.Uart_Run_XunJi.i)

.stack     0    20203e00    00000200     UNINITIALIZED
                  20203e00    00000004     libc.a : boot_cortex_m.c.obj (.stack)
                  20203e04    000001fc     --HOLE--

__llvm_prf_cnts 
*          0    20200000    00000000     UNINITIALIZED

__llvm_prf_bits 
*          0    20200000    00000000     UNINITIALIZED

MODULE SUMMARY

       Module                         code    ro data   rw data
       ------                         ----    -------   -------
    .\
       ti_msp_dl_config.o             2314    81        376    
       startup_mspm0g350x_ticlang.o   8       192       0      
       empty.o                        20      0         0      
    +--+------------------------------+-------+---------+---------+
       Total:                         2342    273       376    
                                                               
    .\Driver\
       pid.o                          1234    0         208    
       motor.o                        1152    0         4      
       UART.o                         768     0         79     
       motor_QEI.o                    494     0         20     
       task.o                         336     13        0      
       Timer.o                        116     0         8      
       Beep.o                         96      0         0      
       LED.o                          92      0         0      
    +--+------------------------------+-------+---------+---------+
       Total:                         4288    13        319    
                                                               
    C:/ti/mspm0_sdk_2_05_01_00/source/ti/driverlib/lib/ticlang/m0p/mspm0g1x0x_g3x0x/driverlib.a
       dl_timer.o                     588     0         0      
       dl_uart.o                      122     0         0      
       dl_common.o                    10      0         0      
    +--+------------------------------+-------+---------+---------+
       Total:                         720     0         0      
                                                               
    C:\ti\ccs2010\ccs\tools\compiler\ti-cgt-armllvm_4.0.2.LTS\lib\armv6m-ti-none-eabi/c/libc.a
       _printfi.c.obj                 4510    34        0      
       aeabi_ctype.S.obj              0       257       0      
       defs.c.obj                     0       0         240    
       s_scalbn.c.obj                 216     0         0      
       copy_decompress_lzss.c.obj     124     0         0      
       printf.c.obj                   108     0         0      
       s_frexp.c.obj                  92      0         0      
       _ltoa.c.obj                    88      0         0      
       atoi.c.obj                     64      0         0      
       autoinit.c.obj                 60      0         0      
       boot_cortex_m.c.obj            40      0         0      
       memccpy.c.obj                  34      0         0      
       copy_zero_init.c.obj           22      0         0      
       copy_decompress_none.c.obj     18      0         0      
       memcpy16.S.obj                 18      0         0      
       wcslen.c.obj                   16      0         0      
       memset16.S.obj                 14      0         0      
       strlen.c.obj                   14      0         0      
       aeabi_portable.c.obj           8       0         4      
       _lock.c.obj                    2       0         8      
       exit.c.obj                     6       0         0      
       pre_init.c.obj                 4       0         0      
    +--+------------------------------+-------+---------+---------+
       Total:                         5458    291       252    
                                                               
    C:\ti\ccs2010\ccs\tools\compiler\ti-cgt-armllvm_4.0.2.LTS\lib\armv6m-ti-none-eabi/c/libsysbm.a
       hostexit.c.obj                 4       0         0      
    +--+------------------------------+-------+---------+---------+
       Total:                         4       0         0      
                                                               
    C:\ti\ccs2010\ccs\tools\compiler\ti-cgt-armllvm_4.0.2.LTS\lib\armv6m-ti-none-eabi/libclang_rt.builtins.a
       adddf3.S.obj                   418     0         0      
       divdf3.S.obj                   268     0         0      
       muldf3.S.obj                   228     0         0      
       comparedf2.c.obj               220     0         0      
       addsf3.S.obj                   216     0         0      
       udivmoddi4.S.obj               162     0         0      
       mulsf3.S.obj                   140     0         0      
       divsf3.S.obj                   130     0         0      
       comparesf2.S.obj               118     0         0      
       truncdfsf2.S.obj               116     0         0      
       aeabi_dcmp.S.obj               98      0         0      
       aeabi_fcmp.S.obj               98      0         0      
       aeabi_idivmod.S.obj            86      0         0      
       fixdfsi.S.obj                  74      0         0      
       fixunsdfsi.S.obj               66      0         0      
       aeabi_uidivmod.S.obj           64      0         0      
       extendsfdf2.S.obj              64      0         0      
       floatsisf.S.obj                60      0         0      
       muldsi3.S.obj                  58      0         0      
       fixsfsi.S.obj                  56      0         0      
       floatsidf.S.obj                44      0         0      
       muldi3.S.obj                   36      0         0      
       ashldi3.S.obj                  30      0         0      
       aeabi_uldivmod.S.obj           20      0         0      
       aeabi_memset.S.obj             14      0         0      
       aeabi_memcpy.S.obj             8       0         0      
       aeabi_div0.c.obj               4       0         0      
    +--+------------------------------+-------+---------+---------+
       Total:                         2896    0         0      
                                                               
       Stack:                         0       0         512    
       Linker Generated:              0       92        0      
    +--+------------------------------+-------+---------+---------+
       Grand Total:                   15708   669       1459   


LINKER GENERATED COPY TABLES

__TI_cinit_table @ 0000401c records: 2, size/record: 8, table size: 16
	.data: load addr=00003fd0, load size=00000038 bytes, run addr=20200278, run size=0000013e bytes, compression=lzss
	.bss: load addr=00004014, load size=00000008 bytes, run addr=20200000, run size=00000278 bytes, compression=zero_init


LINKER GENERATED HANDLER TABLE

__TI_handler_table @ 00004008 records: 3, size/record: 4, table size: 12
	index: 0, handler: __TI_decompress_lzss
	index: 1, handler: __TI_decompress_none
	index: 2, handler: __TI_zero_init


FAR CALL TRAMPOLINES

callee name               trampoline name
   callee addr  tramp addr   call addr  call info
--------------  -----------  ---------  ----------------
__aeabi_dsub              $Tramp$TT$L$PI$$__aeabi_dsub
   00001411     00003ddc     00003dda   libc.a : _printfi.c.obj (.text.OUTLINED_FUNCTION_0)

[1 trampolines]
[1 trampoline calls]


GLOBAL SYMBOLS: SORTED ALPHABETICALLY BY Name 

address   name                            
-------   ----                            
00002afd  ADC0_IRQHandler                 
00002afd  ADC1_IRQHandler                 
00002afd  AES_IRQHandler                  
2020038c  Back_Left_Count                 
20200390  Back_Right_Count                
00003e26  C$$EXIT                         
00002afd  CANFD0_IRQHandler               
000034f9  Control_Beep                    
00003595  Control_LED                     
00002afd  DAC0_IRQHandler                 
00003dc9  DL_Common_delayCycles           
00001ffd  DL_Timer_initFourCCPWMMode      
00002101  DL_Timer_initTimerMode          
00003951  DL_Timer_setCaptCompUpdateMethod
00003af9  DL_Timer_setCaptureCompareOutCtl
00003d61  DL_Timer_setCaptureCompareValue 
0000396d  DL_Timer_setClockConfig         
000030c5  DL_UART_init                    
00003d19  DL_UART_setClockConfig          
000037f5  DL_UART_transmitDataBlocking    
00002afd  DMA_IRQHandler                  
00002afd  Default_Handler                 
20200394  Front_Left_Count                
20200398  Front_Right_Count               
00002afd  GROUP0_IRQHandler               
000015a5  GROUP1_IRQHandler               
00003b71  Get_QEI_BL                      
00003b89  Get_QEI_BR                      
00003ba1  Get_QEI_FL                      
00003bb9  Get_QEI_FR                      
00002881  Go_stright                      
00003e27  HOSTexit                        
00002afd  HardFault_Handler               
00002afd  I2C0_IRQHandler                 
00002afd  I2C1_IRQHandler                 
20200368  JY61P_Data                      
00003725  Motor_On                        
00002afd  NMI_Handler                     
00003bfd  NVIC_INIT                       
20200178  PID_BL                          
202001ac  PID_BR                          
202001e0  PID_FL                          
20200214  PID_FR                          
00003791  PID_Init                        
00003d71  PID_SetTaget                    
00001825  PID_Update_BL                   
0000194d  PID_Update_BR                   
00001a75  PID_Update_FL                   
00001b9d  PID_Update_FR                   
00002afd  PendSV_Handler                  
00002afd  RTC_IRQHandler                  
00003e2b  Reset_Handler                   
00002afd  SPI0_IRQHandler                 
00002afd  SPI1_IRQHandler                 
00002afd  SVC_Handler                     
00001239  SYSCFG_DL_GPIO_init             
000022cd  SYSCFG_DL_PWM_MOTOR_init        
00003561  SYSCFG_DL_SYSCTL_init           
000031e1  SYSCFG_DL_TIMER_MS_SYS_init     
00003221  SYSCFG_DL_TIMER_MS_UART_init    
0000310d  SYSCFG_DL_UART_OPENMV_init      
00003155  SYSCFG_DL_UART_TuoLuoYi_init    
00003489  SYSCFG_DL_init                  
00002769  SYSCFG_DL_initPower             
00000a91  Set_Speed                       
2020039c  Start_Count                     
00002afd  SysTick_Handler                 
00002619  TASK_INIT                       
00002d0d  TASK_LOOP                       
00002afd  TIMA0_IRQHandler                
00003cc9  TIMA1_IRQHandler                
00002d6d  TIMG0_IRQHandler                
00002afd  TIMG12_IRQHandler               
00002afd  TIMG6_IRQHandler                
00002afd  TIMG7_IRQHandler                
00002afd  TIMG8_IRQHandler                
00003d2b  TI_memcpy_small                 
00003dbb  TI_memset_small                 
00003df7  UART0_IRQHandler                
000015a3  UART1_IRQHandler                
00002afd  UART2_IRQHandler                
00002afd  UART3_IRQHandler                
20200248  USART_RXBUF_XunJi               
00001de5  Uart_Run_TuoLuoYi               
00002559  Uart_Run_XunJi                  
20200382  Xunji                           
20204000  __STACK_END                     
00000200  __STACK_SIZE                    
00000000  __TI_ATRegion0_region_sz        
00000000  __TI_ATRegion0_src_addr         
00000000  __TI_ATRegion0_trg_addr         
00000000  __TI_ATRegion1_region_sz        
00000000  __TI_ATRegion1_src_addr         
00000000  __TI_ATRegion1_trg_addr         
00000000  __TI_ATRegion2_region_sz        
00000000  __TI_ATRegion2_src_addr         
00000000  __TI_ATRegion2_trg_addr         
0000401c  __TI_CINIT_Base                 
0000402c  __TI_CINIT_Limit                
0000402c  __TI_CINIT_Warm                 
00004008  __TI_Handler_Table_Base         
00004014  __TI_Handler_Table_Limit        
000033d5  __TI_auto_init_nobinit_nopinit  
00002a0d  __TI_decompress_lzss            
00003d3d  __TI_decompress_none            
00002e85  __TI_ltoa                       
ffffffff  __TI_pprof_out_hndl             
000000c1  __TI_printfi                    
ffffffff  __TI_prof_data_size             
ffffffff  __TI_prof_data_start            
00000000  __TI_static_base__              
00003c13  __TI_zero_init_nomemset         
0000141b  __adddf3                        
0000248b  __addsf3                        
00003e40  __aeabi_ctype_table_            
00003e40  __aeabi_ctype_table_C           
00002b01  __aeabi_d2f                     
00003079  __aeabi_d2iz                    
0000319d  __aeabi_d2uiz                   
0000141b  __aeabi_dadd                    
00002c45  __aeabi_dcmpeq                  
00002c81  __aeabi_dcmpge                  
00002c95  __aeabi_dcmpgt                  
00002c6d  __aeabi_dcmple                  
00002c59  __aeabi_dcmplt                  
00001ef1  __aeabi_ddiv                    
000021e9  __aeabi_dmul                    
00001411  __aeabi_dsub                    
202003a0  __aeabi_errno                   
00003e01  __aeabi_errno_addr              
000032a1  __aeabi_f2d                     
000034c1  __aeabi_f2iz                    
0000248b  __aeabi_fadd                    
00002ca9  __aeabi_fcmpeq                  
00002ce5  __aeabi_fcmpge                  
00002cf9  __aeabi_fcmpgt                  
00002cd1  __aeabi_fcmple                  
00002cbd  __aeabi_fcmplt                  
00002989  __aeabi_fdiv                    
000027f5  __aeabi_fmul                    
00002481  __aeabi_fsub                    
000036a9  __aeabi_i2d                     
0000335d  __aeabi_i2f                     
00002f35  __aeabi_idiv                    
00002767  __aeabi_idiv0                   
00002f35  __aeabi_idivmod                 
00002a0b  __aeabi_ldiv0                   
00003835  __aeabi_llsl                    
00003749  __aeabi_lmul                    
00003e09  __aeabi_memcpy                  
00003e09  __aeabi_memcpy4                 
00003e09  __aeabi_memcpy8                 
00003d91  __aeabi_memset                  
00003d91  __aeabi_memset4                 
00003d91  __aeabi_memset8                 
00003261  __aeabi_uidiv                   
00003261  __aeabi_uidivmod                
00003cdd  __aeabi_uldivmod                
00003835  __ashldi3                       
ffffffff  __binit__                       
00002b75  __cmpdf2                        
00003411  __cmpsf2                        
00001ef1  __divdf3                        
00002989  __divsf3                        
00002b75  __eqdf2                         
00003411  __eqsf2                         
000032a1  __extendsfdf2                   
00003079  __fixdfsi                       
000034c1  __fixsfsi                       
0000319d  __fixunsdfsi                    
000036a9  __floatsidf                     
0000335d  __floatsisf                     
00002a89  __gedf2                         
00003399  __gesf2                         
00002a89  __gtdf2                         
00003399  __gtsf2                         
00002b75  __ledf2                         
00003411  __lesf2                         
00002b75  __ltdf2                         
00003411  __ltsf2                         
UNDEFED   __mpu_init                      
000021e9  __muldf3                        
00003749  __muldi3                        
0000344d  __muldsi3                       
000027f5  __mulsf3                        
00002b75  __nedf2                         
00003411  __nesf2                         
20203e00  __stack                         
20200000  __start___llvm_prf_bits         
20200000  __start___llvm_prf_cnts         
20200000  __stop___llvm_prf_bits          
20200000  __stop___llvm_prf_cnts          
00001411  __subdf3                        
00002481  __subsf3                        
00002b01  __truncdfsf2                    
000026c5  __udivmoddi4                    
000036fd  _c_int00_noargs                 
20200278  _ftable                         
202003a4  _lock                           
00002c43  _nop                            
UNDEFED   _system_post_cinit              
00003e2f  _system_pre_init                
202003a8  _unlock                         
00003e21  abort                           
000032e1  atoi                            
ffffffff  binit                           
202003ac  compareValue                    
202003b0  delay_count                     
000039a5  fputc                           
00002fdd  fputs                           
00002dcd  frexp                           
00002dcd  frexpl                          
20200000  gPWM_MOTORBackup                
202000bc  gTIMER_MS_UARTBackup            
00000000  interruptVectors                
0000376d  jy61p_Init                      
000023a9  ldexp                           
000023a9  ldexpl                          
00003cf1  main                            
000037b3  memccpy                         
00002e29  printf                          
000023a9  scalbn                          
000023a9  scalbnl                         
00003dad  strlen                          
00003d81  wcslen                          


GLOBAL SYMBOLS: SORTED BY Symbol Address 

address   name                            
-------   ----                            
00000000  __TI_ATRegion0_region_sz        
00000000  __TI_ATRegion0_src_addr         
00000000  __TI_ATRegion0_trg_addr         
00000000  __TI_ATRegion1_region_sz        
00000000  __TI_ATRegion1_src_addr         
00000000  __TI_ATRegion1_trg_addr         
00000000  __TI_ATRegion2_region_sz        
00000000  __TI_ATRegion2_src_addr         
00000000  __TI_ATRegion2_trg_addr         
00000000  __TI_static_base__              
00000000  interruptVectors                
000000c1  __TI_printfi                    
00000200  __STACK_SIZE                    
00000a91  Set_Speed                       
00001239  SYSCFG_DL_GPIO_init             
00001411  __aeabi_dsub                    
00001411  __subdf3                        
0000141b  __adddf3                        
0000141b  __aeabi_dadd                    
000015a3  UART1_IRQHandler                
000015a5  GROUP1_IRQHandler               
00001825  PID_Update_BL                   
0000194d  PID_Update_BR                   
00001a75  PID_Update_FL                   
00001b9d  PID_Update_FR                   
00001de5  Uart_Run_TuoLuoYi               
00001ef1  __aeabi_ddiv                    
00001ef1  __divdf3                        
00001ffd  DL_Timer_initFourCCPWMMode      
00002101  DL_Timer_initTimerMode          
000021e9  __aeabi_dmul                    
000021e9  __muldf3                        
000022cd  SYSCFG_DL_PWM_MOTOR_init        
000023a9  ldexp                           
000023a9  ldexpl                          
000023a9  scalbn                          
000023a9  scalbnl                         
00002481  __aeabi_fsub                    
00002481  __subsf3                        
0000248b  __addsf3                        
0000248b  __aeabi_fadd                    
00002559  Uart_Run_XunJi                  
00002619  TASK_INIT                       
000026c5  __udivmoddi4                    
00002767  __aeabi_idiv0                   
00002769  SYSCFG_DL_initPower             
000027f5  __aeabi_fmul                    
000027f5  __mulsf3                        
00002881  Go_stright                      
00002989  __aeabi_fdiv                    
00002989  __divsf3                        
00002a0b  __aeabi_ldiv0                   
00002a0d  __TI_decompress_lzss            
00002a89  __gedf2                         
00002a89  __gtdf2                         
00002afd  ADC0_IRQHandler                 
00002afd  ADC1_IRQHandler                 
00002afd  AES_IRQHandler                  
00002afd  CANFD0_IRQHandler               
00002afd  DAC0_IRQHandler                 
00002afd  DMA_IRQHandler                  
00002afd  Default_Handler                 
00002afd  GROUP0_IRQHandler               
00002afd  HardFault_Handler               
00002afd  I2C0_IRQHandler                 
00002afd  I2C1_IRQHandler                 
00002afd  NMI_Handler                     
00002afd  PendSV_Handler                  
00002afd  RTC_IRQHandler                  
00002afd  SPI0_IRQHandler                 
00002afd  SPI1_IRQHandler                 
00002afd  SVC_Handler                     
00002afd  SysTick_Handler                 
00002afd  TIMA0_IRQHandler                
00002afd  TIMG12_IRQHandler               
00002afd  TIMG6_IRQHandler                
00002afd  TIMG7_IRQHandler                
00002afd  TIMG8_IRQHandler                
00002afd  UART2_IRQHandler                
00002afd  UART3_IRQHandler                
00002b01  __aeabi_d2f                     
00002b01  __truncdfsf2                    
00002b75  __cmpdf2                        
00002b75  __eqdf2                         
00002b75  __ledf2                         
00002b75  __ltdf2                         
00002b75  __nedf2                         
00002c43  _nop                            
00002c45  __aeabi_dcmpeq                  
00002c59  __aeabi_dcmplt                  
00002c6d  __aeabi_dcmple                  
00002c81  __aeabi_dcmpge                  
00002c95  __aeabi_dcmpgt                  
00002ca9  __aeabi_fcmpeq                  
00002cbd  __aeabi_fcmplt                  
00002cd1  __aeabi_fcmple                  
00002ce5  __aeabi_fcmpge                  
00002cf9  __aeabi_fcmpgt                  
00002d0d  TASK_LOOP                       
00002d6d  TIMG0_IRQHandler                
00002dcd  frexp                           
00002dcd  frexpl                          
00002e29  printf                          
00002e85  __TI_ltoa                       
00002f35  __aeabi_idiv                    
00002f35  __aeabi_idivmod                 
00002fdd  fputs                           
00003079  __aeabi_d2iz                    
00003079  __fixdfsi                       
000030c5  DL_UART_init                    
0000310d  SYSCFG_DL_UART_OPENMV_init      
00003155  SYSCFG_DL_UART_TuoLuoYi_init    
0000319d  __aeabi_d2uiz                   
0000319d  __fixunsdfsi                    
000031e1  SYSCFG_DL_TIMER_MS_SYS_init     
00003221  SYSCFG_DL_TIMER_MS_UART_init    
00003261  __aeabi_uidiv                   
00003261  __aeabi_uidivmod                
000032a1  __aeabi_f2d                     
000032a1  __extendsfdf2                   
000032e1  atoi                            
0000335d  __aeabi_i2f                     
0000335d  __floatsisf                     
00003399  __gesf2                         
00003399  __gtsf2                         
000033d5  __TI_auto_init_nobinit_nopinit  
00003411  __cmpsf2                        
00003411  __eqsf2                         
00003411  __lesf2                         
00003411  __ltsf2                         
00003411  __nesf2                         
0000344d  __muldsi3                       
00003489  SYSCFG_DL_init                  
000034c1  __aeabi_f2iz                    
000034c1  __fixsfsi                       
000034f9  Control_Beep                    
00003561  SYSCFG_DL_SYSCTL_init           
00003595  Control_LED                     
000036a9  __aeabi_i2d                     
000036a9  __floatsidf                     
000036fd  _c_int00_noargs                 
00003725  Motor_On                        
00003749  __aeabi_lmul                    
00003749  __muldi3                        
0000376d  jy61p_Init                      
00003791  PID_Init                        
000037b3  memccpy                         
000037f5  DL_UART_transmitDataBlocking    
00003835  __aeabi_llsl                    
00003835  __ashldi3                       
00003951  DL_Timer_setCaptCompUpdateMethod
0000396d  DL_Timer_setClockConfig         
000039a5  fputc                           
00003af9  DL_Timer_setCaptureCompareOutCtl
00003b71  Get_QEI_BL                      
00003b89  Get_QEI_BR                      
00003ba1  Get_QEI_FL                      
00003bb9  Get_QEI_FR                      
00003bfd  NVIC_INIT                       
00003c13  __TI_zero_init_nomemset         
00003cc9  TIMA1_IRQHandler                
00003cdd  __aeabi_uldivmod                
00003cf1  main                            
00003d19  DL_UART_setClockConfig          
00003d2b  TI_memcpy_small                 
00003d3d  __TI_decompress_none            
00003d61  DL_Timer_setCaptureCompareValue 
00003d71  PID_SetTaget                    
00003d81  wcslen                          
00003d91  __aeabi_memset                  
00003d91  __aeabi_memset4                 
00003d91  __aeabi_memset8                 
00003dad  strlen                          
00003dbb  TI_memset_small                 
00003dc9  DL_Common_delayCycles           
00003df7  UART0_IRQHandler                
00003e01  __aeabi_errno_addr              
00003e09  __aeabi_memcpy                  
00003e09  __aeabi_memcpy4                 
00003e09  __aeabi_memcpy8                 
00003e21  abort                           
00003e26  C$$EXIT                         
00003e27  HOSTexit                        
00003e2b  Reset_Handler                   
00003e2f  _system_pre_init                
00003e40  __aeabi_ctype_table_            
00003e40  __aeabi_ctype_table_C           
00004008  __TI_Handler_Table_Base         
00004014  __TI_Handler_Table_Limit        
0000401c  __TI_CINIT_Base                 
0000402c  __TI_CINIT_Limit                
0000402c  __TI_CINIT_Warm                 
20200000  __start___llvm_prf_bits         
20200000  __start___llvm_prf_cnts         
20200000  __stop___llvm_prf_bits          
20200000  __stop___llvm_prf_cnts          
20200000  gPWM_MOTORBackup                
202000bc  gTIMER_MS_UARTBackup            
20200178  PID_BL                          
202001ac  PID_BR                          
202001e0  PID_FL                          
20200214  PID_FR                          
20200248  USART_RXBUF_XunJi               
20200278  _ftable                         
20200368  JY61P_Data                      
20200382  Xunji                           
2020038c  Back_Left_Count                 
20200390  Back_Right_Count                
20200394  Front_Left_Count                
20200398  Front_Right_Count               
2020039c  Start_Count                     
202003a0  __aeabi_errno                   
202003a4  _lock                           
202003a8  _unlock                         
202003ac  compareValue                    
202003b0  delay_count                     
20203e00  __stack                         
20204000  __STACK_END                     
ffffffff  __TI_pprof_out_hndl             
ffffffff  __TI_prof_data_size             
ffffffff  __TI_prof_data_start            
ffffffff  __binit__                       
ffffffff  binit                           
UNDEFED   __mpu_init                      
UNDEFED   _system_post_cinit              

[225 symbols]
