******************************************************************************
            TI ARM Clang Linker PC v4.0.2                      
******************************************************************************
>> Linked Tue Jul 15 14:50:22 2025

OUTPUT FILE NAME:   <Car_LP_MSPM0G3507_nortos_ticlang.out>
ENTRY POINT SYMBOL: "_c_int00_noargs"  address: 000051b5


MEMORY CONFIGURATION

         name            origin    length      used     unused   attr    fill
----------------------  --------  ---------  --------  --------  ----  --------
  FLASH                 00000000   00008000  00005ca0  00002360  R  X
  SRAM                  20200000   00004000  0000063a  000039c6  RW X
  BCR_CONFIG            41c00000   000000ff  00000000  000000ff  R   
  BSL_CONFIG            41c00100   00000080  00000000  00000080  R   


SEGMENT ALLOCATION MAP

run origin  load origin   length   init length attrs members
----------  ----------- ---------- ----------- ----- -------
00000000    00000000    00005ca0   00005ca0    r-x
  00000000    00000000    000000c0   000000c0    r-- .intvecs
  000000c0    000000c0    000058a0   000058a0    r-x .text
  00005960    00005960    000002e0   000002e0    r-- .rodata
  00005c40    00005c40    00000060   00000060    r-- .cinit
20200000    20200000    0000043a   00000000    rw-
  20200000    20200000    00000300   00000000    rw- .bss
  20200300    20200300    0000013a   00000000    rw- .data
20203e00    20203e00    00000200   00000000    rw-
  20203e00    20203e00    00000200   00000000    rw- .stack


SECTION ALLOCATION MAP

 output                                  attributes/
section   page    origin      length       input sections
--------  ----  ----------  ----------   ----------------
.intvecs   0    00000000    000000c0     
                  00000000    000000c0     startup_mspm0g350x_ticlang.o (.intvecs)

.text      0    000000c0    000058a0     
                  000000c0    000009d0     libc.a : _printfi.c.obj (.text:__TI_printfi)
                  00000a90    00000644            : k_rem_pio2.c.obj (.text.__kernel_rem_pio2)
                  000010d4    00000574     XunJi.o (.text.GetXunJIErr)
                  00001648    00000458     libc.a : s_sin.c.obj (.text.sin)
                  00001aa0    000003ac     motor.o (.text.Set_Speed)
                  00001e4c    00000220     libc.a : _printfi.c.obj (.text._pconv_a)
                  0000206c    000001dc            : _printfi.c.obj (.text._pconv_g)
                  00002248    000001d8     ti_msp_dl_config.o (.text.SYSCFG_DL_GPIO_init)
                  00002420    00000192     libclang_rt.builtins.a : adddf3.S.obj (.text.adddf3_subdf3)
                  000025b2    00000002     UART.o (.text.UART0_IRQHandler)
                  000025b4    00000188     pid.o (.text.PID_Update_Yaw)
                  0000273c    00000180     XunJi.o (.text.ControlSinAngleA_B)
                  000028bc    00000180     XunJi.o (.text.ControlSinAngleC_D)
                  00002a3c    00000168     XunJi.o (.text.XunJIPIDConcrolTurn)
                  00002ba4    00000168     libc.a : k_sin.c.obj (.text.__kernel_sin)
                  00002d0c    00000150            : k_cos.c.obj (.text.__kernel_cos)
                  00002e5c    00000144     motor_QEI.o (.text.GROUP1_IRQHandler)
                  00002fa0    00000144     libc.a : s_floor.c.obj (.text.floor)
                  000030e4    0000013c            : _printfi.c.obj (.text.fcvt)
                  00003220    00000128     pid.o (.text.PID_Update_BL)
                  00003348    00000128     pid.o (.text.PID_Update_BR)
                  00003470    00000128     pid.o (.text.PID_Update_FL)
                  00003598    00000128     pid.o (.text.PID_Update_FR)
                  000036c0    00000128     UART.o (.text.Uart_Run_TuoLuoYi)
                  000037e8    00000120     libc.a : _printfi.c.obj (.text._pconv_e)
                  00003908    0000010c     libclang_rt.builtins.a : divdf3.S.obj (.text.__divdf3)
                  00003a14    00000108     pid.o (.text.PID_Update_Xunji)
                  00003b1c    00000104     driverlib.a : dl_timer.o (.text.DL_Timer_initFourCCPWMMode)
                  00003c20    000000e8                 : dl_timer.o (.text.DL_Timer_initTimerMode)
                  00003d08    000000e4     libclang_rt.builtins.a : muldf3.S.obj (.text.__muldf3)
                  00003dec    000000dc     ti_msp_dl_config.o (.text.SYSCFG_DL_PWM_MOTOR_init)
                  00003ec8    000000d8     libc.a : s_scalbn.c.obj (.text.scalbn)
                  00003fa0    000000d8     libclang_rt.builtins.a : addsf3.S.obj (.text)
                  00004078    000000c0     UART.o (.text.Uart_Run_XunJi)
                  00004138    000000b0     task.o (.text.TASK_INIT)
                  000041e8    000000a2     libclang_rt.builtins.a : udivmoddi4.S.obj (.text)
                  0000428a    00000002     UART.o (.text.UART1_IRQHandler)
                  0000428c    0000008c     ti_msp_dl_config.o (.text.SYSCFG_DL_initPower)
                  00004318    0000008c     libclang_rt.builtins.a : mulsf3.S.obj (.text.__mulsf3)
                  000043a4    00000084     ti_msp_dl_config.o (.text.__NVIC_SetPriority)
                  00004428    00000082     libclang_rt.builtins.a : divsf3.S.obj (.text.__divsf3)
                  000044aa    00000002                            : aeabi_div0.c.obj (.text.__aeabi_idiv0)
                  000044ac    0000007c     libc.a : copy_decompress_lzss.c.obj (.text:decompress:lzss)
                  00004528    00000074     task.o (.text.TASK_LOOP)
                  0000459c    00000074     libclang_rt.builtins.a : comparedf2.c.obj (.text.__gedf2)
                  00004610    00000074                            : truncdfsf2.S.obj (.text.__truncdfsf2)
                  00004684    00000068                            : comparedf2.c.obj (.text.__ledf2)
                  000046ec    00000066     libc.a : _printfi.c.obj (.text._mcpy)
                  00004752    00000002     libclang_rt.builtins.a : aeabi_div0.c.obj (.text.__aeabi_ldiv0)
                  00004754    00000062                            : aeabi_dcmp.S.obj (.text.__aeabi_dcmp)
                  000047b6    00000002     libc.a : _lock.c.obj (.text._nop)
                  000047b8    00000062     libclang_rt.builtins.a : aeabi_fcmp.S.obj (.text.__aeabi_fcmp)
                  0000481a    00000002     --HOLE-- [fill = 0]
                  0000481c    00000060     Timer.o (.text.TIMG0_IRQHandler)
                  0000487c    0000005c     libc.a : s_frexp.c.obj (.text.frexp)
                  000048d8    0000005c            : printf.c.obj (.text.printf)
                  00004934    00000058            : _ltoa.c.obj (.text.__TI_ltoa)
                  0000498c    00000058            : _printfi.c.obj (.text._pconv_f)
                  000049e4    00000056     libclang_rt.builtins.a : aeabi_idivmod.S.obj (.text.__aeabi_idivmod)
                  00004a3a    00000052     libc.a : _printfi.c.obj (.text._ecpy)
                  00004a8c    00000050     UART.o (.text.fputs)
                  00004adc    0000004c     ti_msp_dl_config.o (.text.DL_UART_setBaudRateDivisor)
                  00004b28    0000004a     libclang_rt.builtins.a : fixdfsi.S.obj (.text.__fixdfsi)
                  00004b72    00000002     --HOLE-- [fill = 0]
                  00004b74    00000048     driverlib.a : dl_uart.o (.text.DL_UART_init)
                  00004bbc    00000048     ti_msp_dl_config.o (.text.SYSCFG_DL_UART_OPENMV_init)
                  00004c04    00000048     ti_msp_dl_config.o (.text.SYSCFG_DL_UART_TuoLuoYi_init)
                  00004c4c    00000042     libclang_rt.builtins.a : fixunsdfsi.S.obj (.text.__fixunsdfsi)
                  00004c8e    00000002     --HOLE-- [fill = 0]
                  00004c90    00000040     ti_msp_dl_config.o (.text.SYSCFG_DL_TIMER_MS_SYS_init)
                  00004cd0    00000040     ti_msp_dl_config.o (.text.SYSCFG_DL_TIMER_MS_UART_init)
                  00004d10    00000040     libclang_rt.builtins.a : aeabi_uidivmod.S.obj (.text.__aeabi_uidivmod)
                  00004d50    00000040                            : extendsfdf2.S.obj (.text.__extendsfdf2)
                  00004d90    00000040     libc.a : atoi.c.obj (.text.atoi)
                  00004dd0    0000003c     ti_msp_dl_config.o (.text.DL_Timer_setCounterControl)
                  00004e0c    0000003c     libclang_rt.builtins.a : floatsisf.S.obj (.text.__floatsisf)
                  00004e48    0000003c                            : comparesf2.S.obj (.text.__gtsf2)
                  00004e84    0000003c     libc.a : autoinit.c.obj (.text:__TI_auto_init_nobinit_nopinit)
                  00004ec0    0000003a     libclang_rt.builtins.a : comparesf2.S.obj (.text.__eqsf2)
                  00004efa    00000002     --HOLE-- [fill = 0]
                  00004efc    0000003a                            : muldsi3.S.obj (.text.__muldsi3)
                  00004f36    00000002     --HOLE-- [fill = 0]
                  00004f38    00000038     ti_msp_dl_config.o (.text.SYSCFG_DL_init)
                  00004f70    00000038     libclang_rt.builtins.a : fixsfsi.S.obj (.text.__fixsfsi)
                  00004fa8    00000034     Beep.o (.text.Control_Beep)
                  00004fdc    00000034     ti_msp_dl_config.o (.text.DL_GPIO_initDigitalInputFeatures)
                  00005010    00000034     task.o (.text.Task2)
                  00005044    00000032     ti_msp_dl_config.o (.text.SYSCFG_DL_SYSCTL_init)
                  00005076    00000002     --HOLE-- [fill = 0]
                  00005078    00000030     LED.o (.text.Control_LED)
                  000050a8    00000030     ti_msp_dl_config.o (.text.DL_GPIO_initDigitalOutputFeatures)
                  000050d8    00000030     libc.a : _printfi.c.obj (.text._fcpy)
                  00005108    0000002c     task.o (.text.__NVIC_ClearPendingIRQ)
                  00005134    0000002c     UART.o (.text.__NVIC_EnableIRQ)
                  00005160    0000002c     libclang_rt.builtins.a : floatsidf.S.obj (.text.__floatsidf)
                  0000518c    00000028     ti_msp_dl_config.o (.text.DL_Common_updateReg)
                  000051b4    00000028     libc.a : boot_cortex_m.c.obj (.text:_c_int00_noargs)
                  000051dc    00000024     motor.o (.text.Motor_On)
                  00005200    00000024     libclang_rt.builtins.a : muldi3.S.obj (.text.__muldi3)
                  00005224    00000022     pid.o (.text.PID_Init)
                  00005246    00000022     libc.a : memccpy.c.obj (.text.memccpy)
                  00005268    00000020     ti_msp_dl_config.o (.text.DL_GPIO_initPeripheralInputFunction)
                  00005288    00000020     driverlib.a : dl_uart.o (.text.DL_UART_transmitDataBlocking)
                  000052a8    00000020     Timer.o (.text.My_Delay_MS)
                  000052c8    0000001e     ti_msp_dl_config.o (.text.DL_UART_setOversampling)
                  000052e6    00000002     --HOLE-- [fill = 0]
                  000052e8    0000001e     libclang_rt.builtins.a : ashldi3.S.obj (.text.__ashldi3)
                  00005306    00000002     --HOLE-- [fill = 0]
                  00005308    0000001c     motor_QEI.o (.text.DL_GPIO_clearInterruptStatus)
                  00005324    0000001c     ti_msp_dl_config.o (.text.DL_GPIO_clearInterruptStatus)
                  00005340    0000001c     ti_msp_dl_config.o (.text.DL_GPIO_enableInterrupt)
                  0000535c    0000001c     ti_msp_dl_config.o (.text.DL_GPIO_initPeripheralOutputFunction)
                  00005378    0000001c     ti_msp_dl_config.o (.text.DL_GPIO_setLowerPinsPolarity)
                  00005394    0000001c     ti_msp_dl_config.o (.text.DL_SYSCTL_setMCLKDivider)
                  000053b0    0000001c     ti_msp_dl_config.o (.text.DL_SYSCTL_setSYSOSCFreq)
                  000053cc    0000001c     ti_msp_dl_config.o (.text.DL_SYSCTL_setULPCLKDivider)
                  000053e8    0000001c     ti_msp_dl_config.o (.text.DL_Timer_enableInterrupt)
                  00005404    0000001c     driverlib.a : dl_timer.o (.text.DL_Timer_setCaptCompUpdateMethod)
                  00005420    0000001c                 : dl_timer.o (.text.DL_Timer_setClockConfig)
                  0000543c    0000001c     ti_msp_dl_config.o (.text.DL_UART_enableInterrupt)
                  00005458    0000001c     UART.o (.text.fputc)
                  00005474    00000018     ti_msp_dl_config.o (.text.DL_GPIO_enableOutput)
                  0000548c    00000018     ti_msp_dl_config.o (.text.DL_GPIO_enablePower)
                  000054a4    00000018     motor_QEI.o (.text.DL_GPIO_getEnabledInterruptStatus)
                  000054bc    00000018     ti_msp_dl_config.o (.text.DL_GPIO_initDigitalOutput)
                  000054d4    00000018     ti_msp_dl_config.o (.text.DL_GPIO_reset)
                  000054ec    00000018     Beep.o (.text.DL_GPIO_setPins)
                  00005504    00000018     LED.o (.text.DL_GPIO_setPins)
                  0000551c    00000018     motor.o (.text.DL_GPIO_setPins)
                  00005534    00000018     ti_msp_dl_config.o (.text.DL_GPIO_setPins)
                  0000554c    00000018     ti_msp_dl_config.o (.text.DL_GPIO_setUpperPinsPolarity)
                  00005564    00000018     ti_msp_dl_config.o (.text.DL_SYSCTL_setBORThreshold)
                  0000557c    00000018     ti_msp_dl_config.o (.text.DL_Timer_enablePower)
                  00005594    00000018     ti_msp_dl_config.o (.text.DL_Timer_reset)
                  000055ac    00000018     driverlib.a : dl_timer.o (.text.DL_Timer_setCaptureCompareOutCtl)
                  000055c4    00000018     task.o (.text.DL_Timer_startCounter)
                  000055dc    00000018     ti_msp_dl_config.o (.text.DL_UART_enablePower)
                  000055f4    00000018     ti_msp_dl_config.o (.text.DL_UART_reset)
                  0000560c    00000018     motor_QEI.o (.text.Get_QEI_BL)
                  00005624    00000018     motor_QEI.o (.text.Get_QEI_BR)
                  0000563c    00000018     motor_QEI.o (.text.Get_QEI_FL)
                  00005654    00000018     motor_QEI.o (.text.Get_QEI_FR)
                  0000566c    00000016     motor_QEI.o (.text.DL_GPIO_readPins)
                  00005682    00000016     ti_msp_dl_config.o (.text.DL_UART_enable)
                  00005698    00000016     UART.o (.text.NVIC_INIT)
                  000056ae    00000016     libc.a : k_rem_pio2.c.obj (.text.OUTLINED_FUNCTION_0)
                  000056c4    00000010     libclang_rt.builtins.a : adddf3.S.obj (.tramp.__aeabi_dadd.1)
                  000056d4    00000016     libc.a : copy_zero_init.c.obj (.text:decompress:ZI:__TI_zero_init_nomemset)
                  000056ea    00000014     Beep.o (.text.DL_GPIO_clearPins)
                  000056fe    00000014     LED.o (.text.DL_GPIO_clearPins)
                  00005712    00000014     motor.o (.text.DL_GPIO_clearPins)
                  00005726    00000014     ti_msp_dl_config.o (.text.DL_GPIO_clearPins)
                  0000573a    00000002     --HOLE-- [fill = 0]
                  0000573c    00000014     ti_msp_dl_config.o (.text.DL_SYSCTL_disableSYSPLL)
                  00005750    00000014     ti_msp_dl_config.o (.text.DL_Timer_enableClock)
                  00005764    00000014     ti_msp_dl_config.o (.text.DL_Timer_setCCPDirection)
                  00005778    00000014     UART.o (.text.DL_UART_receiveData)
                  0000578c    00000014     libclang_rt.builtins.a : aeabi_uldivmod.S.obj (.text.__aeabi_uldivmod)
                  000057a0    00000014     empty.o (.text.main)
                  000057b4    00000014     libc.a : _printfi.c.obj (.text.strchr)
                  000057c8    00000012     driverlib.a : dl_uart.o (.text.DL_UART_setClockConfig)
                  000057da    00000012     libc.a : memcpy16.S.obj (.text:TI_memcpy_small)
                  000057ec    00000012            : copy_decompress_none.c.obj (.text:decompress:none)
                  000057fe    00000002     --HOLE-- [fill = 0]
                  00005800    00000010     ti_msp_dl_config.o (.text.DL_SYSCTL_disableHFXT)
                  00005810    00000010     driverlib.a : dl_timer.o (.text.DL_Timer_setCaptureCompareValue)
                  00005820    00000010     libc.a : k_rem_pio2.c.obj (.text.OUTLINED_FUNCTION_2)
                  00005830    00000010     pid.o (.text.PID_SetTaget)
                  00005840    00000010     libc.a : wcslen.c.obj (.text.wcslen)
                  00005850    0000000e            : s_sin.c.obj (.text.OUTLINED_FUNCTION_1)
                  0000585e    00000002     --HOLE-- [fill = 0]
                  00005860    00000010     libclang_rt.builtins.a : adddf3.S.obj (.tramp.__aeabi_dsub.1)
                  00005870    0000000e     libc.a : s_sin.c.obj (.text.OUTLINED_FUNCTION_2)
                  0000587e    00000002     --HOLE-- [fill = 0]
                  00005880    0000000e     libclang_rt.builtins.a : aeabi_memset.S.obj (.text.__aeabi_memset)
                  0000588e    0000000e     libc.a : _printfi.c.obj (.text.strlen)
                  0000589c    0000000e            : strlen.c.obj (.text.strlen)
                  000058aa    0000000e            : memset16.S.obj (.text:TI_memset_small)
                  000058b8    0000000c     Timer.o (.text.TIMA1_IRQHandler)
                  000058c4    0000000a     driverlib.a : dl_common.o (.text.DL_Common_delayCycles)
                  000058ce    0000000a     libc.a : _printfi.c.obj (.text.OUTLINED_FUNCTION_0)
                  000058d8    0000000a            : _printfi.c.obj (.text.OUTLINED_FUNCTION_1)
                  000058e2    0000000a            : k_rem_pio2.c.obj (.text.OUTLINED_FUNCTION_1)
                  000058ec    00000008            : aeabi_portable.c.obj (.text.__aeabi_errno_addr)
                  000058f4    00000008     libclang_rt.builtins.a : aeabi_memcpy.S.obj (.text.__aeabi_memcpy)
                  000058fc    00000008     libc.a : printf.c.obj (.text._outc)
                  00005904    00000008            : printf.c.obj (.text._outs)
                  0000590c    00000006            : k_cos.c.obj (.text.OUTLINED_FUNCTION_0)
                  00005912    00000002     --HOLE-- [fill = 0]
                  00005914    00000010     libclang_rt.builtins.a : muldf3.S.obj (.tramp.__aeabi_dmul.1)
                  00005924    00000006     libc.a : k_sin.c.obj (.text.OUTLINED_FUNCTION_0)
                  0000592a    00000006            : s_sin.c.obj (.text.OUTLINED_FUNCTION_0)
                  00005930    00000006            : s_sin.c.obj (.text.OUTLINED_FUNCTION_4)
                  00005936    00000006            : s_sin.c.obj (.text.OUTLINED_FUNCTION_6)
                  0000593c    00000006            : exit.c.obj (.text:abort)
                  00005942    00000004     startup_mspm0g350x_ticlang.o (.text.Default_Handler)
                  00005946    00000004     libsysbm.a : hostexit.c.obj (.text.HOSTexit)
                  0000594a    00000004     libc.a : s_sin.c.obj (.text.OUTLINED_FUNCTION_3)
                  0000594e    00000004            : s_sin.c.obj (.text.OUTLINED_FUNCTION_5)
                  00005952    00000004     startup_mspm0g350x_ticlang.o (.text.Reset_Handler)
                  00005956    00000004     libc.a : pre_init.c.obj (.text._system_pre_init)
                  0000595a    00000006     --HOLE-- [fill = 0]

.cinit     0    00005c40    00000060     
                  00005c40    00000038     (.cinit..data.load) [load image, compression = lzss]
                  00005c78    0000000c     (__TI_handler_table)
                  00005c84    00000008     (.cinit..bss.load) [load image, compression = zero_init]
                  00005c8c    00000010     (__TI_cinit_table)
                  00005c9c    00000004     --HOLE-- [fill = 0]

.rodata    0    00005960    000002e0     
                  00005960    00000108     libc.a : k_rem_pio2.c.obj (.rodata.ipio2)
                  00005a68    00000008     ti_msp_dl_config.o (.rodata.gPWM_MOTORConfig)
                  00005a70    00000101     libc.a : aeabi_ctype.S.obj (.rodata:__aeabi_ctype_table_)
                  00005b71    00000003     ti_msp_dl_config.o (.rodata.gPWM_MOTORClockConfig)
                  00005b74    00000003     ti_msp_dl_config.o (.rodata.gTIMER_MS_SYSClockConfig)
                  00005b77    00000001     --HOLE-- [fill = 0]
                  00005b78    00000040     libc.a : k_rem_pio2.c.obj (.rodata.PIo2)
                  00005bb8    00000014     ti_msp_dl_config.o (.rodata.gTIMER_MS_SYSTimerConfig)
                  00005bcc    00000014     ti_msp_dl_config.o (.rodata.gTIMER_MS_UARTTimerConfig)
                  00005be0    00000011     libc.a : _printfi.c.obj (.rodata.str1.10348868589481759720.1)
                  00005bf1    00000011            : _printfi.c.obj (.rodata.str1.15363888844622738466.1)
                  00005c02    00000002     ti_msp_dl_config.o (.rodata.gUART_OPENMVClockConfig)
                  00005c04    00000010     libc.a : k_rem_pio2.c.obj (.rodata.cst16)
                  00005c14    0000000d     task.o (.rodata.str1.13327075223462700773.1)
                  00005c21    00000001     --HOLE-- [fill = 0]
                  00005c22    0000000a     ti_msp_dl_config.o (.rodata.gUART_OPENMVConfig)
                  00005c2c    0000000a     ti_msp_dl_config.o (.rodata.gUART_TuoLuoYiConfig)
                  00005c36    00000003     ti_msp_dl_config.o (.rodata.gTIMER_MS_UARTClockConfig)
                  00005c39    00000002     ti_msp_dl_config.o (.rodata.gUART_TuoLuoYiClockConfig)
                  00005c3b    00000005     --HOLE-- [fill = 0]

.init_array 
*          0    00000000    00000000     UNINITIALIZED

.binit     0    00000000    00000000     

.bss       0    20200000    00000300     UNINITIALIZED
                  20200000    000000bc     (.common:gPWM_MOTORBackup)
                  202000bc    000000bc     (.common:gTIMER_MS_UARTBackup)
                  20200178    00000034     (.common:PID_BL)
                  202001ac    00000034     (.common:PID_BR)
                  202001e0    00000034     (.common:PID_FL)
                  20200214    00000034     (.common:PID_FR)
                  20200248    00000034     (.common:PID_Turn)
                  2020027c    00000034     (.common:PID_Yaw)
                  202002b0    00000029     (.common:USART_RXBUF_XunJi)
                  202002d9    00000014     (.common:USART_RXBUF_TuoLuoYi)
                  202002ed    00000001     --HOLE--
                  202002ee    00000002     (.common:Yawangle)
                  202002f0    00000004     Timer.o (.bss.TIMG0_IRQHandler.Count)
                  202002f4    00000004     (.common:QYaw)
                  202002f8    00000004     (.common:QYaw1)
                  202002fc    00000004     (.common:QYaw1Init)

.data      0    20200300    0000013a     UNINITIALIZED
                  20200300    000000f0     libc.a : defs.c.obj (.data._ftable)
                  202003f0    0000000a     UART.o (.data.Xunji)
                  202003fa    00000001     UART.o (.data.Uart_Run_TuoLuoYi.flag)
                  202003fb    00000001     UART.o (.data.Uart_Run_TuoLuoYi.i)
                  202003fc    00000004     motor_QEI.o (.data.Average_count)
                  20200400    00000004     motor_QEI.o (.data.Back_Left_Count)
                  20200404    00000004     motor_QEI.o (.data.Back_Right_Count)
                  20200408    00000004     XunJi.o (.data.CentrePWM)
                  2020040c    00000004     motor_QEI.o (.data.Front_Left_Count)
                  20200410    00000004     motor_QEI.o (.data.Front_Right_Count)
                  20200414    00000004     XunJi.o (.data.GetXunJIErr.lasterr)
                  20200418    00000004     pid.o (.data.PID_Update_Xunji.BianSu_C)
                  2020041c    00000004     pid.o (.data.PID_Update_Yaw.BianSu_C)
                  20200420    00000004     motor_QEI.o (.data.Start_Count)
                  20200424    00000004     libc.a : aeabi_portable.c.obj (.data.__aeabi_errno)
                  20200428    00000004            : _lock.c.obj (.data._lock)
                  2020042c    00000004            : _lock.c.obj (.data._unlock)
                  20200430    00000004     motor.o (.data.compareValue)
                  20200434    00000004     Timer.o (.data.delay_count)
                  20200438    00000001     UART.o (.data.Uart_Run_XunJi.flag)
                  20200439    00000001     UART.o (.data.Uart_Run_XunJi.i)

.stack     0    20203e00    00000200     UNINITIALIZED
                  20203e00    00000004     libc.a : boot_cortex_m.c.obj (.stack)
                  20203e04    000001fc     --HOLE--

__llvm_prf_cnts 
*          0    20200000    00000000     UNINITIALIZED

__llvm_prf_bits 
*          0    20200000    00000000     UNINITIALIZED

MODULE SUMMARY

       Module                         code    ro data   rw data
       ------                         ----    -------   -------
    .\
       ti_msp_dl_config.o             2314    81        376    
       startup_mspm0g350x_ticlang.o   8       192       0      
       empty.o                        20      0         0      
    +--+------------------------------+-------+---------+---------+
       Total:                         2342    273       376    
                                                               
    .\Driver\
       XunJi.o                        2524    0         8      
       pid.o                          1890    0         320    
       motor.o                        1020    0         4      
       UART.o                         686     0         89     
       motor_QEI.o                    494     0         24     
       task.o                         412     13        0      
       Timer.o                        140     0         8      
       Beep.o                         96      0         0      
       LED.o                          92      0         0      
    +--+------------------------------+-------+---------+---------+
       Total:                         7354    13        453    
                                                               
    C:/ti/mspm0_sdk_2_05_01_00/source/ti/driverlib/lib/ticlang/m0p/mspm0g1x0x_g3x0x/driverlib.a
       dl_timer.o                     588     0         0      
       dl_uart.o                      122     0         0      
       dl_common.o                    10      0         0      
    +--+------------------------------+-------+---------+---------+
       Total:                         720     0         0      
                                                               
    C:\ti\ccs2010\ccs\tools\compiler\ti-cgt-armllvm_4.0.2.LTS\lib\armv6m-ti-none-eabi/c/libc.a
       _printfi.c.obj                 4510    34        0      
       k_rem_pio2.c.obj               1652    344       0      
       s_sin.c.obj                    1166    0         0      
       k_sin.c.obj                    366     0         0      
       k_cos.c.obj                    342     0         0      
       s_floor.c.obj                  324     0         0      
       aeabi_ctype.S.obj              0       257       0      
       defs.c.obj                     0       0         240    
       s_scalbn.c.obj                 216     0         0      
       copy_decompress_lzss.c.obj     124     0         0      
       printf.c.obj                   108     0         0      
       s_frexp.c.obj                  92      0         0      
       _ltoa.c.obj                    88      0         0      
       atoi.c.obj                     64      0         0      
       autoinit.c.obj                 60      0         0      
       boot_cortex_m.c.obj            40      0         0      
       memccpy.c.obj                  34      0         0      
       copy_zero_init.c.obj           22      0         0      
       copy_decompress_none.c.obj     18      0         0      
       memcpy16.S.obj                 18      0         0      
       wcslen.c.obj                   16      0         0      
       memset16.S.obj                 14      0         0      
       strlen.c.obj                   14      0         0      
       aeabi_portable.c.obj           8       0         4      
       _lock.c.obj                    2       0         8      
       exit.c.obj                     6       0         0      
       pre_init.c.obj                 4       0         0      
    +--+------------------------------+-------+---------+---------+
       Total:                         9308    635       252    
                                                               
    C:\ti\ccs2010\ccs\tools\compiler\ti-cgt-armllvm_4.0.2.LTS\lib\armv6m-ti-none-eabi/c/libsysbm.a
       hostexit.c.obj                 4       0         0      
    +--+------------------------------+-------+---------+---------+
       Total:                         4       0         0      
                                                               
    C:\ti\ccs2010\ccs\tools\compiler\ti-cgt-armllvm_4.0.2.LTS\lib\armv6m-ti-none-eabi/libclang_rt.builtins.a
       adddf3.S.obj                   434     0         0      
       divdf3.S.obj                   268     0         0      
       muldf3.S.obj                   244     0         0      
       comparedf2.c.obj               220     0         0      
       addsf3.S.obj                   216     0         0      
       udivmoddi4.S.obj               162     0         0      
       mulsf3.S.obj                   140     0         0      
       divsf3.S.obj                   130     0         0      
       comparesf2.S.obj               118     0         0      
       truncdfsf2.S.obj               116     0         0      
       aeabi_dcmp.S.obj               98      0         0      
       aeabi_fcmp.S.obj               98      0         0      
       aeabi_idivmod.S.obj            86      0         0      
       fixdfsi.S.obj                  74      0         0      
       fixunsdfsi.S.obj               66      0         0      
       aeabi_uidivmod.S.obj           64      0         0      
       extendsfdf2.S.obj              64      0         0      
       floatsisf.S.obj                60      0         0      
       muldsi3.S.obj                  58      0         0      
       fixsfsi.S.obj                  56      0         0      
       floatsidf.S.obj                44      0         0      
       muldi3.S.obj                   36      0         0      
       ashldi3.S.obj                  30      0         0      
       aeabi_uldivmod.S.obj           20      0         0      
       aeabi_memset.S.obj             14      0         0      
       aeabi_memcpy.S.obj             8       0         0      
       aeabi_div0.c.obj               4       0         0      
    +--+------------------------------+-------+---------+---------+
       Total:                         2928    0         0      
                                                               
       Stack:                         0       0         512    
       Linker Generated:              0       92        0      
    +--+------------------------------+-------+---------+---------+
       Grand Total:                   22656   1013      1593   


LINKER GENERATED COPY TABLES

__TI_cinit_table @ 00005c8c records: 2, size/record: 8, table size: 16
	.data: load addr=00005c40, load size=00000038 bytes, run addr=20200300, run size=0000013a bytes, compression=lzss
	.bss: load addr=00005c84, load size=00000008 bytes, run addr=20200000, run size=00000300 bytes, compression=zero_init


LINKER GENERATED HANDLER TABLE

__TI_handler_table @ 00005c78 records: 3, size/record: 4, table size: 12
	index: 0, handler: __TI_decompress_lzss
	index: 1, handler: __TI_decompress_none
	index: 2, handler: __TI_zero_init


FAR CALL TRAMPOLINES

callee name               trampoline name
   callee addr  tramp addr   call addr  call info
--------------  -----------  ---------  ----------------
__aeabi_dadd              $Tramp$TT$L$PI$$__aeabi_dadd
   0000242b     000056c4     000056c2   libc.a : k_rem_pio2.c.obj (.text.OUTLINED_FUNCTION_0)
                             000058ea          : k_rem_pio2.c.obj (.text.OUTLINED_FUNCTION_1)
                             0000592e          : s_sin.c.obj (.text.OUTLINED_FUNCTION_0)
                             0000594c          : s_sin.c.obj (.text.OUTLINED_FUNCTION_3)
__aeabi_dsub              $Tramp$TT$L$PI$$__aeabi_dsub
   00002421     00005860     0000585c   libc.a : s_sin.c.obj (.text.OUTLINED_FUNCTION_1)
                             0000587c          : s_sin.c.obj (.text.OUTLINED_FUNCTION_2)
                             000058d6          : _printfi.c.obj (.text.OUTLINED_FUNCTION_0)
                             0000593a          : s_sin.c.obj (.text.OUTLINED_FUNCTION_6)
                             00005950          : s_sin.c.obj (.text.OUTLINED_FUNCTION_5)
__aeabi_dmul              $Tramp$TT$L$PI$$__aeabi_dmul
   00003d09     00005914     00005910   libc.a : k_cos.c.obj (.text.OUTLINED_FUNCTION_0)
                             00005928          : k_sin.c.obj (.text.OUTLINED_FUNCTION_0)
                             00005934          : s_sin.c.obj (.text.OUTLINED_FUNCTION_4)

[3 trampolines]
[12 trampoline calls]


GLOBAL SYMBOLS: SORTED ALPHABETICALLY BY Name 

address   name                            
-------   ----                            
00005943  ADC0_IRQHandler                 
00005943  ADC1_IRQHandler                 
00005943  AES_IRQHandler                  
202003fc  Average_count                   
20200400  Back_Left_Count                 
20200404  Back_Right_Count                
00005946  C$$EXIT                         
00005943  CANFD0_IRQHandler               
20200408  CentrePWM                       
0000273d  ControlSinAngleA_B              
000028bd  ControlSinAngleC_D              
00004fa9  Control_Beep                    
00005079  Control_LED                     
00005943  DAC0_IRQHandler                 
000058c5  DL_Common_delayCycles           
00003b1d  DL_Timer_initFourCCPWMMode      
00003c21  DL_Timer_initTimerMode          
00005405  DL_Timer_setCaptCompUpdateMethod
000055ad  DL_Timer_setCaptureCompareOutCtl
00005811  DL_Timer_setCaptureCompareValue 
00005421  DL_Timer_setClockConfig         
00004b75  DL_UART_init                    
000057c9  DL_UART_setClockConfig          
00005289  DL_UART_transmitDataBlocking    
00005943  DMA_IRQHandler                  
00005943  Default_Handler                 
2020040c  Front_Left_Count                
20200410  Front_Right_Count               
00005943  GROUP0_IRQHandler               
00002e5d  GROUP1_IRQHandler               
000010d5  GetXunJIErr                     
0000560d  Get_QEI_BL                      
00005625  Get_QEI_BR                      
0000563d  Get_QEI_FL                      
00005655  Get_QEI_FR                      
00005947  HOSTexit                        
00005943  HardFault_Handler               
00005943  I2C0_IRQHandler                 
00005943  I2C1_IRQHandler                 
000051dd  Motor_On                        
000052a9  My_Delay_MS                     
00005943  NMI_Handler                     
00005699  NVIC_INIT                       
20200178  PID_BL                          
202001ac  PID_BR                          
202001e0  PID_FL                          
20200214  PID_FR                          
00005225  PID_Init                        
00005831  PID_SetTaget                    
20200248  PID_Turn                        
00003221  PID_Update_BL                   
00003349  PID_Update_BR                   
00003471  PID_Update_FL                   
00003599  PID_Update_FR                   
00003a15  PID_Update_Xunji                
000025b5  PID_Update_Yaw                  
2020027c  PID_Yaw                         
00005943  PendSV_Handler                  
202002f4  QYaw                            
202002f8  QYaw1                           
202002fc  QYaw1Init                       
00005943  RTC_IRQHandler                  
00005953  Reset_Handler                   
00005943  SPI0_IRQHandler                 
00005943  SPI1_IRQHandler                 
00005943  SVC_Handler                     
00002249  SYSCFG_DL_GPIO_init             
00003ded  SYSCFG_DL_PWM_MOTOR_init        
00005045  SYSCFG_DL_SYSCTL_init           
00004c91  SYSCFG_DL_TIMER_MS_SYS_init     
00004cd1  SYSCFG_DL_TIMER_MS_UART_init    
00004bbd  SYSCFG_DL_UART_OPENMV_init      
00004c05  SYSCFG_DL_UART_TuoLuoYi_init    
00004f39  SYSCFG_DL_init                  
0000428d  SYSCFG_DL_initPower             
00001aa1  Set_Speed                       
20200420  Start_Count                     
00005943  SysTick_Handler                 
00004139  TASK_INIT                       
00004529  TASK_LOOP                       
00005943  TIMA0_IRQHandler                
000058b9  TIMA1_IRQHandler                
0000481d  TIMG0_IRQHandler                
00005943  TIMG12_IRQHandler               
00005943  TIMG6_IRQHandler                
00005943  TIMG7_IRQHandler                
00005943  TIMG8_IRQHandler                
000057db  TI_memcpy_small                 
000058ab  TI_memset_small                 
00005011  Task2                           
000025b3  UART0_IRQHandler                
0000428b  UART1_IRQHandler                
00005943  UART2_IRQHandler                
00005943  UART3_IRQHandler                
202002d9  USART_RXBUF_TuoLuoYi            
202002b0  USART_RXBUF_XunJi               
000036c1  Uart_Run_TuoLuoYi               
00004079  Uart_Run_XunJi                  
00002a3d  XunJIPIDConcrolTurn             
202003f0  Xunji                           
202002ee  Yawangle                        
20204000  __STACK_END                     
00000200  __STACK_SIZE                    
00000000  __TI_ATRegion0_region_sz        
00000000  __TI_ATRegion0_src_addr         
00000000  __TI_ATRegion0_trg_addr         
00000000  __TI_ATRegion1_region_sz        
00000000  __TI_ATRegion1_src_addr         
00000000  __TI_ATRegion1_trg_addr         
00000000  __TI_ATRegion2_region_sz        
00000000  __TI_ATRegion2_src_addr         
00000000  __TI_ATRegion2_trg_addr         
00005c8c  __TI_CINIT_Base                 
00005c9c  __TI_CINIT_Limit                
00005c9c  __TI_CINIT_Warm                 
00005c78  __TI_Handler_Table_Base         
00005c84  __TI_Handler_Table_Limit        
00004e85  __TI_auto_init_nobinit_nopinit  
000044ad  __TI_decompress_lzss            
000057ed  __TI_decompress_none            
00004935  __TI_ltoa                       
ffffffff  __TI_pprof_out_hndl             
000000c1  __TI_printfi                    
ffffffff  __TI_prof_data_size             
ffffffff  __TI_prof_data_start            
00000000  __TI_static_base__              
000056d5  __TI_zero_init_nomemset         
0000242b  __adddf3                        
00003fab  __addsf3                        
00005a70  __aeabi_ctype_table_            
00005a70  __aeabi_ctype_table_C           
00004611  __aeabi_d2f                     
00004b29  __aeabi_d2iz                    
00004c4d  __aeabi_d2uiz                   
0000242b  __aeabi_dadd                    
00004755  __aeabi_dcmpeq                  
00004791  __aeabi_dcmpge                  
000047a5  __aeabi_dcmpgt                  
0000477d  __aeabi_dcmple                  
00004769  __aeabi_dcmplt                  
00003909  __aeabi_ddiv                    
00003d09  __aeabi_dmul                    
00002421  __aeabi_dsub                    
20200424  __aeabi_errno                   
000058ed  __aeabi_errno_addr              
00004d51  __aeabi_f2d                     
00004f71  __aeabi_f2iz                    
00003fab  __aeabi_fadd                    
000047b9  __aeabi_fcmpeq                  
000047f5  __aeabi_fcmpge                  
00004809  __aeabi_fcmpgt                  
000047e1  __aeabi_fcmple                  
000047cd  __aeabi_fcmplt                  
00004429  __aeabi_fdiv                    
00004319  __aeabi_fmul                    
00003fa1  __aeabi_fsub                    
00005161  __aeabi_i2d                     
00004e0d  __aeabi_i2f                     
000049e5  __aeabi_idiv                    
000044ab  __aeabi_idiv0                   
000049e5  __aeabi_idivmod                 
00004753  __aeabi_ldiv0                   
000052e9  __aeabi_llsl                    
00005201  __aeabi_lmul                    
000058f5  __aeabi_memcpy                  
000058f5  __aeabi_memcpy4                 
000058f5  __aeabi_memcpy8                 
00005881  __aeabi_memset                  
00005881  __aeabi_memset4                 
00005881  __aeabi_memset8                 
00004d11  __aeabi_uidiv                   
00004d11  __aeabi_uidivmod                
0000578d  __aeabi_uldivmod                
000052e9  __ashldi3                       
ffffffff  __binit__                       
00004685  __cmpdf2                        
00004ec1  __cmpsf2                        
00003909  __divdf3                        
00004429  __divsf3                        
00004685  __eqdf2                         
00004ec1  __eqsf2                         
00004d51  __extendsfdf2                   
00004b29  __fixdfsi                       
00004f71  __fixsfsi                       
00004c4d  __fixunsdfsi                    
00005161  __floatsidf                     
00004e0d  __floatsisf                     
0000459d  __gedf2                         
00004e49  __gesf2                         
0000459d  __gtdf2                         
00004e49  __gtsf2                         
00002d0d  __kernel_cos                    
00000a91  __kernel_rem_pio2               
00002ba5  __kernel_sin                    
00004685  __ledf2                         
00004ec1  __lesf2                         
00004685  __ltdf2                         
00004ec1  __ltsf2                         
UNDEFED   __mpu_init                      
00003d09  __muldf3                        
00005201  __muldi3                        
00004efd  __muldsi3                       
00004319  __mulsf3                        
00004685  __nedf2                         
00004ec1  __nesf2                         
20203e00  __stack                         
20200000  __start___llvm_prf_bits         
20200000  __start___llvm_prf_cnts         
20200000  __stop___llvm_prf_bits          
20200000  __stop___llvm_prf_cnts          
00002421  __subdf3                        
00003fa1  __subsf3                        
00004611  __truncdfsf2                    
000041e9  __udivmoddi4                    
000051b5  _c_int00_noargs                 
20200300  _ftable                         
20200428  _lock                           
000047b7  _nop                            
UNDEFED   _system_post_cinit              
00005957  _system_pre_init                
2020042c  _unlock                         
0000593d  abort                           
00004d91  atoi                            
ffffffff  binit                           
20200430  compareValue                    
20200434  delay_count                     
00002fa1  floor                           
00002fa1  floorl                          
00005459  fputc                           
00004a8d  fputs                           
0000487d  frexp                           
0000487d  frexpl                          
20200000  gPWM_MOTORBackup                
202000bc  gTIMER_MS_UARTBackup            
00000000  interruptVectors                
00003ec9  ldexp                           
00003ec9  ldexpl                          
000057a1  main                            
00005247  memccpy                         
000048d9  printf                          
00003ec9  scalbn                          
00003ec9  scalbnl                         
00001649  sin                             
00001649  sinl                            
0000589d  strlen                          
00005841  wcslen                          


GLOBAL SYMBOLS: SORTED BY Symbol Address 

address   name                            
-------   ----                            
00000000  __TI_ATRegion0_region_sz        
00000000  __TI_ATRegion0_src_addr         
00000000  __TI_ATRegion0_trg_addr         
00000000  __TI_ATRegion1_region_sz        
00000000  __TI_ATRegion1_src_addr         
00000000  __TI_ATRegion1_trg_addr         
00000000  __TI_ATRegion2_region_sz        
00000000  __TI_ATRegion2_src_addr         
00000000  __TI_ATRegion2_trg_addr         
00000000  __TI_static_base__              
00000000  interruptVectors                
000000c1  __TI_printfi                    
00000200  __STACK_SIZE                    
00000a91  __kernel_rem_pio2               
000010d5  GetXunJIErr                     
00001649  sin                             
00001649  sinl                            
00001aa1  Set_Speed                       
00002249  SYSCFG_DL_GPIO_init             
00002421  __aeabi_dsub                    
00002421  __subdf3                        
0000242b  __adddf3                        
0000242b  __aeabi_dadd                    
000025b3  UART0_IRQHandler                
000025b5  PID_Update_Yaw                  
0000273d  ControlSinAngleA_B              
000028bd  ControlSinAngleC_D              
00002a3d  XunJIPIDConcrolTurn             
00002ba5  __kernel_sin                    
00002d0d  __kernel_cos                    
00002e5d  GROUP1_IRQHandler               
00002fa1  floor                           
00002fa1  floorl                          
00003221  PID_Update_BL                   
00003349  PID_Update_BR                   
00003471  PID_Update_FL                   
00003599  PID_Update_FR                   
000036c1  Uart_Run_TuoLuoYi               
00003909  __aeabi_ddiv                    
00003909  __divdf3                        
00003a15  PID_Update_Xunji                
00003b1d  DL_Timer_initFourCCPWMMode      
00003c21  DL_Timer_initTimerMode          
00003d09  __aeabi_dmul                    
00003d09  __muldf3                        
00003ded  SYSCFG_DL_PWM_MOTOR_init        
00003ec9  ldexp                           
00003ec9  ldexpl                          
00003ec9  scalbn                          
00003ec9  scalbnl                         
00003fa1  __aeabi_fsub                    
00003fa1  __subsf3                        
00003fab  __addsf3                        
00003fab  __aeabi_fadd                    
00004079  Uart_Run_XunJi                  
00004139  TASK_INIT                       
000041e9  __udivmoddi4                    
0000428b  UART1_IRQHandler                
0000428d  SYSCFG_DL_initPower             
00004319  __aeabi_fmul                    
00004319  __mulsf3                        
00004429  __aeabi_fdiv                    
00004429  __divsf3                        
000044ab  __aeabi_idiv0                   
000044ad  __TI_decompress_lzss            
00004529  TASK_LOOP                       
0000459d  __gedf2                         
0000459d  __gtdf2                         
00004611  __aeabi_d2f                     
00004611  __truncdfsf2                    
00004685  __cmpdf2                        
00004685  __eqdf2                         
00004685  __ledf2                         
00004685  __ltdf2                         
00004685  __nedf2                         
00004753  __aeabi_ldiv0                   
00004755  __aeabi_dcmpeq                  
00004769  __aeabi_dcmplt                  
0000477d  __aeabi_dcmple                  
00004791  __aeabi_dcmpge                  
000047a5  __aeabi_dcmpgt                  
000047b7  _nop                            
000047b9  __aeabi_fcmpeq                  
000047cd  __aeabi_fcmplt                  
000047e1  __aeabi_fcmple                  
000047f5  __aeabi_fcmpge                  
00004809  __aeabi_fcmpgt                  
0000481d  TIMG0_IRQHandler                
0000487d  frexp                           
0000487d  frexpl                          
000048d9  printf                          
00004935  __TI_ltoa                       
000049e5  __aeabi_idiv                    
000049e5  __aeabi_idivmod                 
00004a8d  fputs                           
00004b29  __aeabi_d2iz                    
00004b29  __fixdfsi                       
00004b75  DL_UART_init                    
00004bbd  SYSCFG_DL_UART_OPENMV_init      
00004c05  SYSCFG_DL_UART_TuoLuoYi_init    
00004c4d  __aeabi_d2uiz                   
00004c4d  __fixunsdfsi                    
00004c91  SYSCFG_DL_TIMER_MS_SYS_init     
00004cd1  SYSCFG_DL_TIMER_MS_UART_init    
00004d11  __aeabi_uidiv                   
00004d11  __aeabi_uidivmod                
00004d51  __aeabi_f2d                     
00004d51  __extendsfdf2                   
00004d91  atoi                            
00004e0d  __aeabi_i2f                     
00004e0d  __floatsisf                     
00004e49  __gesf2                         
00004e49  __gtsf2                         
00004e85  __TI_auto_init_nobinit_nopinit  
00004ec1  __cmpsf2                        
00004ec1  __eqsf2                         
00004ec1  __lesf2                         
00004ec1  __ltsf2                         
00004ec1  __nesf2                         
00004efd  __muldsi3                       
00004f39  SYSCFG_DL_init                  
00004f71  __aeabi_f2iz                    
00004f71  __fixsfsi                       
00004fa9  Control_Beep                    
00005011  Task2                           
00005045  SYSCFG_DL_SYSCTL_init           
00005079  Control_LED                     
00005161  __aeabi_i2d                     
00005161  __floatsidf                     
000051b5  _c_int00_noargs                 
000051dd  Motor_On                        
00005201  __aeabi_lmul                    
00005201  __muldi3                        
00005225  PID_Init                        
00005247  memccpy                         
00005289  DL_UART_transmitDataBlocking    
000052a9  My_Delay_MS                     
000052e9  __aeabi_llsl                    
000052e9  __ashldi3                       
00005405  DL_Timer_setCaptCompUpdateMethod
00005421  DL_Timer_setClockConfig         
00005459  fputc                           
000055ad  DL_Timer_setCaptureCompareOutCtl
0000560d  Get_QEI_BL                      
00005625  Get_QEI_BR                      
0000563d  Get_QEI_FL                      
00005655  Get_QEI_FR                      
00005699  NVIC_INIT                       
000056d5  __TI_zero_init_nomemset         
0000578d  __aeabi_uldivmod                
000057a1  main                            
000057c9  DL_UART_setClockConfig          
000057db  TI_memcpy_small                 
000057ed  __TI_decompress_none            
00005811  DL_Timer_setCaptureCompareValue 
00005831  PID_SetTaget                    
00005841  wcslen                          
00005881  __aeabi_memset                  
00005881  __aeabi_memset4                 
00005881  __aeabi_memset8                 
0000589d  strlen                          
000058ab  TI_memset_small                 
000058b9  TIMA1_IRQHandler                
000058c5  DL_Common_delayCycles           
000058ed  __aeabi_errno_addr              
000058f5  __aeabi_memcpy                  
000058f5  __aeabi_memcpy4                 
000058f5  __aeabi_memcpy8                 
0000593d  abort                           
00005943  ADC0_IRQHandler                 
00005943  ADC1_IRQHandler                 
00005943  AES_IRQHandler                  
00005943  CANFD0_IRQHandler               
00005943  DAC0_IRQHandler                 
00005943  DMA_IRQHandler                  
00005943  Default_Handler                 
00005943  GROUP0_IRQHandler               
00005943  HardFault_Handler               
00005943  I2C0_IRQHandler                 
00005943  I2C1_IRQHandler                 
00005943  NMI_Handler                     
00005943  PendSV_Handler                  
00005943  RTC_IRQHandler                  
00005943  SPI0_IRQHandler                 
00005943  SPI1_IRQHandler                 
00005943  SVC_Handler                     
00005943  SysTick_Handler                 
00005943  TIMA0_IRQHandler                
00005943  TIMG12_IRQHandler               
00005943  TIMG6_IRQHandler                
00005943  TIMG7_IRQHandler                
00005943  TIMG8_IRQHandler                
00005943  UART2_IRQHandler                
00005943  UART3_IRQHandler                
00005946  C$$EXIT                         
00005947  HOSTexit                        
00005953  Reset_Handler                   
00005957  _system_pre_init                
00005a70  __aeabi_ctype_table_            
00005a70  __aeabi_ctype_table_C           
00005c78  __TI_Handler_Table_Base         
00005c84  __TI_Handler_Table_Limit        
00005c8c  __TI_CINIT_Base                 
00005c9c  __TI_CINIT_Limit                
00005c9c  __TI_CINIT_Warm                 
20200000  __start___llvm_prf_bits         
20200000  __start___llvm_prf_cnts         
20200000  __stop___llvm_prf_bits          
20200000  __stop___llvm_prf_cnts          
20200000  gPWM_MOTORBackup                
202000bc  gTIMER_MS_UARTBackup            
20200178  PID_BL                          
202001ac  PID_BR                          
202001e0  PID_FL                          
20200214  PID_FR                          
20200248  PID_Turn                        
2020027c  PID_Yaw                         
202002b0  USART_RXBUF_XunJi               
202002d9  USART_RXBUF_TuoLuoYi            
202002ee  Yawangle                        
202002f4  QYaw                            
202002f8  QYaw1                           
202002fc  QYaw1Init                       
20200300  _ftable                         
202003f0  Xunji                           
202003fc  Average_count                   
20200400  Back_Left_Count                 
20200404  Back_Right_Count                
20200408  CentrePWM                       
2020040c  Front_Left_Count                
20200410  Front_Right_Count               
20200420  Start_Count                     
20200424  __aeabi_errno                   
20200428  _lock                           
2020042c  _unlock                         
20200430  compareValue                    
20200434  delay_count                     
20203e00  __stack                         
20204000  __STACK_END                     
ffffffff  __TI_pprof_out_hndl             
ffffffff  __TI_prof_data_size             
ffffffff  __TI_prof_data_start            
ffffffff  __binit__                       
ffffffff  binit                           
UNDEFED   __mpu_init                      
UNDEFED   _system_post_cinit              

[246 symbols]
