******************************************************************************
            TI ARM Clang Linker PC v4.0.2                      
******************************************************************************
>> Linked Wed Jul 23 19:45:52 2025

OUTPUT FILE NAME:   <dansaichongshengban.out>
ENTRY POINT SYMBOL: "_c_int00_noargs"  address: 0000403d


MEMORY CONFIGURATION

         name            origin    length      used     unused   attr    fill
----------------------  --------  ---------  --------  --------  ----  --------
  FLASH                 00000000   00008000  00004aa0  00003560  R  X
  SRAM                  20200000   00004000  00000498  00003b68  RW X
  BCR_CONFIG            41c00000   000000ff  00000000  000000ff  R   
  BSL_CONFIG            41c00100   00000080  00000000  00000080  R   


SEGMENT ALLOCATION MAP

run origin  load origin   length   init length attrs members
----------  ----------- ---------- ----------- ----- -------
00000000    00000000    00004aa0   00004aa0    r-x
  00000000    00000000    000000c0   000000c0    r-- .intvecs
  000000c0    000000c0    00004800   00004800    r-x .text
  000048c0    000048c0    000001b0   000001b0    r-- .rodata
  00004a70    00004a70    00000030   00000030    r-- .cinit
20200000    20200000    00000298   00000000    rw-
  20200000    20200000    0000021c   00000000    rw- .bss
  2020021c    2020021c    0000007c   00000000    rw- .data
20203e00    20203e00    00000200   00000000    rw-
  20203e00    20203e00    00000200   00000000    rw- .stack


SECTION ALLOCATION MAP

 output                                  attributes/
section   page    origin      length       input sections
--------  ----  ----------  ----------   ----------------
.intvecs   0    00000000    000000c0     
                  00000000    000000c0     startup_mspm0g350x_ticlang.o (.intvecs)

.text      0    000000c0    00004800     
                  000000c0    00000644     libc.a : k_rem_pio2.c.obj (.text.__kernel_rem_pio2)
                  00000704    00000458            : s_sin.c.obj (.text.sin)
                  00000b5c    000003ac     motor.o (.text.Set_Speed)
                  00000f08    0000039c     UART.o (.text.UART0_IRQHandler)
                  000012a4    0000027c     ti_msp_dl_config.o (.text.SYSCFG_DL_GPIO_init)
                  00001520    000001d4     pid.o (.text.PID_Update_Yaw)
                  000016f4    000001d0     XunJi.o (.text.ControlSinAngleC_D)
                  000018c4    000001a8     XunJi.o (.text.ControlSinAngleA_B)
                  00001a6c    0000019c     XunJi.o (.text.XunJIPIDConcrolTurn)
                  00001c08    00000198     motor_QEI.o (.text.GROUP1_IRQHandler)
                  00001da0    00000192     libclang_rt.builtins.a : adddf3.S.obj (.text.adddf3_subdf3)
                  00001f32    00000002     UART.o (.text.UART1_IRQHandler)
                  00001f34    00000168     libc.a : k_sin.c.obj (.text.__kernel_sin)
                  0000209c    00000150     pid.o (.text.PID_Update_BL)
                  000021ec    00000150     pid.o (.text.PID_Update_BR)
                  0000233c    00000150     pid.o (.text.PID_Update_FR)
                  0000248c    00000150     libc.a : k_cos.c.obj (.text.__kernel_cos)
                  000025dc    0000014c     pid.o (.text.PID_Update_FL)
                  00002728    00000144     libc.a : s_floor.c.obj (.text.floor)
                  0000286c    0000010c     libclang_rt.builtins.a : divdf3.S.obj (.text.__divdf3)
                  00002978    0000010c     XunJi.o (.text.getGpioValue)
                  00002a84    00000108     pid.o (.text.PID_Update_Xunji)
                  00002b8c    00000104     driverlib.a : dl_timer.o (.text.DL_Timer_initFourCCPWMMode)
                  00002c90    000000e8                 : dl_timer.o (.text.DL_Timer_initTimerMode)
                  00002d78    000000e4     libclang_rt.builtins.a : muldf3.S.obj (.text.__muldf3)
                  00002e5c    000000e0     XunJi.o (.text.GetXunJIErr)
                  00002f3c    000000dc     ti_msp_dl_config.o (.text.SYSCFG_DL_PWM_MOTOR_init)
                  00003018    000000d8     libc.a : s_scalbn.c.obj (.text.scalbn)
                  000030f0    000000d8     libclang_rt.builtins.a : addsf3.S.obj (.text)
                  000031c8    00000098     task.o (.text.TASK_INIT)
                  00003260    0000008c     ti_msp_dl_config.o (.text.SYSCFG_DL_initPower)
                  000032ec    0000008c     libclang_rt.builtins.a : mulsf3.S.obj (.text.__mulsf3)
                  00003378    00000084     motor.o (.text.Go_stright)
                  000033fc    00000084     ti_msp_dl_config.o (.text.__NVIC_SetPriority)
                  00003480    0000007c     libc.a : copy_decompress_lzss.c.obj (.text:decompress:lzss)
                  000034fc    00000078     Timer.o (.text.TIMG0_IRQHandler)
                  00003574    00000074     libclang_rt.builtins.a : comparedf2.c.obj (.text.__gedf2)
                  000035e8    00000008     ti_msp_dl_config.o (.text.SYSCFG_DL_DMA_init)
                  000035f0    00000074     libclang_rt.builtins.a : truncdfsf2.S.obj (.text.__truncdfsf2)
                  00003664    00000068     ti_msp_dl_config.o (.text.SYSCFG_DL_UART_WIT_init)
                  000036cc    00000068     libclang_rt.builtins.a : comparedf2.c.obj (.text.__ledf2)
                  00003734    00000062                            : aeabi_dcmp.S.obj (.text.__aeabi_dcmp)
                  00003796    00000002                            : aeabi_div0.c.obj (.text.__aeabi_idiv0)
                  00003798    00000062                            : aeabi_fcmp.S.obj (.text.__aeabi_fcmp)
                  000037fa    00000002     --HOLE-- [fill = 0]
                  000037fc    00000056                            : aeabi_idivmod.S.obj (.text.__aeabi_idivmod)
                  00003852    00000002     --HOLE-- [fill = 0]
                  00003854    00000054     driverlib.a : dl_uart.o (.text.DL_UART_drainRXFIFO)
                  000038a8    00000054     ti_msp_dl_config.o (.text.SYSCFG_DL_UART_OPENMV_init)
                  000038fc    0000004c     driverlib.a : dl_dma.o (.text.DL_DMA_initChannel)
                  00003948    0000004c     ti_msp_dl_config.o (.text.DL_UART_setBaudRateDivisor)
                  00003994    0000004a     libclang_rt.builtins.a : fixdfsi.S.obj (.text.__fixdfsi)
                  000039de    00000002     --HOLE-- [fill = 0]
                  000039e0    00000048     driverlib.a : dl_uart.o (.text.DL_UART_init)
                  00003a28    00000044     wit.o (.text.WIT_Init)
                  00003a6c    00000042     libclang_rt.builtins.a : fixunsdfsi.S.obj (.text.__fixunsdfsi)
                  00003aae    00000002     --HOLE-- [fill = 0]
                  00003ab0    00000040     ti_msp_dl_config.o (.text.SYSCFG_DL_TIMER_MS_SYS_init)
                  00003af0    00000040     libclang_rt.builtins.a : extendsfdf2.S.obj (.text.__extendsfdf2)
                  00003b30    0000003c     ti_msp_dl_config.o (.text.DL_GPIO_initPeripheralInputFunctionFeatures)
                  00003b6c    0000003c     ti_msp_dl_config.o (.text.DL_Timer_setCounterControl)
                  00003ba8    0000003c     libclang_rt.builtins.a : floatsisf.S.obj (.text.__floatsisf)
                  00003be4    0000003c                            : comparesf2.S.obj (.text.__gtsf2)
                  00003c20    0000003c     libc.a : autoinit.c.obj (.text:__TI_auto_init_nobinit_nopinit)
                  00003c5c    0000003a     libclang_rt.builtins.a : comparesf2.S.obj (.text.__eqsf2)
                  00003c96    00000002     --HOLE-- [fill = 0]
                  00003c98    0000003a                            : muldsi3.S.obj (.text.__muldsi3)
                  00003cd2    00000002     --HOLE-- [fill = 0]
                  00003cd4    00000038                            : fixsfsi.S.obj (.text.__fixsfsi)
                  00003d0c    00000034     ti_msp_dl_config.o (.text.DL_GPIO_initDigitalInputFeatures)
                  00003d40    00000034     ti_msp_dl_config.o (.text.SYSCFG_DL_init)
                  00003d74    00000032     ti_msp_dl_config.o (.text.SYSCFG_DL_SYSCTL_init)
                  00003da6    00000002     --HOLE-- [fill = 0]
                  00003da8    00000030     LED.o (.text.Control_LED)
                  00003dd8    00000030     UART.o (.text.DL_DMA_setTransferSize)
                  00003e08    00000030     wit.o (.text.DL_DMA_setTransferSize)
                  00003e38    00000030     ti_msp_dl_config.o (.text.DL_GPIO_initDigitalOutputFeatures)
                  00003e68    00000030     task.o (.text.Task3)
                  00003e98    0000002c     ti_msp_dl_config.o (.text.SYSCFG_DL_I2C_0_init)
                  00003ec4    0000002c     task.o (.text.__NVIC_ClearPendingIRQ)
                  00003ef0    0000002c     UART.o (.text.__NVIC_EnableIRQ)
                  00003f1c    0000002c     wit.o (.text.__NVIC_EnableIRQ)
                  00003f48    0000002c     libclang_rt.builtins.a : floatsidf.S.obj (.text.__floatsidf)
                  00003f74    00000028     ti_msp_dl_config.o (.text.DL_Common_updateReg)
                  00003f9c    00000028     UART.o (.text.DL_DMA_setDestAddr)
                  00003fc4    00000028     wit.o (.text.DL_DMA_setDestAddr)
                  00003fec    00000028     wit.o (.text.DL_DMA_setSrcAddr)
                  00004014    00000028     ti_msp_dl_config.o (.text.DL_UART_setRXFIFOThreshold)
                  0000403c    00000028     libc.a : boot_cortex_m.c.obj (.text:_c_int00_noargs)
                  00004064    00000026     UART.o (.text.DL_DMA_disableChannel)
                  0000408a    00000026     UART.o (.text.DL_DMA_enableChannel)
                  000040b0    00000026     wit.o (.text.DL_DMA_enableChannel)
                  000040d6    00000026     ti_msp_dl_config.o (.text.DL_I2C_setAnalogGlitchFilterPulseWidth)
                  000040fc    00000026     driverlib.a : dl_i2c.o (.text.DL_I2C_setClockConfig)
                  00004122    00000002     --HOLE-- [fill = 0]
                  00004124    00000024     UART.o (.text.DL_DMA_getTransferSize)
                  00004148    00000024     ti_msp_dl_config.o (.text.DL_UART_setRXInterruptTimeout)
                  0000416c    00000024     motor.o (.text.Motor_On)
                  00004190    00000022     pid.o (.text.PID_Init)
                  000041b2    00000002     --HOLE-- [fill = 0]
                  000041b4    00000020     ti_msp_dl_config.o (.text.DL_GPIO_initPeripheralInputFunction)
                  000041d4    00000020     Timer.o (.text.My_Delay_MS)
                  000041f4    0000001e     ti_msp_dl_config.o (.text.DL_UART_setOversampling)
                  00004212    00000002     --HOLE-- [fill = 0]
                  00004214    0000001c     XunJi.o (.text.ClearXunValue)
                  00004230    0000001c     motor_QEI.o (.text.DL_GPIO_clearInterruptStatus)
                  0000424c    0000001c     ti_msp_dl_config.o (.text.DL_GPIO_clearInterruptStatus)
                  00004268    0000001c     ti_msp_dl_config.o (.text.DL_GPIO_enableHiZ)
                  00004284    0000001c     ti_msp_dl_config.o (.text.DL_GPIO_enableInterrupt)
                  000042a0    0000001c     ti_msp_dl_config.o (.text.DL_GPIO_initPeripheralOutputFunction)
                  000042bc    0000001c     ti_msp_dl_config.o (.text.DL_GPIO_setLowerPinsPolarity)
                  000042d8    0000001c     ti_msp_dl_config.o (.text.DL_SYSCTL_setMCLKDivider)
                  000042f4    0000001c     ti_msp_dl_config.o (.text.DL_SYSCTL_setSYSOSCFreq)
                  00004310    0000001c     ti_msp_dl_config.o (.text.DL_SYSCTL_setULPCLKDivider)
                  0000432c    0000001c     ti_msp_dl_config.o (.text.DL_Timer_enableInterrupt)
                  00004348    0000001c     driverlib.a : dl_timer.o (.text.DL_Timer_setCaptCompUpdateMethod)
                  00004364    0000001c                 : dl_timer.o (.text.DL_Timer_setClockConfig)
                  00004380    0000001c     ti_msp_dl_config.o (.text.DL_UART_enableInterrupt)
                  0000439c    00000018     ti_msp_dl_config.o (.text.DL_GPIO_enableOutput)
                  000043b4    00000018     ti_msp_dl_config.o (.text.DL_GPIO_enablePower)
                  000043cc    00000018     motor_QEI.o (.text.DL_GPIO_getEnabledInterruptStatus)
                  000043e4    00000018     ti_msp_dl_config.o (.text.DL_GPIO_initDigitalOutput)
                  000043fc    00000018     ti_msp_dl_config.o (.text.DL_GPIO_reset)
                  00004414    00000018     LED.o (.text.DL_GPIO_setPins)
                  0000442c    00000018     motor.o (.text.DL_GPIO_setPins)
                  00004444    00000018     ti_msp_dl_config.o (.text.DL_GPIO_setPins)
                  0000445c    00000018     ti_msp_dl_config.o (.text.DL_GPIO_setUpperPinsPolarity)
                  00004474    00000018     ti_msp_dl_config.o (.text.DL_I2C_enableAnalogGlitchFilter)
                  0000448c    00000018     ti_msp_dl_config.o (.text.DL_I2C_enablePower)
                  000044a4    00000018     ti_msp_dl_config.o (.text.DL_I2C_reset)
                  000044bc    00000018     ti_msp_dl_config.o (.text.DL_SYSCTL_setBORThreshold)
                  000044d4    00000018     ti_msp_dl_config.o (.text.DL_Timer_enablePower)
                  000044ec    00000018     ti_msp_dl_config.o (.text.DL_Timer_reset)
                  00004504    00000018     driverlib.a : dl_timer.o (.text.DL_Timer_setCaptureCompareOutCtl)
                  0000451c    00000018     task.o (.text.DL_Timer_startCounter)
                  00004534    00000018     ti_msp_dl_config.o (.text.DL_UART_enableDMAReceiveEvent)
                  0000454c    00000018     ti_msp_dl_config.o (.text.DL_UART_enableFIFOs)
                  00004564    00000018     ti_msp_dl_config.o (.text.DL_UART_enablePower)
                  0000457c    00000018     UART.o (.text.DL_UART_isRXFIFOEmpty)
                  00004594    00000018     ti_msp_dl_config.o (.text.DL_UART_reset)
                  000045ac    00000018     motor_QEI.o (.text.Get_QEI_BL)
                  000045c4    00000018     motor_QEI.o (.text.Get_QEI_BR)
                  000045dc    00000018     motor_QEI.o (.text.Get_QEI_FL)
                  000045f4    00000018     motor_QEI.o (.text.Get_QEI_FR)
                  0000460c    00000018     ti_msp_dl_config.o (.text.SYSCFG_DL_DMA_WIT_init)
                  00004624    00000018     task.o (.text.TASK_LOOP)
                  0000463c    00000016     XunJi.o (.text.DL_GPIO_readPins)
                  00004652    00000016     motor_QEI.o (.text.DL_GPIO_readPins)
                  00004668    00000016     ti_msp_dl_config.o (.text.DL_UART_enable)
                  0000467e    00000016     UART.o (.text.NVIC_INIT)
                  00004694    00000016     libc.a : k_rem_pio2.c.obj (.text.OUTLINED_FUNCTION_0)
                  000046aa    00000002     --HOLE-- [fill = 0]
                  000046ac    00000010     libclang_rt.builtins.a : adddf3.S.obj (.tramp.__aeabi_dadd.1)
                  000046bc    00000016     libc.a : copy_zero_init.c.obj (.text:decompress:ZI:__TI_zero_init_nomemset)
                  000046d2    00000014     LED.o (.text.DL_GPIO_clearPins)
                  000046e6    00000014     motor.o (.text.DL_GPIO_clearPins)
                  000046fa    00000014     ti_msp_dl_config.o (.text.DL_GPIO_clearPins)
                  0000470e    00000002     --HOLE-- [fill = 0]
                  00004710    00000014     ti_msp_dl_config.o (.text.DL_SYSCTL_disableSYSPLL)
                  00004724    00000014     ti_msp_dl_config.o (.text.DL_Timer_enableClock)
                  00004738    00000014     ti_msp_dl_config.o (.text.DL_Timer_setCCPDirection)
                  0000474c    00000014     UART.o (.text.DL_UART_receiveData)
                  00004760    00000014     UART.o (.text.YawInit)
                  00004774    00000014     empty.o (.text.main)
                  00004788    00000012     driverlib.a : dl_uart.o (.text.DL_UART_setClockConfig)
                  0000479a    00000012     libc.a : memcpy16.S.obj (.text:TI_memcpy_small)
                  000047ac    00000012            : copy_decompress_none.c.obj (.text:decompress:none)
                  000047be    00000002     --HOLE-- [fill = 0]
                  000047c0    00000010     ti_msp_dl_config.o (.text.DL_SYSCTL_disableHFXT)
                  000047d0    00000010     driverlib.a : dl_timer.o (.text.DL_Timer_setCaptureCompareValue)
                  000047e0    00000010     libc.a : k_rem_pio2.c.obj (.text.OUTLINED_FUNCTION_2)
                  000047f0    00000010     pid.o (.text.PID_SetTaget)
                  00004800    0000000e     libc.a : s_sin.c.obj (.text.OUTLINED_FUNCTION_1)
                  0000480e    00000002     --HOLE-- [fill = 0]
                  00004810    00000010     libclang_rt.builtins.a : adddf3.S.obj (.tramp.__aeabi_dsub.1)
                  00004820    0000000e     libc.a : s_sin.c.obj (.text.OUTLINED_FUNCTION_2)
                  0000482e    0000000c     XunJi.o (.text.Xunji_Data_Run)
                  0000483a    0000000a     driverlib.a : dl_common.o (.text.DL_Common_delayCycles)
                  00004844    0000000a     libc.a : k_rem_pio2.c.obj (.text.OUTLINED_FUNCTION_1)
                  0000484e    00000002     --HOLE-- [fill = 0]
                  00004850    00000008            : aeabi_portable.c.obj (.text.__aeabi_errno_addr)
                  00004858    00000008     libclang_rt.builtins.a : aeabi_memcpy.S.obj (.text.__aeabi_memcpy)
                  00004860    00000006     libc.a : k_cos.c.obj (.text.OUTLINED_FUNCTION_0)
                  00004866    00000002     --HOLE-- [fill = 0]
                  00004868    00000010     libclang_rt.builtins.a : muldf3.S.obj (.tramp.__aeabi_dmul.1)
                  00004878    00000006     libc.a : k_sin.c.obj (.text.OUTLINED_FUNCTION_0)
                  0000487e    00000006            : s_sin.c.obj (.text.OUTLINED_FUNCTION_0)
                  00004884    00000006            : s_sin.c.obj (.text.OUTLINED_FUNCTION_4)
                  0000488a    00000006            : s_sin.c.obj (.text.OUTLINED_FUNCTION_6)
                  00004890    00000006            : exit.c.obj (.text:abort)
                  00004896    00000004     startup_mspm0g350x_ticlang.o (.text.Default_Handler)
                  0000489a    00000004     libsysbm.a : hostexit.c.obj (.text.HOSTexit)
                  0000489e    00000004     libc.a : s_sin.c.obj (.text.OUTLINED_FUNCTION_3)
                  000048a2    00000004            : s_sin.c.obj (.text.OUTLINED_FUNCTION_5)
                  000048a6    00000004     startup_mspm0g350x_ticlang.o (.text.Reset_Handler)
                  000048aa    00000002     --HOLE-- [fill = 0]
                  000048ac    00000010     libc.a : boot_cortex_m.c.obj (.tramp._c_int00_noargs.1)
                  000048bc    00000004            : pre_init.c.obj (.text._system_pre_init)

.cinit     0    00004a70    00000030     
                  00004a70    0000000c     (.cinit..data.load) [load image, compression = lzss]
                  00004a7c    0000000c     (__TI_handler_table)
                  00004a88    00000008     (.cinit..bss.load) [load image, compression = zero_init]
                  00004a90    00000010     (__TI_cinit_table)

.rodata    0    000048c0    000001b0     
                  000048c0    00000108     libc.a : k_rem_pio2.c.obj (.rodata.ipio2)
                  000049c8    00000040            : k_rem_pio2.c.obj (.rodata.PIo2)
                  00004a08    00000018     ti_msp_dl_config.o (.rodata.gDMA_WITConfig)
                  00004a20    00000014     ti_msp_dl_config.o (.rodata.gTIMER_MS_SYSTimerConfig)
                  00004a34    00000010     libc.a : k_rem_pio2.c.obj (.rodata.cst16)
                  00004a44    0000000a     ti_msp_dl_config.o (.rodata.gUART_OPENMVConfig)
                  00004a4e    0000000a     ti_msp_dl_config.o (.rodata.gUART_WITConfig)
                  00004a58    00000008     ti_msp_dl_config.o (.rodata.gPWM_MOTORConfig)
                  00004a60    00000003     ti_msp_dl_config.o (.rodata.gPWM_MOTORClockConfig)
                  00004a63    00000003     ti_msp_dl_config.o (.rodata.gTIMER_MS_SYSClockConfig)
                  00004a66    00000002     ti_msp_dl_config.o (.rodata.gI2C_0ClockConfig)
                  00004a68    00000002     ti_msp_dl_config.o (.rodata.gUART_OPENMVClockConfig)
                  00004a6a    00000002     ti_msp_dl_config.o (.rodata.gUART_WITClockConfig)
                  00004a6c    00000004     --HOLE-- [fill = 0]

.init_array 
*          0    00000000    00000000     UNINITIALIZED

.binit     0    00000000    00000000     

.bss       0    20200000    0000021c     UNINITIALIZED
                  20200000    000000bc     (.common:gPWM_MOTORBackup)
                  202000bc    00000034     (.common:PID_BL)
                  202000f0    00000034     (.common:PID_BR)
                  20200124    00000034     (.common:PID_FL)
                  20200158    00000034     (.common:PID_FR)
                  2020018c    00000034     (.common:PID_Turn)
                  202001c0    00000034     (.common:PID_Yaw)
                  202001f4    00000021     (.common:wit_dmaBuffer)
                  20200215    00000003     --HOLE--
                  20200218    00000004     Timer.o (.bss.TIMG0_IRQHandler.Count)

.data      0    2020021c    0000007c     UNINITIALIZED
                  2020021c    0000002c     wit.o (.data.wit_data)
                  20200248    00000008     UART.o (.data.Xunji)
                  20200250    00000004     motor_QEI.o (.data.Average_count)
                  20200254    00000004     motor_QEI.o (.data.Back_Left_Count)
                  20200258    00000004     motor_QEI.o (.data.Back_Right_Count)
                  2020025c    00000004     XunJi.o (.data.CentrePWM)
                  20200260    00000004     motor_QEI.o (.data.Front_Left_Count)
                  20200264    00000004     motor_QEI.o (.data.Front_Right_Count)
                  20200268    00000004     pid.o (.data.PID_Update_Xunji.BianSu_C)
                  2020026c    00000004     pid.o (.data.PID_Update_Yaw.BianSu_C)
                  20200270    00000004     XunJi.o (.data.PWMoutLeft)
                  20200274    00000004     XunJi.o (.data.PWMoutRight)
                  20200278    00000004     motor_QEI.o (.data.QFL)
                  2020027c    00000004     motor_QEI.o (.data.QFR)
                  20200280    00000004     motor_QEI.o (.data.Start_Count)
                  20200284    00000004     XunJi.o (.data.YawPWMout)
                  20200288    00000004     libc.a : aeabi_portable.c.obj (.data.__aeabi_errno)
                  2020028c    00000004     motor_QEI.o (.data.a)
                  20200290    00000004     motor.o (.data.compareValue)
                  20200294    00000004     Timer.o (.data.delay_count)

.stack     0    20203e00    00000200     UNINITIALIZED
                  20203e00    00000004     libc.a : boot_cortex_m.c.obj (.stack)
                  20203e04    000001fc     --HOLE--

__llvm_prf_cnts 
*          0    20200000    00000000     UNINITIALIZED

__llvm_prf_bits 
*          0    20200000    00000000     UNINITIALIZED

MODULE SUMMARY

       Module                         code    ro data   rw data
       ------                         ----    -------   -------
    .\
       ti_msp_dl_config.o             2852    84        188    
       startup_mspm0g350x_ticlang.o   8       192       0      
       empty.o                        20      0         0      
    +--+------------------------------+-------+---------+---------+
       Total:                         2880    276       188    
                                                               
    .\Driver\
       pid.o                          2122    0         320    
       XunJi.o                        1854    0         16     
       UART.o                         1256    0         8      
       motor.o                        1152    0         4      
       motor_QEI.o                    578     0         36     
       wit.o                          278     0         77     
       task.o                         292     0         0      
       Timer.o                        152     0         8      
       LED.o                          92      0         0      
    +--+------------------------------+-------+---------+---------+
       Total:                         7776    0         469    
                                                               
    C:/ti/mspm0_sdk_2_05_01_00/source/ti/driverlib/lib/ticlang/m0p/mspm0g1x0x_g3x0x/driverlib.a
       dl_timer.o                     588     0         0      
       dl_uart.o                      174     0         0      
       dl_dma.o                       76      0         0      
       dl_i2c.o                       38      0         0      
       dl_common.o                    10      0         0      
    +--+------------------------------+-------+---------+---------+
       Total:                         886     0         0      
                                                               
    C:\ti\ccs2010\ccs\tools\compiler\ti-cgt-armllvm_4.0.2.LTS\lib\armv6m-ti-none-eabi/c/libc.a
       k_rem_pio2.c.obj               1652    344       0      
       s_sin.c.obj                    1166    0         0      
       k_sin.c.obj                    366     0         0      
       k_cos.c.obj                    342     0         0      
       s_floor.c.obj                  324     0         0      
       s_scalbn.c.obj                 216     0         0      
       copy_decompress_lzss.c.obj     124     0         0      
       autoinit.c.obj                 60      0         0      
       boot_cortex_m.c.obj            56      0         0      
       copy_zero_init.c.obj           22      0         0      
       copy_decompress_none.c.obj     18      0         0      
       memcpy16.S.obj                 18      0         0      
       aeabi_portable.c.obj           8       0         4      
       exit.c.obj                     6       0         0      
       pre_init.c.obj                 4       0         0      
    +--+------------------------------+-------+---------+---------+
       Total:                         4382    344       4      
                                                               
    C:\ti\ccs2010\ccs\tools\compiler\ti-cgt-armllvm_4.0.2.LTS\lib\armv6m-ti-none-eabi/c/libsysbm.a
       hostexit.c.obj                 4       0         0      
    +--+------------------------------+-------+---------+---------+
       Total:                         4       0         0      
                                                               
    C:\ti\ccs2010\ccs\tools\compiler\ti-cgt-armllvm_4.0.2.LTS\lib\armv6m-ti-none-eabi/libclang_rt.builtins.a
       adddf3.S.obj                   434     0         0      
       divdf3.S.obj                   268     0         0      
       muldf3.S.obj                   244     0         0      
       comparedf2.c.obj               220     0         0      
       addsf3.S.obj                   216     0         0      
       mulsf3.S.obj                   140     0         0      
       comparesf2.S.obj               118     0         0      
       truncdfsf2.S.obj               116     0         0      
       aeabi_dcmp.S.obj               98      0         0      
       aeabi_fcmp.S.obj               98      0         0      
       aeabi_idivmod.S.obj            86      0         0      
       fixdfsi.S.obj                  74      0         0      
       fixunsdfsi.S.obj               66      0         0      
       extendsfdf2.S.obj              64      0         0      
       floatsisf.S.obj                60      0         0      
       muldsi3.S.obj                  58      0         0      
       fixsfsi.S.obj                  56      0         0      
       floatsidf.S.obj                44      0         0      
       aeabi_memcpy.S.obj             8       0         0      
       aeabi_div0.c.obj               2       0         0      
    +--+------------------------------+-------+---------+---------+
       Total:                         2470    0         0      
                                                               
       Stack:                         0       0         512    
       Linker Generated:              0       48        0      
    +--+------------------------------+-------+---------+---------+
       Grand Total:                   18398   668       1173   


LINKER GENERATED COPY TABLES

__TI_cinit_table @ 00004a90 records: 2, size/record: 8, table size: 16
	.data: load addr=00004a70, load size=0000000c bytes, run addr=2020021c, run size=0000007c bytes, compression=lzss
	.bss: load addr=00004a88, load size=00000008 bytes, run addr=20200000, run size=0000021c bytes, compression=zero_init


LINKER GENERATED HANDLER TABLE

__TI_handler_table @ 00004a7c records: 3, size/record: 4, table size: 12
	index: 0, handler: __TI_decompress_lzss
	index: 1, handler: __TI_decompress_none
	index: 2, handler: __TI_zero_init


FAR CALL TRAMPOLINES

callee name               trampoline name
   callee addr  tramp addr   call addr  call info
--------------  -----------  ---------  ----------------
__aeabi_dadd              $Tramp$TT$L$PI$$__aeabi_dadd
   00001dab     000046ac     000046a8   libc.a : k_rem_pio2.c.obj (.text.OUTLINED_FUNCTION_0)
                             0000484c          : k_rem_pio2.c.obj (.text.OUTLINED_FUNCTION_1)
                             00004882          : s_sin.c.obj (.text.OUTLINED_FUNCTION_0)
                             000048a0          : s_sin.c.obj (.text.OUTLINED_FUNCTION_3)
__aeabi_dsub              $Tramp$TT$L$PI$$__aeabi_dsub
   00001da1     00004810     0000480c   libc.a : s_sin.c.obj (.text.OUTLINED_FUNCTION_1)
                             0000482c          : s_sin.c.obj (.text.OUTLINED_FUNCTION_2)
                             0000488e          : s_sin.c.obj (.text.OUTLINED_FUNCTION_6)
                             000048a4          : s_sin.c.obj (.text.OUTLINED_FUNCTION_5)
__aeabi_dmul              $Tramp$TT$L$PI$$__aeabi_dmul
   00002d79     00004868     00004864   libc.a : k_cos.c.obj (.text.OUTLINED_FUNCTION_0)
                             0000487c          : k_sin.c.obj (.text.OUTLINED_FUNCTION_0)
                             00004888          : s_sin.c.obj (.text.OUTLINED_FUNCTION_4)
_c_int00_noargs           $Tramp$TT$L$PI$$_c_int00_noargs
   0000403d     000048ac     000048a6   startup_mspm0g350x_ticlang.o (.text.Reset_Handler)

[4 trampolines]
[12 trampoline calls]


GLOBAL SYMBOLS: SORTED ALPHABETICALLY BY Name 

address   name                            
-------   ----                            
00004897  ADC0_IRQHandler                 
00004897  ADC1_IRQHandler                 
00004897  AES_IRQHandler                  
20200250  Average_count                   
20200254  Back_Left_Count                 
20200258  Back_Right_Count                
0000489a  C$$EXIT                         
00004897  CANFD0_IRQHandler               
2020025c  CentrePWM                       
00004215  ClearXunValue                   
000018c5  ControlSinAngleA_B              
000016f5  ControlSinAngleC_D              
00003da9  Control_LED                     
00004897  DAC0_IRQHandler                 
0000483b  DL_Common_delayCycles           
000038fd  DL_DMA_initChannel              
000040fd  DL_I2C_setClockConfig           
00002b8d  DL_Timer_initFourCCPWMMode      
00002c91  DL_Timer_initTimerMode          
00004349  DL_Timer_setCaptCompUpdateMethod
00004505  DL_Timer_setCaptureCompareOutCtl
000047d1  DL_Timer_setCaptureCompareValue 
00004365  DL_Timer_setClockConfig         
00003855  DL_UART_drainRXFIFO             
000039e1  DL_UART_init                    
00004789  DL_UART_setClockConfig          
00004897  DMA_IRQHandler                  
00004897  Default_Handler                 
20200260  Front_Left_Count                
20200264  Front_Right_Count               
00004897  GROUP0_IRQHandler               
00001c09  GROUP1_IRQHandler               
00002e5d  GetXunJIErr                     
000045ad  Get_QEI_BL                      
000045c5  Get_QEI_BR                      
000045dd  Get_QEI_FL                      
000045f5  Get_QEI_FR                      
00003379  Go_stright                      
0000489b  HOSTexit                        
00004897  HardFault_Handler               
00004897  I2C0_IRQHandler                 
00004897  I2C1_IRQHandler                 
0000416d  Motor_On                        
000041d5  My_Delay_MS                     
00004897  NMI_Handler                     
0000467f  NVIC_INIT                       
202000bc  PID_BL                          
202000f0  PID_BR                          
20200124  PID_FL                          
20200158  PID_FR                          
00004191  PID_Init                        
000047f1  PID_SetTaget                    
2020018c  PID_Turn                        
0000209d  PID_Update_BL                   
000021ed  PID_Update_BR                   
000025dd  PID_Update_FL                   
0000233d  PID_Update_FR                   
00002a85  PID_Update_Xunji                
00001521  PID_Update_Yaw                  
202001c0  PID_Yaw                         
20200270  PWMoutLeft                      
20200274  PWMoutRight                     
00004897  PendSV_Handler                  
20200278  QFL                             
2020027c  QFR                             
00004897  RTC_IRQHandler                  
000048a7  Reset_Handler                   
00004897  SPI0_IRQHandler                 
00004897  SPI1_IRQHandler                 
00004897  SVC_Handler                     
0000460d  SYSCFG_DL_DMA_WIT_init          
000035e9  SYSCFG_DL_DMA_init              
000012a5  SYSCFG_DL_GPIO_init             
00003e99  SYSCFG_DL_I2C_0_init            
00002f3d  SYSCFG_DL_PWM_MOTOR_init        
00003d75  SYSCFG_DL_SYSCTL_init           
00003ab1  SYSCFG_DL_TIMER_MS_SYS_init     
000038a9  SYSCFG_DL_UART_OPENMV_init      
00003665  SYSCFG_DL_UART_WIT_init         
00003d41  SYSCFG_DL_init                  
00003261  SYSCFG_DL_initPower             
00000b5d  Set_Speed                       
20200280  Start_Count                     
00004897  SysTick_Handler                 
000031c9  TASK_INIT                       
00004625  TASK_LOOP                       
00004897  TIMA0_IRQHandler                
00004897  TIMA1_IRQHandler                
000034fd  TIMG0_IRQHandler                
00004897  TIMG12_IRQHandler               
00004897  TIMG6_IRQHandler                
00004897  TIMG7_IRQHandler                
00004897  TIMG8_IRQHandler                
0000479b  TI_memcpy_small                 
00003e69  Task3                           
00000f09  UART0_IRQHandler                
00001f33  UART1_IRQHandler                
00004897  UART2_IRQHandler                
00004897  UART3_IRQHandler                
00003a29  WIT_Init                        
00001a6d  XunJIPIDConcrolTurn             
20200248  Xunji                           
0000482f  Xunji_Data_Run                  
00004761  YawInit                         
20200284  YawPWMout                       
20204000  __STACK_END                     
00000200  __STACK_SIZE                    
00000000  __TI_ATRegion0_region_sz        
00000000  __TI_ATRegion0_src_addr         
00000000  __TI_ATRegion0_trg_addr         
00000000  __TI_ATRegion1_region_sz        
00000000  __TI_ATRegion1_src_addr         
00000000  __TI_ATRegion1_trg_addr         
00000000  __TI_ATRegion2_region_sz        
00000000  __TI_ATRegion2_src_addr         
00000000  __TI_ATRegion2_trg_addr         
00004a90  __TI_CINIT_Base                 
00004aa0  __TI_CINIT_Limit                
00004aa0  __TI_CINIT_Warm                 
00004a7c  __TI_Handler_Table_Base         
00004a88  __TI_Handler_Table_Limit        
00003c21  __TI_auto_init_nobinit_nopinit  
00003481  __TI_decompress_lzss            
000047ad  __TI_decompress_none            
ffffffff  __TI_pprof_out_hndl             
ffffffff  __TI_prof_data_size             
ffffffff  __TI_prof_data_start            
00000000  __TI_static_base__              
000046bd  __TI_zero_init_nomemset         
00001dab  __adddf3                        
000030fb  __addsf3                        
000035f1  __aeabi_d2f                     
00003995  __aeabi_d2iz                    
00003a6d  __aeabi_d2uiz                   
00001dab  __aeabi_dadd                    
00003735  __aeabi_dcmpeq                  
00003771  __aeabi_dcmpge                  
00003785  __aeabi_dcmpgt                  
0000375d  __aeabi_dcmple                  
00003749  __aeabi_dcmplt                  
0000286d  __aeabi_ddiv                    
00002d79  __aeabi_dmul                    
00001da1  __aeabi_dsub                    
20200288  __aeabi_errno                   
00004851  __aeabi_errno_addr              
00003af1  __aeabi_f2d                     
00003cd5  __aeabi_f2iz                    
000030fb  __aeabi_fadd                    
00003799  __aeabi_fcmpeq                  
000037d5  __aeabi_fcmpge                  
000037e9  __aeabi_fcmpgt                  
000037c1  __aeabi_fcmple                  
000037ad  __aeabi_fcmplt                  
000032ed  __aeabi_fmul                    
000030f1  __aeabi_fsub                    
00003f49  __aeabi_i2d                     
00003ba9  __aeabi_i2f                     
000037fd  __aeabi_idiv                    
00003797  __aeabi_idiv0                   
000037fd  __aeabi_idivmod                 
00004859  __aeabi_memcpy                  
00004859  __aeabi_memcpy4                 
00004859  __aeabi_memcpy8                 
ffffffff  __binit__                       
000036cd  __cmpdf2                        
00003c5d  __cmpsf2                        
0000286d  __divdf3                        
000036cd  __eqdf2                         
00003c5d  __eqsf2                         
00003af1  __extendsfdf2                   
00003995  __fixdfsi                       
00003cd5  __fixsfsi                       
00003a6d  __fixunsdfsi                    
00003f49  __floatsidf                     
00003ba9  __floatsisf                     
00003575  __gedf2                         
00003be5  __gesf2                         
00003575  __gtdf2                         
00003be5  __gtsf2                         
0000248d  __kernel_cos                    
000000c1  __kernel_rem_pio2               
00001f35  __kernel_sin                    
000036cd  __ledf2                         
00003c5d  __lesf2                         
000036cd  __ltdf2                         
00003c5d  __ltsf2                         
UNDEFED   __mpu_init                      
00002d79  __muldf3                        
00003c99  __muldsi3                       
000032ed  __mulsf3                        
000036cd  __nedf2                         
00003c5d  __nesf2                         
20203e00  __stack                         
20200000  __start___llvm_prf_bits         
20200000  __start___llvm_prf_cnts         
20200000  __stop___llvm_prf_bits          
20200000  __stop___llvm_prf_cnts          
00001da1  __subdf3                        
000030f1  __subsf3                        
000035f1  __truncdfsf2                    
0000403d  _c_int00_noargs                 
UNDEFED   _system_post_cinit              
000048bd  _system_pre_init                
2020028c  a                               
00004891  abort                           
ffffffff  binit                           
20200290  compareValue                    
20200294  delay_count                     
00002729  floor                           
00002729  floorl                          
20200000  gPWM_MOTORBackup                
00002979  getGpioValue                    
00000000  interruptVectors                
00003019  ldexp                           
00003019  ldexpl                          
00004775  main                            
00003019  scalbn                          
00003019  scalbnl                         
00000705  sin                             
00000705  sinl                            
2020021c  wit_data                        
202001f4  wit_dmaBuffer                   


GLOBAL SYMBOLS: SORTED BY Symbol Address 

address   name                            
-------   ----                            
00000000  __TI_ATRegion0_region_sz        
00000000  __TI_ATRegion0_src_addr         
00000000  __TI_ATRegion0_trg_addr         
00000000  __TI_ATRegion1_region_sz        
00000000  __TI_ATRegion1_src_addr         
00000000  __TI_ATRegion1_trg_addr         
00000000  __TI_ATRegion2_region_sz        
00000000  __TI_ATRegion2_src_addr         
00000000  __TI_ATRegion2_trg_addr         
00000000  __TI_static_base__              
00000000  interruptVectors                
000000c1  __kernel_rem_pio2               
00000200  __STACK_SIZE                    
00000705  sin                             
00000705  sinl                            
00000b5d  Set_Speed                       
00000f09  UART0_IRQHandler                
000012a5  SYSCFG_DL_GPIO_init             
00001521  PID_Update_Yaw                  
000016f5  ControlSinAngleC_D              
000018c5  ControlSinAngleA_B              
00001a6d  XunJIPIDConcrolTurn             
00001c09  GROUP1_IRQHandler               
00001da1  __aeabi_dsub                    
00001da1  __subdf3                        
00001dab  __adddf3                        
00001dab  __aeabi_dadd                    
00001f33  UART1_IRQHandler                
00001f35  __kernel_sin                    
0000209d  PID_Update_BL                   
000021ed  PID_Update_BR                   
0000233d  PID_Update_FR                   
0000248d  __kernel_cos                    
000025dd  PID_Update_FL                   
00002729  floor                           
00002729  floorl                          
0000286d  __aeabi_ddiv                    
0000286d  __divdf3                        
00002979  getGpioValue                    
00002a85  PID_Update_Xunji                
00002b8d  DL_Timer_initFourCCPWMMode      
00002c91  DL_Timer_initTimerMode          
00002d79  __aeabi_dmul                    
00002d79  __muldf3                        
00002e5d  GetXunJIErr                     
00002f3d  SYSCFG_DL_PWM_MOTOR_init        
00003019  ldexp                           
00003019  ldexpl                          
00003019  scalbn                          
00003019  scalbnl                         
000030f1  __aeabi_fsub                    
000030f1  __subsf3                        
000030fb  __addsf3                        
000030fb  __aeabi_fadd                    
000031c9  TASK_INIT                       
00003261  SYSCFG_DL_initPower             
000032ed  __aeabi_fmul                    
000032ed  __mulsf3                        
00003379  Go_stright                      
00003481  __TI_decompress_lzss            
000034fd  TIMG0_IRQHandler                
00003575  __gedf2                         
00003575  __gtdf2                         
000035e9  SYSCFG_DL_DMA_init              
000035f1  __aeabi_d2f                     
000035f1  __truncdfsf2                    
00003665  SYSCFG_DL_UART_WIT_init         
000036cd  __cmpdf2                        
000036cd  __eqdf2                         
000036cd  __ledf2                         
000036cd  __ltdf2                         
000036cd  __nedf2                         
00003735  __aeabi_dcmpeq                  
00003749  __aeabi_dcmplt                  
0000375d  __aeabi_dcmple                  
00003771  __aeabi_dcmpge                  
00003785  __aeabi_dcmpgt                  
00003797  __aeabi_idiv0                   
00003799  __aeabi_fcmpeq                  
000037ad  __aeabi_fcmplt                  
000037c1  __aeabi_fcmple                  
000037d5  __aeabi_fcmpge                  
000037e9  __aeabi_fcmpgt                  
000037fd  __aeabi_idiv                    
000037fd  __aeabi_idivmod                 
00003855  DL_UART_drainRXFIFO             
000038a9  SYSCFG_DL_UART_OPENMV_init      
000038fd  DL_DMA_initChannel              
00003995  __aeabi_d2iz                    
00003995  __fixdfsi                       
000039e1  DL_UART_init                    
00003a29  WIT_Init                        
00003a6d  __aeabi_d2uiz                   
00003a6d  __fixunsdfsi                    
00003ab1  SYSCFG_DL_TIMER_MS_SYS_init     
00003af1  __aeabi_f2d                     
00003af1  __extendsfdf2                   
00003ba9  __aeabi_i2f                     
00003ba9  __floatsisf                     
00003be5  __gesf2                         
00003be5  __gtsf2                         
00003c21  __TI_auto_init_nobinit_nopinit  
00003c5d  __cmpsf2                        
00003c5d  __eqsf2                         
00003c5d  __lesf2                         
00003c5d  __ltsf2                         
00003c5d  __nesf2                         
00003c99  __muldsi3                       
00003cd5  __aeabi_f2iz                    
00003cd5  __fixsfsi                       
00003d41  SYSCFG_DL_init                  
00003d75  SYSCFG_DL_SYSCTL_init           
00003da9  Control_LED                     
00003e69  Task3                           
00003e99  SYSCFG_DL_I2C_0_init            
00003f49  __aeabi_i2d                     
00003f49  __floatsidf                     
0000403d  _c_int00_noargs                 
000040fd  DL_I2C_setClockConfig           
0000416d  Motor_On                        
00004191  PID_Init                        
000041d5  My_Delay_MS                     
00004215  ClearXunValue                   
00004349  DL_Timer_setCaptCompUpdateMethod
00004365  DL_Timer_setClockConfig         
00004505  DL_Timer_setCaptureCompareOutCtl
000045ad  Get_QEI_BL                      
000045c5  Get_QEI_BR                      
000045dd  Get_QEI_FL                      
000045f5  Get_QEI_FR                      
0000460d  SYSCFG_DL_DMA_WIT_init          
00004625  TASK_LOOP                       
0000467f  NVIC_INIT                       
000046bd  __TI_zero_init_nomemset         
00004761  YawInit                         
00004775  main                            
00004789  DL_UART_setClockConfig          
0000479b  TI_memcpy_small                 
000047ad  __TI_decompress_none            
000047d1  DL_Timer_setCaptureCompareValue 
000047f1  PID_SetTaget                    
0000482f  Xunji_Data_Run                  
0000483b  DL_Common_delayCycles           
00004851  __aeabi_errno_addr              
00004859  __aeabi_memcpy                  
00004859  __aeabi_memcpy4                 
00004859  __aeabi_memcpy8                 
00004891  abort                           
00004897  ADC0_IRQHandler                 
00004897  ADC1_IRQHandler                 
00004897  AES_IRQHandler                  
00004897  CANFD0_IRQHandler               
00004897  DAC0_IRQHandler                 
00004897  DMA_IRQHandler                  
00004897  Default_Handler                 
00004897  GROUP0_IRQHandler               
00004897  HardFault_Handler               
00004897  I2C0_IRQHandler                 
00004897  I2C1_IRQHandler                 
00004897  NMI_Handler                     
00004897  PendSV_Handler                  
00004897  RTC_IRQHandler                  
00004897  SPI0_IRQHandler                 
00004897  SPI1_IRQHandler                 
00004897  SVC_Handler                     
00004897  SysTick_Handler                 
00004897  TIMA0_IRQHandler                
00004897  TIMA1_IRQHandler                
00004897  TIMG12_IRQHandler               
00004897  TIMG6_IRQHandler                
00004897  TIMG7_IRQHandler                
00004897  TIMG8_IRQHandler                
00004897  UART2_IRQHandler                
00004897  UART3_IRQHandler                
0000489a  C$$EXIT                         
0000489b  HOSTexit                        
000048a7  Reset_Handler                   
000048bd  _system_pre_init                
00004a7c  __TI_Handler_Table_Base         
00004a88  __TI_Handler_Table_Limit        
00004a90  __TI_CINIT_Base                 
00004aa0  __TI_CINIT_Limit                
00004aa0  __TI_CINIT_Warm                 
20200000  __start___llvm_prf_bits         
20200000  __start___llvm_prf_cnts         
20200000  __stop___llvm_prf_bits          
20200000  __stop___llvm_prf_cnts          
20200000  gPWM_MOTORBackup                
202000bc  PID_BL                          
202000f0  PID_BR                          
20200124  PID_FL                          
20200158  PID_FR                          
2020018c  PID_Turn                        
202001c0  PID_Yaw                         
202001f4  wit_dmaBuffer                   
2020021c  wit_data                        
20200248  Xunji                           
20200250  Average_count                   
20200254  Back_Left_Count                 
20200258  Back_Right_Count                
2020025c  CentrePWM                       
20200260  Front_Left_Count                
20200264  Front_Right_Count               
20200270  PWMoutLeft                      
20200274  PWMoutRight                     
20200278  QFL                             
2020027c  QFR                             
20200280  Start_Count                     
20200284  YawPWMout                       
20200288  __aeabi_errno                   
2020028c  a                               
20200290  compareValue                    
20200294  delay_count                     
20203e00  __stack                         
20204000  __STACK_END                     
ffffffff  __TI_pprof_out_hndl             
ffffffff  __TI_prof_data_size             
ffffffff  __TI_prof_data_start            
ffffffff  __binit__                       
ffffffff  binit                           
UNDEFED   __mpu_init                      
UNDEFED   _system_post_cinit              

[222 symbols]
