******************************************************************************
            TI ARM Clang Linker PC v4.0.2                      
******************************************************************************
>> Linked Wed Jul 30 16:36:59 2025

OUTPUT FILE NAME:   <dansaichongshengban.out>
ENTRY POINT SYMBOL: "_c_int00_noargs"  address: 00003c05


MEMORY CONFIGURATION

         name            origin    length      used     unused   attr    fill
----------------------  --------  ---------  --------  --------  ----  --------
  FLASH                 00000000   00008000  000047f0  00003810  R  X
  SRAM                  20200000   00004000  0000047c  00003b84  RW X
  BCR_CONFIG            41c00000   000000ff  00000000  000000ff  R   
  BSL_CONFIG            41c00100   00000080  00000000  00000080  R   


SEGMENT ALLOCATION MAP

run origin  load origin   length   init length attrs members
----------  ----------- ---------- ----------- ----- -------
00000000    00000000    000047f0   000047f0    r-x
  00000000    00000000    000000c0   000000c0    r-- .intvecs
  000000c0    000000c0    00004530   00004530    r-x .text
  000045f0    000045f0    000001d0   000001d0    r-- .rodata
  000047c0    000047c0    00000030   00000030    r-- .cinit
20200000    20200000    0000027c   00000000    rw-
  20200000    20200000    00000218   00000000    rw- .bss
  20200218    20200218    00000064   00000000    rw- .data
20203e00    20203e00    00000200   00000000    rw-
  20203e00    20203e00    00000200   00000000    rw- .stack


SECTION ALLOCATION MAP

 output                                  attributes/
section   page    origin      length       input sections
--------  ----  ----------  ----------   ----------------
.intvecs   0    00000000    000000c0     
                  00000000    000000c0     startup_mspm0g350x_ticlang.o (.intvecs)

.text      0    000000c0    00004530     
                  000000c0    00000644     libc.a : k_rem_pio2.c.obj (.text.__kernel_rem_pio2)
                  00000704    00000458            : s_sin.c.obj (.text.sin)
                  00000b5c    000003ac     motor.o (.text.Set_Speed)
                  00000f08    00000368     wit.o (.text.UART0_IRQHandler)
                  00001270    000002ac     ti_msp_dl_config.o (.text.SYSCFG_DL_GPIO_init)
                  0000151c    000001d4     pid.o (.text.PID_Update_Yaw)
                  000016f0    000001c0     motor_QEI.o (.text.GROUP1_IRQHandler)
                  000018b0    00000192     libclang_rt.builtins.a : adddf3.S.obj (.text.adddf3_subdf3)
                  00001a42    00000002                            : aeabi_div0.c.obj (.text.__aeabi_idiv0)
                  00001a44    00000168     libc.a : k_sin.c.obj (.text.__kernel_sin)
                  00001bac    00000150            : k_cos.c.obj (.text.__kernel_cos)
                  00001cfc    0000014c     pid.o (.text.PID_Update_BL)
                  00001e48    0000014c     pid.o (.text.PID_Update_BR)
                  00001f94    0000014c     pid.o (.text.PID_Update_FL)
                  000020e0    0000014c     pid.o (.text.PID_Update_FR)
                  0000222c    00000144     libc.a : s_floor.c.obj (.text.floor)
                  00002370    0000010c     libclang_rt.builtins.a : divdf3.S.obj (.text.__divdf3)
                  0000247c    0000010c     XunJi.o (.text.getGpioValue)
                  00002588    00000104     driverlib.a : dl_timer.o (.text.DL_Timer_initFourCCPWMMode)
                  0000268c    000000e8                 : dl_timer.o (.text.DL_Timer_initTimerMode)
                  00002774    000000e4     libclang_rt.builtins.a : muldf3.S.obj (.text.__muldf3)
                  00002858    000000dc     ti_msp_dl_config.o (.text.SYSCFG_DL_PWM_MOTOR_init)
                  00002934    000000d8     libc.a : s_scalbn.c.obj (.text.scalbn)
                  00002a0c    000000d8     libclang_rt.builtins.a : addsf3.S.obj (.text)
                  00002ae4    000000ac     K230.o (.text.UART1_IRQHandler)
                  00002b90    000000a0     ti_msp_dl_config.o (.text.SYSCFG_DL_initPower)
                  00002c30    0000008c     libclang_rt.builtins.a : mulsf3.S.obj (.text.__mulsf3)
                  00002cbc    00000084     motor.o (.text.Go_stright)
                  00002d40    00000084     ti_msp_dl_config.o (.text.__NVIC_SetPriority)
                  00002dc4    0000007c     libc.a : copy_decompress_lzss.c.obj (.text:decompress:lzss)
                  00002e40    00000078     Timer.o (.text.TIMG0_IRQHandler)
                  00002eb8    00000074     ti_msp_dl_config.o (.text.SYSCFG_DL_UART_OPENMV_init)
                  00002f2c    00000074     libclang_rt.builtins.a : comparedf2.c.obj (.text.__gedf2)
                  00002fa0    00000074                            : truncdfsf2.S.obj (.text.__truncdfsf2)
                  00003014    00000068     ti_msp_dl_config.o (.text.SYSCFG_DL_UART_WIT_init)
                  0000307c    00000068     libclang_rt.builtins.a : comparedf2.c.obj (.text.__ledf2)
                  000030e4    00000062                            : aeabi_dcmp.S.obj (.text.__aeabi_dcmp)
                  00003146    00000002     --HOLE-- [fill = 0]
                  00003148    00000062                            : aeabi_fcmp.S.obj (.text.__aeabi_fcmp)
                  000031aa    00000002     --HOLE-- [fill = 0]
                  000031ac    00000058     pid.o (.text.PID_Init_Wheel)
                  00003204    00000058     ti_msp_dl_config.o (.text.SYSCFG_DL_I2C_OLED_init)
                  0000325c    00000056     libclang_rt.builtins.a : aeabi_idivmod.S.obj (.text.__aeabi_idivmod)
                  000032b2    00000002     --HOLE-- [fill = 0]
                  000032b4    00000054     driverlib.a : dl_uart.o (.text.DL_UART_drainRXFIFO)
                  00003308    00000050     task.o (.text.TASK_INIT)
                  00003358    0000004c     driverlib.a : dl_dma.o (.text.DL_DMA_initChannel)
                  000033a4    0000004c     ti_msp_dl_config.o (.text.DL_UART_setBaudRateDivisor)
                  000033f0    0000004a     libclang_rt.builtins.a : fixdfsi.S.obj (.text.__fixdfsi)
                  0000343a    00000002     --HOLE-- [fill = 0]
                  0000343c    00000048     driverlib.a : dl_uart.o (.text.DL_UART_init)
                  00003484    00000044                 : dl_spi.o (.text.DL_SPI_init)
                  000034c8    00000044     ti_msp_dl_config.o (.text.SYSCFG_DL_init)
                  0000350c    00000044     wit.o (.text.WIT_Init)
                  00003550    00000042     libclang_rt.builtins.a : fixunsdfsi.S.obj (.text.__fixunsdfsi)
                  00003592    00000002     --HOLE-- [fill = 0]
                  00003594    00000040     ti_msp_dl_config.o (.text.SYSCFG_DL_SPI_IMU660RB_init)
                  000035d4    00000040     ti_msp_dl_config.o (.text.SYSCFG_DL_TIMER_MS_SYS_init)
                  00003614    00000040     libclang_rt.builtins.a : extendsfdf2.S.obj (.text.__extendsfdf2)
                  00003654    0000003c     ti_msp_dl_config.o (.text.DL_GPIO_initPeripheralInputFunctionFeatures)
                  00003690    0000003c     ti_msp_dl_config.o (.text.DL_Timer_setCounterControl)
                  000036cc    0000003c     libclang_rt.builtins.a : floatsisf.S.obj (.text.__floatsisf)
                  00003708    0000003c                            : comparesf2.S.obj (.text.__gtsf2)
                  00003744    0000003c     libc.a : autoinit.c.obj (.text:__TI_auto_init_nobinit_nopinit)
                  00003780    0000003a     libclang_rt.builtins.a : comparesf2.S.obj (.text.__eqsf2)
                  000037ba    00000002     --HOLE-- [fill = 0]
                  000037bc    0000003a                            : muldsi3.S.obj (.text.__muldsi3)
                  000037f6    00000002     --HOLE-- [fill = 0]
                  000037f8    00000038                            : fixsfsi.S.obj (.text.__fixsfsi)
                  00003830    00000034     Beep.o (.text.Control_Beep)
                  00003864    00000034     ti_msp_dl_config.o (.text.DL_GPIO_initDigitalInputFeatures)
                  00003898    00000032     ti_msp_dl_config.o (.text.SYSCFG_DL_SYSCTL_init)
                  000038ca    00000002     --HOLE-- [fill = 0]
                  000038cc    00000030     LED.o (.text.Control_LED)
                  000038fc    00000030     K230.o (.text.DL_DMA_setTransferSize)
                  0000392c    00000030     wit.o (.text.DL_DMA_setTransferSize)
                  0000395c    00000030     ti_msp_dl_config.o (.text.DL_GPIO_initDigitalOutputFeatures)
                  0000398c    00000030     ti_msp_dl_config.o (.text.DL_SPI_setFIFOThreshold)
                  000039bc    0000002c     task.o (.text.TASK_LOOP)
                  000039e8    0000002c     task.o (.text.__NVIC_ClearPendingIRQ)
                  00003a14    0000002c     UART.o (.text.__NVIC_EnableIRQ)
                  00003a40    0000002c     task.o (.text.__NVIC_EnableIRQ)
                  00003a6c    0000002c     wit.o (.text.__NVIC_EnableIRQ)
                  00003a98    0000002c     libclang_rt.builtins.a : floatsidf.S.obj (.text.__floatsidf)
                  00003ac4    00000028     ti_msp_dl_config.o (.text.DL_Common_updateReg)
                  00003aec    00000028     K230.o (.text.DL_DMA_setDestAddr)
                  00003b14    00000028     wit.o (.text.DL_DMA_setDestAddr)
                  00003b3c    00000028     wit.o (.text.DL_DMA_setSrcAddr)
                  00003b64    00000028     ti_msp_dl_config.o (.text.DL_I2C_setControllerRXFIFOThreshold)
                  00003b8c    00000028     ti_msp_dl_config.o (.text.DL_I2C_setControllerTXFIFOThreshold)
                  00003bb4    00000028     ti_msp_dl_config.o (.text.DL_UART_setRXFIFOThreshold)
                  00003bdc    00000028     ti_msp_dl_config.o (.text.DL_UART_setTXFIFOThreshold)
                  00003c04    00000028     libc.a : boot_cortex_m.c.obj (.text:_c_int00_noargs)
                  00003c2c    00000026     K230.o (.text.DL_DMA_disableChannel)
                  00003c52    00000026     wit.o (.text.DL_DMA_disableChannel)
                  00003c78    00000026     K230.o (.text.DL_DMA_enableChannel)
                  00003c9e    00000026     wit.o (.text.DL_DMA_enableChannel)
                  00003cc4    00000026     ti_msp_dl_config.o (.text.DL_I2C_setAnalogGlitchFilterPulseWidth)
                  00003cea    00000026     driverlib.a : dl_i2c.o (.text.DL_I2C_setClockConfig)
                  00003d10    00000024     K230.o (.text.DL_DMA_getTransferSize)
                  00003d34    00000024     wit.o (.text.DL_DMA_getTransferSize)
                  00003d58    00000024     ti_msp_dl_config.o (.text.DL_SPI_setBitRateSerialClockDivider)
                  00003d7c    00000024     ti_msp_dl_config.o (.text.DL_UART_setRXInterruptTimeout)
                  00003da0    00000022     pid.o (.text.PID_Init)
                  00003dc2    00000002     --HOLE-- [fill = 0]
                  00003dc4    00000020     ti_msp_dl_config.o (.text.DL_GPIO_initPeripheralInputFunction)
                  00003de4    00000020     motor.o (.text.Motor_On)
                  00003e04    0000001e     ti_msp_dl_config.o (.text.DL_UART_setOversampling)
                  00003e22    00000002     --HOLE-- [fill = 0]
                  00003e24    0000001c     XunJi.o (.text.ClearXunValue)
                  00003e40    0000001c     motor_QEI.o (.text.DL_GPIO_clearInterruptStatus)
                  00003e5c    0000001c     ti_msp_dl_config.o (.text.DL_GPIO_clearInterruptStatus)
                  00003e78    0000001c     ti_msp_dl_config.o (.text.DL_GPIO_enableHiZ)
                  00003e94    0000001c     ti_msp_dl_config.o (.text.DL_GPIO_enableInterrupt)
                  00003eb0    0000001c     ti_msp_dl_config.o (.text.DL_GPIO_initPeripheralOutputFunction)
                  00003ecc    0000001c     ti_msp_dl_config.o (.text.DL_GPIO_setLowerPinsPolarity)
                  00003ee8    0000001c     ti_msp_dl_config.o (.text.DL_SYSCTL_setMCLKDivider)
                  00003f04    0000001c     ti_msp_dl_config.o (.text.DL_SYSCTL_setSYSOSCFreq)
                  00003f20    0000001c     ti_msp_dl_config.o (.text.DL_SYSCTL_setULPCLKDivider)
                  00003f3c    0000001c     ti_msp_dl_config.o (.text.DL_Timer_enableInterrupt)
                  00003f58    0000001c     driverlib.a : dl_timer.o (.text.DL_Timer_setCaptCompUpdateMethod)
                  00003f74    0000001c                 : dl_timer.o (.text.DL_Timer_setClockConfig)
                  00003f90    0000001c     ti_msp_dl_config.o (.text.DL_UART_enableInterrupt)
                  00003fac    00000018     ti_msp_dl_config.o (.text.DL_GPIO_enableOutput)
                  00003fc4    00000018     ti_msp_dl_config.o (.text.DL_GPIO_enablePower)
                  00003fdc    00000018     motor_QEI.o (.text.DL_GPIO_getEnabledInterruptStatus)
                  00003ff4    00000018     ti_msp_dl_config.o (.text.DL_GPIO_initDigitalOutput)
                  0000400c    00000018     ti_msp_dl_config.o (.text.DL_GPIO_reset)
                  00004024    00000018     Beep.o (.text.DL_GPIO_setPins)
                  0000403c    00000018     LED.o (.text.DL_GPIO_setPins)
                  00004054    00000018     motor.o (.text.DL_GPIO_setPins)
                  0000406c    00000018     ti_msp_dl_config.o (.text.DL_GPIO_setPins)
                  00004084    00000018     ti_msp_dl_config.o (.text.DL_GPIO_setUpperPinsPolarity)
                  0000409c    00000018     ti_msp_dl_config.o (.text.DL_I2C_enableAnalogGlitchFilter)
                  000040b4    00000018     ti_msp_dl_config.o (.text.DL_I2C_enableController)
                  000040cc    00000018     ti_msp_dl_config.o (.text.DL_I2C_enableControllerClockStretching)
                  000040e4    00000018     ti_msp_dl_config.o (.text.DL_I2C_enablePower)
                  000040fc    00000018     ti_msp_dl_config.o (.text.DL_I2C_reset)
                  00004114    00000018     ti_msp_dl_config.o (.text.DL_I2C_setTimerPeriod)
                  0000412c    00000018     ti_msp_dl_config.o (.text.DL_SPI_enable)
                  00004144    00000018     ti_msp_dl_config.o (.text.DL_SPI_enablePower)
                  0000415c    00000018     ti_msp_dl_config.o (.text.DL_SPI_reset)
                  00004174    00000018     ti_msp_dl_config.o (.text.DL_SYSCTL_setBORThreshold)
                  0000418c    00000018     ti_msp_dl_config.o (.text.DL_Timer_enablePower)
                  000041a4    00000018     ti_msp_dl_config.o (.text.DL_Timer_reset)
                  000041bc    00000018     driverlib.a : dl_timer.o (.text.DL_Timer_setCaptureCompareOutCtl)
                  000041d4    00000018     task.o (.text.DL_Timer_startCounter)
                  000041ec    00000018     ti_msp_dl_config.o (.text.DL_UART_enableDMAReceiveEvent)
                  00004204    00000018     ti_msp_dl_config.o (.text.DL_UART_enableFIFOs)
                  0000421c    00000018     ti_msp_dl_config.o (.text.DL_UART_enablePower)
                  00004234    00000018     K230.o (.text.DL_UART_isRXFIFOEmpty)
                  0000424c    00000018     wit.o (.text.DL_UART_isRXFIFOEmpty)
                  00004264    00000018     ti_msp_dl_config.o (.text.DL_UART_reset)
                  0000427c    00000018     motor_QEI.o (.text.Get_QEI_BL)
                  00004294    00000018     motor_QEI.o (.text.Get_QEI_BR)
                  000042ac    00000018     motor_QEI.o (.text.Get_QEI_FL)
                  000042c4    00000018     motor_QEI.o (.text.Get_QEI_FR)
                  000042dc    00000018     ti_msp_dl_config.o (.text.SYSCFG_DL_DMA_K230_init)
                  000042f4    00000018     ti_msp_dl_config.o (.text.SYSCFG_DL_DMA_WIT_init)
                  0000430c    00000016     XunJi.o (.text.DL_GPIO_readPins)
                  00004322    00000016     motor_QEI.o (.text.DL_GPIO_readPins)
                  00004338    00000016     ti_msp_dl_config.o (.text.DL_UART_enable)
                  0000434e    00000016     UART.o (.text.NVIC_INIT)
                  00004364    00000016     libc.a : k_rem_pio2.c.obj (.text.OUTLINED_FUNCTION_0)
                  0000437a    00000002     --HOLE-- [fill = 0]
                  0000437c    00000010     libclang_rt.builtins.a : adddf3.S.obj (.tramp.__aeabi_dadd.1)
                  0000438c    00000016     libc.a : copy_zero_init.c.obj (.text:decompress:ZI:__TI_zero_init_nomemset)
                  000043a2    00000014     Beep.o (.text.DL_GPIO_clearPins)
                  000043b6    00000014     LED.o (.text.DL_GPIO_clearPins)
                  000043ca    00000014     motor.o (.text.DL_GPIO_clearPins)
                  000043de    00000014     ti_msp_dl_config.o (.text.DL_GPIO_clearPins)
                  000043f2    00000002     --HOLE-- [fill = 0]
                  000043f4    00000014     ti_msp_dl_config.o (.text.DL_I2C_resetControllerTransfer)
                  00004408    00000014     ti_msp_dl_config.o (.text.DL_SYSCTL_disableSYSPLL)
                  0000441c    00000014     ti_msp_dl_config.o (.text.DL_Timer_enableClock)
                  00004430    00000014     ti_msp_dl_config.o (.text.DL_Timer_setCCPDirection)
                  00004444    00000014     K230.o (.text.DL_UART_receiveData)
                  00004458    00000014     wit.o (.text.DL_UART_receiveData)
                  0000446c    00000014     wit.o (.text.YawInit)
                  00004480    00000014     empty.o (.text.main)
                  00004494    00000012     driverlib.a : dl_spi.o (.text.DL_SPI_setClockConfig)
                  000044a6    00000012                 : dl_uart.o (.text.DL_UART_setClockConfig)
                  000044b8    00000012     libc.a : memcpy16.S.obj (.text:TI_memcpy_small)
                  000044ca    00000012            : copy_decompress_none.c.obj (.text:decompress:none)
                  000044dc    00000010     ti_msp_dl_config.o (.text.DL_SYSCTL_disableHFXT)
                  000044ec    00000010     driverlib.a : dl_timer.o (.text.DL_Timer_setCaptureCompareValue)
                  000044fc    00000010     libc.a : k_rem_pio2.c.obj (.text.OUTLINED_FUNCTION_2)
                  0000450c    00000010     pid.o (.text.PID_SetTaget)
                  0000451c    0000000e     libc.a : s_sin.c.obj (.text.OUTLINED_FUNCTION_1)
                  0000452a    00000002     --HOLE-- [fill = 0]
                  0000452c    00000010     libclang_rt.builtins.a : adddf3.S.obj (.tramp.__aeabi_dsub.1)
                  0000453c    0000000e     libc.a : s_sin.c.obj (.text.OUTLINED_FUNCTION_2)
                  0000454a    0000000c     ti_msp_dl_config.o (.text.SYSCFG_DL_DMA_init)
                  00004556    0000000c     XunJi.o (.text.Xunji_Data_Run)
                  00004562    0000000a     driverlib.a : dl_common.o (.text.DL_Common_delayCycles)
                  0000456c    0000000a     libc.a : k_rem_pio2.c.obj (.text.OUTLINED_FUNCTION_1)
                  00004576    00000002     --HOLE-- [fill = 0]
                  00004578    00000008            : aeabi_portable.c.obj (.text.__aeabi_errno_addr)
                  00004580    00000008     libclang_rt.builtins.a : aeabi_memcpy.S.obj (.text.__aeabi_memcpy)
                  00004588    00000006     libc.a : k_cos.c.obj (.text.OUTLINED_FUNCTION_0)
                  0000458e    00000002     --HOLE-- [fill = 0]
                  00004590    00000010     libclang_rt.builtins.a : muldf3.S.obj (.tramp.__aeabi_dmul.1)
                  000045a0    00000006     libc.a : k_sin.c.obj (.text.OUTLINED_FUNCTION_0)
                  000045a6    00000006            : s_sin.c.obj (.text.OUTLINED_FUNCTION_0)
                  000045ac    00000006            : s_sin.c.obj (.text.OUTLINED_FUNCTION_4)
                  000045b2    00000006            : s_sin.c.obj (.text.OUTLINED_FUNCTION_6)
                  000045b8    00000006            : exit.c.obj (.text:abort)
                  000045be    00000004     startup_mspm0g350x_ticlang.o (.text.Default_Handler)
                  000045c2    00000004     libsysbm.a : hostexit.c.obj (.text.HOSTexit)
                  000045c6    00000004     libc.a : s_sin.c.obj (.text.OUTLINED_FUNCTION_3)
                  000045ca    00000004            : s_sin.c.obj (.text.OUTLINED_FUNCTION_5)
                  000045ce    00000004     startup_mspm0g350x_ticlang.o (.text.Reset_Handler)
                  000045d2    00000002     --HOLE-- [fill = 0]
                  000045d4    00000010     libc.a : boot_cortex_m.c.obj (.tramp._c_int00_noargs.1)
                  000045e4    00000004            : pre_init.c.obj (.text._system_pre_init)
                  000045e8    00000008     --HOLE-- [fill = 0]

.cinit     0    000047c0    00000030     
                  000047c0    0000000c     (__TI_handler_table)
                  000047cc    00000008     (.cinit..bss.load) [load image, compression = zero_init]
                  000047d4    00000008     (.cinit..data.load) [load image, compression = lzss]
                  000047dc    00000010     (__TI_cinit_table)
                  000047ec    00000004     --HOLE-- [fill = 0]

.rodata    0    000045f0    000001d0     
                  000045f0    00000108     libc.a : k_rem_pio2.c.obj (.rodata.ipio2)
                  000046f8    00000040            : k_rem_pio2.c.obj (.rodata.PIo2)
                  00004738    00000018     ti_msp_dl_config.o (.rodata.gDMA_K230Config)
                  00004750    00000018     ti_msp_dl_config.o (.rodata.gDMA_WITConfig)
                  00004768    00000014     ti_msp_dl_config.o (.rodata.gTIMER_MS_SYSTimerConfig)
                  0000477c    00000010     libc.a : k_rem_pio2.c.obj (.rodata.cst16)
                  0000478c    0000000a     ti_msp_dl_config.o (.rodata.gSPI_IMU660RB_config)
                  00004796    0000000a     ti_msp_dl_config.o (.rodata.gUART_OPENMVConfig)
                  000047a0    0000000a     ti_msp_dl_config.o (.rodata.gUART_WITConfig)
                  000047aa    00000002     ti_msp_dl_config.o (.rodata.gI2C_OLEDClockConfig)
                  000047ac    00000008     ti_msp_dl_config.o (.rodata.gPWM_MOTORConfig)
                  000047b4    00000003     ti_msp_dl_config.o (.rodata.gPWM_MOTORClockConfig)
                  000047b7    00000003     ti_msp_dl_config.o (.rodata.gTIMER_MS_SYSClockConfig)
                  000047ba    00000002     ti_msp_dl_config.o (.rodata.gSPI_IMU660RB_clockConfig)
                  000047bc    00000002     ti_msp_dl_config.o (.rodata.gUART_OPENMVClockConfig)
                  000047be    00000002     ti_msp_dl_config.o (.rodata.gUART_WITClockConfig)

.init_array 
*          0    00000000    00000000     UNINITIALIZED

.binit     0    00000000    00000000     

.bss       0    20200000    00000218     UNINITIALIZED
                  20200000    000000bc     (.common:gPWM_MOTORBackup)
                  202000bc    00000034     (.common:PID_BL)
                  202000f0    00000034     (.common:PID_BR)
                  20200124    00000034     (.common:PID_FL)
                  20200158    00000034     (.common:PID_FR)
                  2020018c    00000034     (.common:PID_Yaw)
                  202001c0    00000028     (.common:gSPI_IMU660RBBackup)
                  202001e8    00000021     (.common:wit_dmaBuffer)
                  20200209    0000000a     (.common:k230_dmaBuffer)
                  20200213    00000001     --HOLE--
                  20200214    00000004     Timer.o (.bss.TIMG0_IRQHandler.Count)

.data      0    20200218    00000064     UNINITIALIZED
                  20200218    00000024     wit.o (.data.wit_data)
                  2020023c    00000008     UART.o (.data.Xunji)
                  20200244    00000004     motor_QEI.o (.data.Back_Left_Count)
                  20200248    00000004     motor_QEI.o (.data.Back_Right_Count)
                  2020024c    00000004     motor_QEI.o (.data.Front_Left_Count)
                  20200250    00000004     motor_QEI.o (.data.Front_Right_Count)
                  20200254    00000004     pid.o (.data.PID_Update_Yaw.BianSu_C)
                  20200258    00000004     motor_QEI.o (.data.QBL)
                  2020025c    00000004     motor_QEI.o (.data.QBR)
                  20200260    00000004     motor_QEI.o (.data.QFL)
                  20200264    00000004     motor_QEI.o (.data.QFR)
                  20200268    00000004     motor_QEI.o (.data.Start_Count)
                  2020026c    00000004     XunJi.o (.data.YawPWMout)
                  20200270    00000004     libc.a : aeabi_portable.c.obj (.data.__aeabi_errno)
                  20200274    00000004     motor.o (.data.compareValue)
                  20200278    00000004     Timer.o (.data.delay_count)

.stack     0    20203e00    00000200     UNINITIALIZED
                  20203e00    00000004     libc.a : boot_cortex_m.c.obj (.stack)
                  20203e04    000001fc     --HOLE--

__llvm_prf_cnts 
*          0    20200000    00000000     UNINITIALIZED

__llvm_prf_bits 
*          0    20200000    00000000     UNINITIALIZED

MODULE SUMMARY

       Module                         code    ro data   rw data
       ------                         ----    -------   -------
    .\
       ti_msp_dl_config.o             3472    120       228    
       startup_mspm0g350x_ticlang.o   8       192       0      
       empty.o                        20      0         0      
    +--+------------------------------+-------+---------+---------+
       Total:                         3500    312       228    
                                                               
    .\Driver\
       pid.o                          1934    0         264    
       motor.o                        1148    0         4      
       motor_QEI.o                    618     0         36     
       XunJi.o                        330     0         4      
       task.o                         236     0         0      
       Timer.o                        120     0         8      
       Beep.o                         96      0         0      
       LED.o                          92      0         0      
    +--+------------------------------+-------+---------+---------+
       Total:                         4574    0         316    
                                                               
    .\Peripheral\
       wit.o                          1288    0         69     
       K230.o                         416     0         10     
       UART.o                         66      0         8      
    +--+------------------------------+-------+---------+---------+
       Total:                         1770    0         87     
                                                               
    C:/ti/mspm0_sdk_2_05_01_00/source/ti/driverlib/lib/ticlang/m0p/mspm0g1x0x_g3x0x/driverlib.a
       dl_timer.o                     588     0         0      
       dl_uart.o                      174     0         0      
       dl_spi.o                       86      0         0      
       dl_dma.o                       76      0         0      
       dl_i2c.o                       38      0         0      
       dl_common.o                    10      0         0      
    +--+------------------------------+-------+---------+---------+
       Total:                         972     0         0      
                                                               
    C:\ti\ccs2010\ccs\tools\compiler\ti-cgt-armllvm_4.0.2.LTS\lib\armv6m-ti-none-eabi/c/libc.a
       k_rem_pio2.c.obj               1652    344       0      
       s_sin.c.obj                    1166    0         0      
       k_sin.c.obj                    366     0         0      
       k_cos.c.obj                    342     0         0      
       s_floor.c.obj                  324     0         0      
       s_scalbn.c.obj                 216     0         0      
       copy_decompress_lzss.c.obj     124     0         0      
       autoinit.c.obj                 60      0         0      
       boot_cortex_m.c.obj            56      0         0      
       copy_zero_init.c.obj           22      0         0      
       copy_decompress_none.c.obj     18      0         0      
       memcpy16.S.obj                 18      0         0      
       aeabi_portable.c.obj           8       0         4      
       exit.c.obj                     6       0         0      
       pre_init.c.obj                 4       0         0      
    +--+------------------------------+-------+---------+---------+
       Total:                         4382    344       4      
                                                               
    C:\ti\ccs2010\ccs\tools\compiler\ti-cgt-armllvm_4.0.2.LTS\lib\armv6m-ti-none-eabi/c/libsysbm.a
       hostexit.c.obj                 4       0         0      
    +--+------------------------------+-------+---------+---------+
       Total:                         4       0         0      
                                                               
    C:\ti\ccs2010\ccs\tools\compiler\ti-cgt-armllvm_4.0.2.LTS\lib\armv6m-ti-none-eabi/libclang_rt.builtins.a
       adddf3.S.obj                   434     0         0      
       divdf3.S.obj                   268     0         0      
       muldf3.S.obj                   244     0         0      
       comparedf2.c.obj               220     0         0      
       addsf3.S.obj                   216     0         0      
       mulsf3.S.obj                   140     0         0      
       comparesf2.S.obj               118     0         0      
       truncdfsf2.S.obj               116     0         0      
       aeabi_dcmp.S.obj               98      0         0      
       aeabi_fcmp.S.obj               98      0         0      
       aeabi_idivmod.S.obj            86      0         0      
       fixdfsi.S.obj                  74      0         0      
       fixunsdfsi.S.obj               66      0         0      
       extendsfdf2.S.obj              64      0         0      
       floatsisf.S.obj                60      0         0      
       muldsi3.S.obj                  58      0         0      
       fixsfsi.S.obj                  56      0         0      
       floatsidf.S.obj                44      0         0      
       aeabi_memcpy.S.obj             8       0         0      
       aeabi_div0.c.obj               2       0         0      
    +--+------------------------------+-------+---------+---------+
       Total:                         2470    0         0      
                                                               
       Stack:                         0       0         512    
       Linker Generated:              0       44        0      
    +--+------------------------------+-------+---------+---------+
       Grand Total:                   17672   700       1147   


LINKER GENERATED COPY TABLES

__TI_cinit_table @ 000047dc records: 2, size/record: 8, table size: 16
	.bss: load addr=000047cc, load size=00000008 bytes, run addr=20200000, run size=00000218 bytes, compression=zero_init
	.data: load addr=000047d4, load size=00000008 bytes, run addr=20200218, run size=00000064 bytes, compression=lzss


LINKER GENERATED HANDLER TABLE

__TI_handler_table @ 000047c0 records: 3, size/record: 4, table size: 12
	index: 0, handler: __TI_decompress_lzss
	index: 1, handler: __TI_decompress_none
	index: 2, handler: __TI_zero_init


FAR CALL TRAMPOLINES

callee name               trampoline name
   callee addr  tramp addr   call addr  call info
--------------  -----------  ---------  ----------------
__aeabi_dadd              $Tramp$TT$L$PI$$__aeabi_dadd
   000018bb     0000437c     00004378   libc.a : k_rem_pio2.c.obj (.text.OUTLINED_FUNCTION_0)
                             00004574          : k_rem_pio2.c.obj (.text.OUTLINED_FUNCTION_1)
                             000045aa          : s_sin.c.obj (.text.OUTLINED_FUNCTION_0)
                             000045c8          : s_sin.c.obj (.text.OUTLINED_FUNCTION_3)
__aeabi_dsub              $Tramp$TT$L$PI$$__aeabi_dsub
   000018b1     0000452c     00004528   libc.a : s_sin.c.obj (.text.OUTLINED_FUNCTION_1)
                             00004548          : s_sin.c.obj (.text.OUTLINED_FUNCTION_2)
                             000045b6          : s_sin.c.obj (.text.OUTLINED_FUNCTION_6)
                             000045cc          : s_sin.c.obj (.text.OUTLINED_FUNCTION_5)
__aeabi_dmul              $Tramp$TT$L$PI$$__aeabi_dmul
   00002775     00004590     0000458c   libc.a : k_cos.c.obj (.text.OUTLINED_FUNCTION_0)
                             000045a4          : k_sin.c.obj (.text.OUTLINED_FUNCTION_0)
                             000045b0          : s_sin.c.obj (.text.OUTLINED_FUNCTION_4)
_c_int00_noargs           $Tramp$TT$L$PI$$_c_int00_noargs
   00003c05     000045d4     000045ce   startup_mspm0g350x_ticlang.o (.text.Reset_Handler)

[4 trampolines]
[12 trampoline calls]


GLOBAL SYMBOLS: SORTED ALPHABETICALLY BY Name 

address   name                            
-------   ----                            
000045bf  ADC0_IRQHandler                 
000045bf  ADC1_IRQHandler                 
000045bf  AES_IRQHandler                  
20200244  Back_Left_Count                 
20200248  Back_Right_Count                
000045c2  C$$EXIT                         
000045bf  CANFD0_IRQHandler               
00003e25  ClearXunValue                   
00003831  Control_Beep                    
000038cd  Control_LED                     
000045bf  DAC0_IRQHandler                 
00004563  DL_Common_delayCycles           
00003359  DL_DMA_initChannel              
00003ceb  DL_I2C_setClockConfig           
00003485  DL_SPI_init                     
00004495  DL_SPI_setClockConfig           
00002589  DL_Timer_initFourCCPWMMode      
0000268d  DL_Timer_initTimerMode          
00003f59  DL_Timer_setCaptCompUpdateMethod
000041bd  DL_Timer_setCaptureCompareOutCtl
000044ed  DL_Timer_setCaptureCompareValue 
00003f75  DL_Timer_setClockConfig         
000032b5  DL_UART_drainRXFIFO             
0000343d  DL_UART_init                    
000044a7  DL_UART_setClockConfig          
000045bf  DMA_IRQHandler                  
000045bf  Default_Handler                 
2020024c  Front_Left_Count                
20200250  Front_Right_Count               
000045bf  GROUP0_IRQHandler               
000016f1  GROUP1_IRQHandler               
0000427d  Get_QEI_BL                      
00004295  Get_QEI_BR                      
000042ad  Get_QEI_FL                      
000042c5  Get_QEI_FR                      
00002cbd  Go_stright                      
000045c3  HOSTexit                        
000045bf  HardFault_Handler               
000045bf  I2C0_IRQHandler                 
000045bf  I2C1_IRQHandler                 
00003de5  Motor_On                        
000045bf  NMI_Handler                     
0000434f  NVIC_INIT                       
202000bc  PID_BL                          
202000f0  PID_BR                          
20200124  PID_FL                          
20200158  PID_FR                          
00003da1  PID_Init                        
000031ad  PID_Init_Wheel                  
0000450d  PID_SetTaget                    
00001cfd  PID_Update_BL                   
00001e49  PID_Update_BR                   
00001f95  PID_Update_FL                   
000020e1  PID_Update_FR                   
0000151d  PID_Update_Yaw                  
2020018c  PID_Yaw                         
000045bf  PendSV_Handler                  
20200258  QBL                             
2020025c  QBR                             
20200260  QFL                             
20200264  QFR                             
000045bf  RTC_IRQHandler                  
000045cf  Reset_Handler                   
000045bf  SPI0_IRQHandler                 
000045bf  SPI1_IRQHandler                 
000045bf  SVC_Handler                     
000042dd  SYSCFG_DL_DMA_K230_init         
000042f5  SYSCFG_DL_DMA_WIT_init          
0000454b  SYSCFG_DL_DMA_init              
00001271  SYSCFG_DL_GPIO_init             
00003205  SYSCFG_DL_I2C_OLED_init         
00002859  SYSCFG_DL_PWM_MOTOR_init        
00003595  SYSCFG_DL_SPI_IMU660RB_init     
00003899  SYSCFG_DL_SYSCTL_init           
000035d5  SYSCFG_DL_TIMER_MS_SYS_init     
00002eb9  SYSCFG_DL_UART_OPENMV_init      
00003015  SYSCFG_DL_UART_WIT_init         
000034c9  SYSCFG_DL_init                  
00002b91  SYSCFG_DL_initPower             
00000b5d  Set_Speed                       
20200268  Start_Count                     
000045bf  SysTick_Handler                 
00003309  TASK_INIT                       
000039bd  TASK_LOOP                       
000045bf  TIMA0_IRQHandler                
000045bf  TIMA1_IRQHandler                
00002e41  TIMG0_IRQHandler                
000045bf  TIMG12_IRQHandler               
000045bf  TIMG6_IRQHandler                
000045bf  TIMG7_IRQHandler                
000045bf  TIMG8_IRQHandler                
000044b9  TI_memcpy_small                 
00000f09  UART0_IRQHandler                
00002ae5  UART1_IRQHandler                
000045bf  UART2_IRQHandler                
000045bf  UART3_IRQHandler                
0000350d  WIT_Init                        
2020023c  Xunji                           
00004557  Xunji_Data_Run                  
0000446d  YawInit                         
2020026c  YawPWMout                       
20204000  __STACK_END                     
00000200  __STACK_SIZE                    
00000000  __TI_ATRegion0_region_sz        
00000000  __TI_ATRegion0_src_addr         
00000000  __TI_ATRegion0_trg_addr         
00000000  __TI_ATRegion1_region_sz        
00000000  __TI_ATRegion1_src_addr         
00000000  __TI_ATRegion1_trg_addr         
00000000  __TI_ATRegion2_region_sz        
00000000  __TI_ATRegion2_src_addr         
00000000  __TI_ATRegion2_trg_addr         
000047dc  __TI_CINIT_Base                 
000047ec  __TI_CINIT_Limit                
000047ec  __TI_CINIT_Warm                 
000047c0  __TI_Handler_Table_Base         
000047cc  __TI_Handler_Table_Limit        
00003745  __TI_auto_init_nobinit_nopinit  
00002dc5  __TI_decompress_lzss            
000044cb  __TI_decompress_none            
ffffffff  __TI_pprof_out_hndl             
ffffffff  __TI_prof_data_size             
ffffffff  __TI_prof_data_start            
00000000  __TI_static_base__              
0000438d  __TI_zero_init_nomemset         
000018bb  __adddf3                        
00002a17  __addsf3                        
00002fa1  __aeabi_d2f                     
000033f1  __aeabi_d2iz                    
00003551  __aeabi_d2uiz                   
000018bb  __aeabi_dadd                    
000030e5  __aeabi_dcmpeq                  
00003121  __aeabi_dcmpge                  
00003135  __aeabi_dcmpgt                  
0000310d  __aeabi_dcmple                  
000030f9  __aeabi_dcmplt                  
00002371  __aeabi_ddiv                    
00002775  __aeabi_dmul                    
000018b1  __aeabi_dsub                    
20200270  __aeabi_errno                   
00004579  __aeabi_errno_addr              
00003615  __aeabi_f2d                     
000037f9  __aeabi_f2iz                    
00002a17  __aeabi_fadd                    
00003149  __aeabi_fcmpeq                  
00003185  __aeabi_fcmpge                  
00003199  __aeabi_fcmpgt                  
00003171  __aeabi_fcmple                  
0000315d  __aeabi_fcmplt                  
00002c31  __aeabi_fmul                    
00002a0d  __aeabi_fsub                    
00003a99  __aeabi_i2d                     
000036cd  __aeabi_i2f                     
0000325d  __aeabi_idiv                    
00001a43  __aeabi_idiv0                   
0000325d  __aeabi_idivmod                 
00004581  __aeabi_memcpy                  
00004581  __aeabi_memcpy4                 
00004581  __aeabi_memcpy8                 
ffffffff  __binit__                       
0000307d  __cmpdf2                        
00003781  __cmpsf2                        
00002371  __divdf3                        
0000307d  __eqdf2                         
00003781  __eqsf2                         
00003615  __extendsfdf2                   
000033f1  __fixdfsi                       
000037f9  __fixsfsi                       
00003551  __fixunsdfsi                    
00003a99  __floatsidf                     
000036cd  __floatsisf                     
00002f2d  __gedf2                         
00003709  __gesf2                         
00002f2d  __gtdf2                         
00003709  __gtsf2                         
00001bad  __kernel_cos                    
000000c1  __kernel_rem_pio2               
00001a45  __kernel_sin                    
0000307d  __ledf2                         
00003781  __lesf2                         
0000307d  __ltdf2                         
00003781  __ltsf2                         
UNDEFED   __mpu_init                      
00002775  __muldf3                        
000037bd  __muldsi3                       
00002c31  __mulsf3                        
0000307d  __nedf2                         
00003781  __nesf2                         
20203e00  __stack                         
20200000  __start___llvm_prf_bits         
20200000  __start___llvm_prf_cnts         
20200000  __stop___llvm_prf_bits          
20200000  __stop___llvm_prf_cnts          
000018b1  __subdf3                        
00002a0d  __subsf3                        
00002fa1  __truncdfsf2                    
00003c05  _c_int00_noargs                 
UNDEFED   _system_post_cinit              
000045e5  _system_pre_init                
000045b9  abort                           
ffffffff  binit                           
20200274  compareValue                    
20200278  delay_count                     
0000222d  floor                           
0000222d  floorl                          
20200000  gPWM_MOTORBackup                
202001c0  gSPI_IMU660RBBackup             
0000247d  getGpioValue                    
00000000  interruptVectors                
20200209  k230_dmaBuffer                  
00002935  ldexp                           
00002935  ldexpl                          
00004481  main                            
00002935  scalbn                          
00002935  scalbnl                         
00000705  sin                             
00000705  sinl                            
20200218  wit_data                        
202001e8  wit_dmaBuffer                   


GLOBAL SYMBOLS: SORTED BY Symbol Address 

address   name                            
-------   ----                            
00000000  __TI_ATRegion0_region_sz        
00000000  __TI_ATRegion0_src_addr         
00000000  __TI_ATRegion0_trg_addr         
00000000  __TI_ATRegion1_region_sz        
00000000  __TI_ATRegion1_src_addr         
00000000  __TI_ATRegion1_trg_addr         
00000000  __TI_ATRegion2_region_sz        
00000000  __TI_ATRegion2_src_addr         
00000000  __TI_ATRegion2_trg_addr         
00000000  __TI_static_base__              
00000000  interruptVectors                
000000c1  __kernel_rem_pio2               
00000200  __STACK_SIZE                    
00000705  sin                             
00000705  sinl                            
00000b5d  Set_Speed                       
00000f09  UART0_IRQHandler                
00001271  SYSCFG_DL_GPIO_init             
0000151d  PID_Update_Yaw                  
000016f1  GROUP1_IRQHandler               
000018b1  __aeabi_dsub                    
000018b1  __subdf3                        
000018bb  __adddf3                        
000018bb  __aeabi_dadd                    
00001a43  __aeabi_idiv0                   
00001a45  __kernel_sin                    
00001bad  __kernel_cos                    
00001cfd  PID_Update_BL                   
00001e49  PID_Update_BR                   
00001f95  PID_Update_FL                   
000020e1  PID_Update_FR                   
0000222d  floor                           
0000222d  floorl                          
00002371  __aeabi_ddiv                    
00002371  __divdf3                        
0000247d  getGpioValue                    
00002589  DL_Timer_initFourCCPWMMode      
0000268d  DL_Timer_initTimerMode          
00002775  __aeabi_dmul                    
00002775  __muldf3                        
00002859  SYSCFG_DL_PWM_MOTOR_init        
00002935  ldexp                           
00002935  ldexpl                          
00002935  scalbn                          
00002935  scalbnl                         
00002a0d  __aeabi_fsub                    
00002a0d  __subsf3                        
00002a17  __addsf3                        
00002a17  __aeabi_fadd                    
00002ae5  UART1_IRQHandler                
00002b91  SYSCFG_DL_initPower             
00002c31  __aeabi_fmul                    
00002c31  __mulsf3                        
00002cbd  Go_stright                      
00002dc5  __TI_decompress_lzss            
00002e41  TIMG0_IRQHandler                
00002eb9  SYSCFG_DL_UART_OPENMV_init      
00002f2d  __gedf2                         
00002f2d  __gtdf2                         
00002fa1  __aeabi_d2f                     
00002fa1  __truncdfsf2                    
00003015  SYSCFG_DL_UART_WIT_init         
0000307d  __cmpdf2                        
0000307d  __eqdf2                         
0000307d  __ledf2                         
0000307d  __ltdf2                         
0000307d  __nedf2                         
000030e5  __aeabi_dcmpeq                  
000030f9  __aeabi_dcmplt                  
0000310d  __aeabi_dcmple                  
00003121  __aeabi_dcmpge                  
00003135  __aeabi_dcmpgt                  
00003149  __aeabi_fcmpeq                  
0000315d  __aeabi_fcmplt                  
00003171  __aeabi_fcmple                  
00003185  __aeabi_fcmpge                  
00003199  __aeabi_fcmpgt                  
000031ad  PID_Init_Wheel                  
00003205  SYSCFG_DL_I2C_OLED_init         
0000325d  __aeabi_idiv                    
0000325d  __aeabi_idivmod                 
000032b5  DL_UART_drainRXFIFO             
00003309  TASK_INIT                       
00003359  DL_DMA_initChannel              
000033f1  __aeabi_d2iz                    
000033f1  __fixdfsi                       
0000343d  DL_UART_init                    
00003485  DL_SPI_init                     
000034c9  SYSCFG_DL_init                  
0000350d  WIT_Init                        
00003551  __aeabi_d2uiz                   
00003551  __fixunsdfsi                    
00003595  SYSCFG_DL_SPI_IMU660RB_init     
000035d5  SYSCFG_DL_TIMER_MS_SYS_init     
00003615  __aeabi_f2d                     
00003615  __extendsfdf2                   
000036cd  __aeabi_i2f                     
000036cd  __floatsisf                     
00003709  __gesf2                         
00003709  __gtsf2                         
00003745  __TI_auto_init_nobinit_nopinit  
00003781  __cmpsf2                        
00003781  __eqsf2                         
00003781  __lesf2                         
00003781  __ltsf2                         
00003781  __nesf2                         
000037bd  __muldsi3                       
000037f9  __aeabi_f2iz                    
000037f9  __fixsfsi                       
00003831  Control_Beep                    
00003899  SYSCFG_DL_SYSCTL_init           
000038cd  Control_LED                     
000039bd  TASK_LOOP                       
00003a99  __aeabi_i2d                     
00003a99  __floatsidf                     
00003c05  _c_int00_noargs                 
00003ceb  DL_I2C_setClockConfig           
00003da1  PID_Init                        
00003de5  Motor_On                        
00003e25  ClearXunValue                   
00003f59  DL_Timer_setCaptCompUpdateMethod
00003f75  DL_Timer_setClockConfig         
000041bd  DL_Timer_setCaptureCompareOutCtl
0000427d  Get_QEI_BL                      
00004295  Get_QEI_BR                      
000042ad  Get_QEI_FL                      
000042c5  Get_QEI_FR                      
000042dd  SYSCFG_DL_DMA_K230_init         
000042f5  SYSCFG_DL_DMA_WIT_init          
0000434f  NVIC_INIT                       
0000438d  __TI_zero_init_nomemset         
0000446d  YawInit                         
00004481  main                            
00004495  DL_SPI_setClockConfig           
000044a7  DL_UART_setClockConfig          
000044b9  TI_memcpy_small                 
000044cb  __TI_decompress_none            
000044ed  DL_Timer_setCaptureCompareValue 
0000450d  PID_SetTaget                    
0000454b  SYSCFG_DL_DMA_init              
00004557  Xunji_Data_Run                  
00004563  DL_Common_delayCycles           
00004579  __aeabi_errno_addr              
00004581  __aeabi_memcpy                  
00004581  __aeabi_memcpy4                 
00004581  __aeabi_memcpy8                 
000045b9  abort                           
000045bf  ADC0_IRQHandler                 
000045bf  ADC1_IRQHandler                 
000045bf  AES_IRQHandler                  
000045bf  CANFD0_IRQHandler               
000045bf  DAC0_IRQHandler                 
000045bf  DMA_IRQHandler                  
000045bf  Default_Handler                 
000045bf  GROUP0_IRQHandler               
000045bf  HardFault_Handler               
000045bf  I2C0_IRQHandler                 
000045bf  I2C1_IRQHandler                 
000045bf  NMI_Handler                     
000045bf  PendSV_Handler                  
000045bf  RTC_IRQHandler                  
000045bf  SPI0_IRQHandler                 
000045bf  SPI1_IRQHandler                 
000045bf  SVC_Handler                     
000045bf  SysTick_Handler                 
000045bf  TIMA0_IRQHandler                
000045bf  TIMA1_IRQHandler                
000045bf  TIMG12_IRQHandler               
000045bf  TIMG6_IRQHandler                
000045bf  TIMG7_IRQHandler                
000045bf  TIMG8_IRQHandler                
000045bf  UART2_IRQHandler                
000045bf  UART3_IRQHandler                
000045c2  C$$EXIT                         
000045c3  HOSTexit                        
000045cf  Reset_Handler                   
000045e5  _system_pre_init                
000047c0  __TI_Handler_Table_Base         
000047cc  __TI_Handler_Table_Limit        
000047dc  __TI_CINIT_Base                 
000047ec  __TI_CINIT_Limit                
000047ec  __TI_CINIT_Warm                 
20200000  __start___llvm_prf_bits         
20200000  __start___llvm_prf_cnts         
20200000  __stop___llvm_prf_bits          
20200000  __stop___llvm_prf_cnts          
20200000  gPWM_MOTORBackup                
202000bc  PID_BL                          
202000f0  PID_BR                          
20200124  PID_FL                          
20200158  PID_FR                          
2020018c  PID_Yaw                         
202001c0  gSPI_IMU660RBBackup             
202001e8  wit_dmaBuffer                   
20200209  k230_dmaBuffer                  
20200218  wit_data                        
2020023c  Xunji                           
20200244  Back_Left_Count                 
20200248  Back_Right_Count                
2020024c  Front_Left_Count                
20200250  Front_Right_Count               
20200258  QBL                             
2020025c  QBR                             
20200260  QFL                             
20200264  QFR                             
20200268  Start_Count                     
2020026c  YawPWMout                       
20200270  __aeabi_errno                   
20200274  compareValue                    
20200278  delay_count                     
20203e00  __stack                         
20204000  __STACK_END                     
ffffffff  __TI_pprof_out_hndl             
ffffffff  __TI_prof_data_size             
ffffffff  __TI_prof_data_start            
ffffffff  __binit__                       
ffffffff  binit                           
UNDEFED   __mpu_init                      
UNDEFED   _system_post_cinit              

[219 symbols]
