******************************************************************************
            TI ARM Clang Linker PC v4.0.2                      
******************************************************************************
>> Linked Fri Jul 25 16:06:35 2025

OUTPUT FILE NAME:   <dansaichongshengban.out>
ENTRY POINT SYMBOL: "_c_int00_noargs"  address: 00003b0d


MEMORY CONFIGURATION

         name            origin    length      used     unused   attr    fill
----------------------  --------  ---------  --------  --------  ----  --------
  FLASH                 00000000   00008000  000045a8  00003a58  R  X
  SRAM                  20200000   00004000  00000460  00003ba0  RW X
  BCR_CONFIG            41c00000   000000ff  00000000  000000ff  R   
  BSL_CONFIG            41c00100   00000080  00000000  00000080  R   


SEGMENT ALLOCATION MAP

run origin  load origin   length   init length attrs members
----------  ----------- ---------- ----------- ----- -------
00000000    00000000    000045a8   000045a8    r-x
  00000000    00000000    000000c0   000000c0    r-- .intvecs
  000000c0    000000c0    00004300   00004300    r-x .text
  000043c0    000043c0    000001b0   000001b0    r-- .rodata
  00004570    00004570    00000038   00000038    r-- .cinit
20200000    20200000    00000260   00000000    rw-
  20200000    20200000    000001e8   00000000    rw- .bss
  202001e8    202001e8    00000078   00000000    rw- .data
20203e00    20203e00    00000200   00000000    rw-
  20203e00    20203e00    00000200   00000000    rw- .stack


SECTION ALLOCATION MAP

 output                                  attributes/
section   page    origin      length       input sections
--------  ----  ----------  ----------   ----------------
.intvecs   0    00000000    000000c0     
                  00000000    000000c0     startup_mspm0g350x_ticlang.o (.intvecs)

.text      0    000000c0    00004300     
                  000000c0    00000644     libc.a : k_rem_pio2.c.obj (.text.__kernel_rem_pio2)
                  00000704    00000458            : s_sin.c.obj (.text.sin)
                  00000b5c    000003ac     motor.o (.text.Set_Speed)
                  00000f08    00000368     UART.o (.text.UART0_IRQHandler)
                  00001270    0000027c     ti_msp_dl_config.o (.text.SYSCFG_DL_GPIO_init)
                  000014ec    00000214     XunJi.o (.text.ControlSinAngle)
                  00001700    000001d4     pid.o (.text.PID_Update_Yaw)
                  000018d4    000001c0     motor_QEI.o (.text.GROUP1_IRQHandler)
                  00001a94    00000192     libclang_rt.builtins.a : adddf3.S.obj (.text.adddf3_subdf3)
                  00001c26    00000002     UART.o (.text.UART1_IRQHandler)
                  00001c28    00000168     libc.a : k_sin.c.obj (.text.__kernel_sin)
                  00001d90    00000150            : k_cos.c.obj (.text.__kernel_cos)
                  00001ee0    0000014c     pid.o (.text.PID_Update_BL)
                  0000202c    0000014c     pid.o (.text.PID_Update_BR)
                  00002178    0000014c     pid.o (.text.PID_Update_FL)
                  000022c4    0000014c     pid.o (.text.PID_Update_FR)
                  00002410    00000144     libc.a : s_floor.c.obj (.text.floor)
                  00002554    0000010c     libclang_rt.builtins.a : divdf3.S.obj (.text.__divdf3)
                  00002660    0000010c     XunJi.o (.text.getGpioValue)
                  0000276c    00000104     driverlib.a : dl_timer.o (.text.DL_Timer_initFourCCPWMMode)
                  00002870    000000e8                 : dl_timer.o (.text.DL_Timer_initTimerMode)
                  00002958    000000e4     libclang_rt.builtins.a : muldf3.S.obj (.text.__muldf3)
                  00002a3c    000000dc     ti_msp_dl_config.o (.text.SYSCFG_DL_PWM_MOTOR_init)
                  00002b18    000000d8     libc.a : s_scalbn.c.obj (.text.scalbn)
                  00002bf0    000000d8     libclang_rt.builtins.a : addsf3.S.obj (.text)
                  00002cc8    0000009c     task.o (.text.TASK_INIT)
                  00002d64    0000008c     ti_msp_dl_config.o (.text.SYSCFG_DL_initPower)
                  00002df0    0000008c     libclang_rt.builtins.a : mulsf3.S.obj (.text.__mulsf3)
                  00002e7c    00000084     motor.o (.text.Go_stright)
                  00002f00    00000084     ti_msp_dl_config.o (.text.__NVIC_SetPriority)
                  00002f84    0000007c     libc.a : copy_decompress_lzss.c.obj (.text:decompress:lzss)
                  00003000    00000078     Timer.o (.text.TIMG0_IRQHandler)
                  00003078    00000074     libclang_rt.builtins.a : comparedf2.c.obj (.text.__gedf2)
                  000030ec    00000004     startup_mspm0g350x_ticlang.o (.text.Default_Handler)
                  000030f0    00000074     libclang_rt.builtins.a : truncdfsf2.S.obj (.text.__truncdfsf2)
                  00003164    00000068     ti_msp_dl_config.o (.text.SYSCFG_DL_UART_WIT_init)
                  000031cc    00000068     libclang_rt.builtins.a : comparedf2.c.obj (.text.__ledf2)
                  00003234    00000062                            : aeabi_dcmp.S.obj (.text.__aeabi_dcmp)
                  00003296    00000002                            : aeabi_div0.c.obj (.text.__aeabi_idiv0)
                  00003298    00000062                            : aeabi_fcmp.S.obj (.text.__aeabi_fcmp)
                  000032fa    00000002     --HOLE-- [fill = 0]
                  000032fc    00000056                            : aeabi_idivmod.S.obj (.text.__aeabi_idivmod)
                  00003352    00000002     --HOLE-- [fill = 0]
                  00003354    00000054     driverlib.a : dl_uart.o (.text.DL_UART_drainRXFIFO)
                  000033a8    00000054     ti_msp_dl_config.o (.text.SYSCFG_DL_UART_OPENMV_init)
                  000033fc    0000004c     driverlib.a : dl_dma.o (.text.DL_DMA_initChannel)
                  00003448    0000004c     ti_msp_dl_config.o (.text.DL_UART_setBaudRateDivisor)
                  00003494    0000004a     libclang_rt.builtins.a : fixdfsi.S.obj (.text.__fixdfsi)
                  000034de    00000002     --HOLE-- [fill = 0]
                  000034e0    00000048     driverlib.a : dl_uart.o (.text.DL_UART_init)
                  00003528    00000044     wit.o (.text.WIT_Init)
                  0000356c    00000042     libclang_rt.builtins.a : fixunsdfsi.S.obj (.text.__fixunsdfsi)
                  000035ae    00000002     --HOLE-- [fill = 0]
                  000035b0    00000040     ti_msp_dl_config.o (.text.SYSCFG_DL_TIMER_MS_SYS_init)
                  000035f0    00000040     libclang_rt.builtins.a : extendsfdf2.S.obj (.text.__extendsfdf2)
                  00003630    0000003c     ti_msp_dl_config.o (.text.DL_GPIO_initPeripheralInputFunctionFeatures)
                  0000366c    0000003c     ti_msp_dl_config.o (.text.DL_Timer_setCounterControl)
                  000036a8    0000003c     libclang_rt.builtins.a : floatsisf.S.obj (.text.__floatsisf)
                  000036e4    0000003c                            : comparesf2.S.obj (.text.__gtsf2)
                  00003720    0000003c     libc.a : autoinit.c.obj (.text:__TI_auto_init_nobinit_nopinit)
                  0000375c    0000003a     libclang_rt.builtins.a : comparesf2.S.obj (.text.__eqsf2)
                  00003796    00000002     --HOLE-- [fill = 0]
                  00003798    0000003a                            : muldsi3.S.obj (.text.__muldsi3)
                  000037d2    00000002     --HOLE-- [fill = 0]
                  000037d4    00000038                            : fixsfsi.S.obj (.text.__fixsfsi)
                  0000380c    00000034     ti_msp_dl_config.o (.text.DL_GPIO_initDigitalInputFeatures)
                  00003840    00000034     ti_msp_dl_config.o (.text.SYSCFG_DL_init)
                  00003874    00000032     ti_msp_dl_config.o (.text.SYSCFG_DL_SYSCTL_init)
                  000038a6    00000002     --HOLE-- [fill = 0]
                  000038a8    00000030     LED.o (.text.Control_LED)
                  000038d8    00000030     UART.o (.text.DL_DMA_setTransferSize)
                  00003908    00000030     wit.o (.text.DL_DMA_setTransferSize)
                  00003938    00000030     ti_msp_dl_config.o (.text.DL_GPIO_initDigitalOutputFeatures)
                  00003968    0000002c     ti_msp_dl_config.o (.text.SYSCFG_DL_I2C_0_init)
                  00003994    0000002c     task.o (.text.__NVIC_ClearPendingIRQ)
                  000039c0    0000002c     UART.o (.text.__NVIC_EnableIRQ)
                  000039ec    0000002c     wit.o (.text.__NVIC_EnableIRQ)
                  00003a18    0000002c     libclang_rt.builtins.a : floatsidf.S.obj (.text.__floatsidf)
                  00003a44    00000028     ti_msp_dl_config.o (.text.DL_Common_updateReg)
                  00003a6c    00000028     UART.o (.text.DL_DMA_setDestAddr)
                  00003a94    00000028     wit.o (.text.DL_DMA_setDestAddr)
                  00003abc    00000028     wit.o (.text.DL_DMA_setSrcAddr)
                  00003ae4    00000028     ti_msp_dl_config.o (.text.DL_UART_setRXFIFOThreshold)
                  00003b0c    00000028     libc.a : boot_cortex_m.c.obj (.text:_c_int00_noargs)
                  00003b34    00000026     UART.o (.text.DL_DMA_disableChannel)
                  00003b5a    00000026     UART.o (.text.DL_DMA_enableChannel)
                  00003b80    00000026     wit.o (.text.DL_DMA_enableChannel)
                  00003ba6    00000026     ti_msp_dl_config.o (.text.DL_I2C_setAnalogGlitchFilterPulseWidth)
                  00003bcc    00000026     driverlib.a : dl_i2c.o (.text.DL_I2C_setClockConfig)
                  00003bf2    00000002     --HOLE-- [fill = 0]
                  00003bf4    00000024     UART.o (.text.DL_DMA_getTransferSize)
                  00003c18    00000024     ti_msp_dl_config.o (.text.DL_UART_setRXInterruptTimeout)
                  00003c3c    00000024     motor.o (.text.Motor_On)
                  00003c60    00000022     pid.o (.text.PID_Init)
                  00003c82    00000002     --HOLE-- [fill = 0]
                  00003c84    00000020     ti_msp_dl_config.o (.text.DL_GPIO_initPeripheralInputFunction)
                  00003ca4    00000020     Timer.o (.text.My_Delay_MS)
                  00003cc4    00000020     task.o (.text.Task3)
                  00003ce4    0000001e     ti_msp_dl_config.o (.text.DL_UART_setOversampling)
                  00003d02    00000002     --HOLE-- [fill = 0]
                  00003d04    0000001c     XunJi.o (.text.ClearXunValue)
                  00003d20    0000001c     motor_QEI.o (.text.DL_GPIO_clearInterruptStatus)
                  00003d3c    0000001c     ti_msp_dl_config.o (.text.DL_GPIO_clearInterruptStatus)
                  00003d58    0000001c     ti_msp_dl_config.o (.text.DL_GPIO_enableHiZ)
                  00003d74    0000001c     ti_msp_dl_config.o (.text.DL_GPIO_enableInterrupt)
                  00003d90    0000001c     ti_msp_dl_config.o (.text.DL_GPIO_initPeripheralOutputFunction)
                  00003dac    0000001c     ti_msp_dl_config.o (.text.DL_GPIO_setLowerPinsPolarity)
                  00003dc8    0000001c     ti_msp_dl_config.o (.text.DL_SYSCTL_setMCLKDivider)
                  00003de4    0000001c     ti_msp_dl_config.o (.text.DL_SYSCTL_setSYSOSCFreq)
                  00003e00    0000001c     ti_msp_dl_config.o (.text.DL_SYSCTL_setULPCLKDivider)
                  00003e1c    0000001c     ti_msp_dl_config.o (.text.DL_Timer_enableInterrupt)
                  00003e38    0000001c     driverlib.a : dl_timer.o (.text.DL_Timer_setCaptCompUpdateMethod)
                  00003e54    0000001c                 : dl_timer.o (.text.DL_Timer_setClockConfig)
                  00003e70    0000001c     ti_msp_dl_config.o (.text.DL_UART_enableInterrupt)
                  00003e8c    00000018     ti_msp_dl_config.o (.text.DL_GPIO_enableOutput)
                  00003ea4    00000018     ti_msp_dl_config.o (.text.DL_GPIO_enablePower)
                  00003ebc    00000018     motor_QEI.o (.text.DL_GPIO_getEnabledInterruptStatus)
                  00003ed4    00000018     ti_msp_dl_config.o (.text.DL_GPIO_initDigitalOutput)
                  00003eec    00000018     ti_msp_dl_config.o (.text.DL_GPIO_reset)
                  00003f04    00000018     LED.o (.text.DL_GPIO_setPins)
                  00003f1c    00000018     motor.o (.text.DL_GPIO_setPins)
                  00003f34    00000018     ti_msp_dl_config.o (.text.DL_GPIO_setPins)
                  00003f4c    00000018     ti_msp_dl_config.o (.text.DL_GPIO_setUpperPinsPolarity)
                  00003f64    00000018     ti_msp_dl_config.o (.text.DL_I2C_enableAnalogGlitchFilter)
                  00003f7c    00000018     ti_msp_dl_config.o (.text.DL_I2C_enablePower)
                  00003f94    00000018     ti_msp_dl_config.o (.text.DL_I2C_reset)
                  00003fac    00000018     ti_msp_dl_config.o (.text.DL_SYSCTL_setBORThreshold)
                  00003fc4    00000018     ti_msp_dl_config.o (.text.DL_Timer_enablePower)
                  00003fdc    00000018     ti_msp_dl_config.o (.text.DL_Timer_reset)
                  00003ff4    00000018     driverlib.a : dl_timer.o (.text.DL_Timer_setCaptureCompareOutCtl)
                  0000400c    00000018     task.o (.text.DL_Timer_startCounter)
                  00004024    00000018     ti_msp_dl_config.o (.text.DL_UART_enableDMAReceiveEvent)
                  0000403c    00000018     ti_msp_dl_config.o (.text.DL_UART_enableFIFOs)
                  00004054    00000018     ti_msp_dl_config.o (.text.DL_UART_enablePower)
                  0000406c    00000018     UART.o (.text.DL_UART_isRXFIFOEmpty)
                  00004084    00000018     ti_msp_dl_config.o (.text.DL_UART_reset)
                  0000409c    00000018     motor_QEI.o (.text.Get_QEI_BL)
                  000040b4    00000018     motor_QEI.o (.text.Get_QEI_BR)
                  000040cc    00000018     motor_QEI.o (.text.Get_QEI_FL)
                  000040e4    00000018     motor_QEI.o (.text.Get_QEI_FR)
                  000040fc    00000018     ti_msp_dl_config.o (.text.SYSCFG_DL_DMA_WIT_init)
                  00004114    00000018     task.o (.text.TASK_LOOP)
                  0000412c    00000016     XunJi.o (.text.DL_GPIO_readPins)
                  00004142    00000016     motor_QEI.o (.text.DL_GPIO_readPins)
                  00004158    00000016     ti_msp_dl_config.o (.text.DL_UART_enable)
                  0000416e    00000016     UART.o (.text.NVIC_INIT)
                  00004184    00000016     libc.a : k_rem_pio2.c.obj (.text.OUTLINED_FUNCTION_0)
                  0000419a    00000002     --HOLE-- [fill = 0]
                  0000419c    00000010     libclang_rt.builtins.a : adddf3.S.obj (.tramp.__aeabi_dadd.1)
                  000041ac    00000016     libc.a : copy_zero_init.c.obj (.text:decompress:ZI:__TI_zero_init_nomemset)
                  000041c2    00000014     LED.o (.text.DL_GPIO_clearPins)
                  000041d6    00000014     motor.o (.text.DL_GPIO_clearPins)
                  000041ea    00000014     ti_msp_dl_config.o (.text.DL_GPIO_clearPins)
                  000041fe    00000002     --HOLE-- [fill = 0]
                  00004200    00000014     ti_msp_dl_config.o (.text.DL_SYSCTL_disableSYSPLL)
                  00004214    00000014     ti_msp_dl_config.o (.text.DL_Timer_enableClock)
                  00004228    00000014     ti_msp_dl_config.o (.text.DL_Timer_setCCPDirection)
                  0000423c    00000014     UART.o (.text.DL_UART_receiveData)
                  00004250    00000014     UART.o (.text.YawInit)
                  00004264    00000014     empty.o (.text.main)
                  00004278    00000012     driverlib.a : dl_uart.o (.text.DL_UART_setClockConfig)
                  0000428a    00000012     libc.a : memcpy16.S.obj (.text:TI_memcpy_small)
                  0000429c    00000012            : copy_decompress_none.c.obj (.text:decompress:none)
                  000042ae    00000002     --HOLE-- [fill = 0]
                  000042b0    00000010     ti_msp_dl_config.o (.text.DL_SYSCTL_disableHFXT)
                  000042c0    00000010     driverlib.a : dl_timer.o (.text.DL_Timer_setCaptureCompareValue)
                  000042d0    00000010     libc.a : k_rem_pio2.c.obj (.text.OUTLINED_FUNCTION_2)
                  000042e0    00000010     pid.o (.text.PID_SetTaget)
                  000042f0    0000000e     libc.a : s_sin.c.obj (.text.OUTLINED_FUNCTION_1)
                  000042fe    00000002     --HOLE-- [fill = 0]
                  00004300    00000010     libclang_rt.builtins.a : adddf3.S.obj (.tramp.__aeabi_dsub.1)
                  00004310    0000000e     libc.a : s_sin.c.obj (.text.OUTLINED_FUNCTION_2)
                  0000431e    0000000c     XunJi.o (.text.Xunji_Data_Run)
                  0000432a    0000000a     driverlib.a : dl_common.o (.text.DL_Common_delayCycles)
                  00004334    0000000a     libc.a : k_rem_pio2.c.obj (.text.OUTLINED_FUNCTION_1)
                  0000433e    00000008     ti_msp_dl_config.o (.text.SYSCFG_DL_DMA_init)
                  00004346    00000002     --HOLE-- [fill = 0]
                  00004348    00000008     libc.a : aeabi_portable.c.obj (.text.__aeabi_errno_addr)
                  00004350    00000008     libclang_rt.builtins.a : aeabi_memcpy.S.obj (.text.__aeabi_memcpy)
                  00004358    00000006     libc.a : k_cos.c.obj (.text.OUTLINED_FUNCTION_0)
                  0000435e    00000002     --HOLE-- [fill = 0]
                  00004360    00000010     libclang_rt.builtins.a : muldf3.S.obj (.tramp.__aeabi_dmul.1)
                  00004370    00000006     libc.a : k_sin.c.obj (.text.OUTLINED_FUNCTION_0)
                  00004376    00000006            : s_sin.c.obj (.text.OUTLINED_FUNCTION_0)
                  0000437c    00000006            : s_sin.c.obj (.text.OUTLINED_FUNCTION_4)
                  00004382    00000006            : s_sin.c.obj (.text.OUTLINED_FUNCTION_6)
                  00004388    00000006            : exit.c.obj (.text:abort)
                  0000438e    00000004     libsysbm.a : hostexit.c.obj (.text.HOSTexit)
                  00004392    00000004     libc.a : s_sin.c.obj (.text.OUTLINED_FUNCTION_3)
                  00004396    00000004            : s_sin.c.obj (.text.OUTLINED_FUNCTION_5)
                  0000439a    00000004     startup_mspm0g350x_ticlang.o (.text.Reset_Handler)
                  0000439e    00000002     --HOLE-- [fill = 0]
                  000043a0    00000010     libc.a : boot_cortex_m.c.obj (.tramp._c_int00_noargs.1)
                  000043b0    00000004            : pre_init.c.obj (.text._system_pre_init)
                  000043b4    0000000c     --HOLE-- [fill = 0]

.cinit     0    00004570    00000038     
                  00004570    0000000e     (.cinit..data.load) [load image, compression = lzss]
                  0000457e    00000002     --HOLE-- [fill = 0]
                  00004580    0000000c     (__TI_handler_table)
                  0000458c    00000008     (.cinit..bss.load) [load image, compression = zero_init]
                  00004594    00000010     (__TI_cinit_table)
                  000045a4    00000004     --HOLE-- [fill = 0]

.rodata    0    000043c0    000001b0     
                  000043c0    00000108     libc.a : k_rem_pio2.c.obj (.rodata.ipio2)
                  000044c8    00000040            : k_rem_pio2.c.obj (.rodata.PIo2)
                  00004508    00000018     ti_msp_dl_config.o (.rodata.gDMA_WITConfig)
                  00004520    00000014     ti_msp_dl_config.o (.rodata.gTIMER_MS_SYSTimerConfig)
                  00004534    00000010     libc.a : k_rem_pio2.c.obj (.rodata.cst16)
                  00004544    0000000a     ti_msp_dl_config.o (.rodata.gUART_OPENMVConfig)
                  0000454e    0000000a     ti_msp_dl_config.o (.rodata.gUART_WITConfig)
                  00004558    00000008     ti_msp_dl_config.o (.rodata.gPWM_MOTORConfig)
                  00004560    00000003     ti_msp_dl_config.o (.rodata.gPWM_MOTORClockConfig)
                  00004563    00000003     ti_msp_dl_config.o (.rodata.gTIMER_MS_SYSClockConfig)
                  00004566    00000002     ti_msp_dl_config.o (.rodata.gI2C_0ClockConfig)
                  00004568    00000002     ti_msp_dl_config.o (.rodata.gUART_OPENMVClockConfig)
                  0000456a    00000002     ti_msp_dl_config.o (.rodata.gUART_WITClockConfig)
                  0000456c    00000004     --HOLE-- [fill = 0]

.init_array 
*          0    00000000    00000000     UNINITIALIZED

.binit     0    00000000    00000000     

.bss       0    20200000    000001e8     UNINITIALIZED
                  20200000    000000bc     (.common:gPWM_MOTORBackup)
                  202000bc    00000034     (.common:PID_BL)
                  202000f0    00000034     (.common:PID_BR)
                  20200124    00000034     (.common:PID_FL)
                  20200158    00000034     (.common:PID_FR)
                  2020018c    00000034     (.common:PID_Yaw)
                  202001c0    00000021     (.common:wit_dmaBuffer)
                  202001e1    00000003     --HOLE--
                  202001e4    00000004     Timer.o (.bss.TIMG0_IRQHandler.Count)

.data      0    202001e8    00000078     UNINITIALIZED
                  202001e8    00000024     wit.o (.data.wit_data)
                  2020020c    00000008     UART.o (.data.Xunji)
                  20200214    00000004     motor_QEI.o (.data.Average_count)
                  20200218    00000004     motor_QEI.o (.data.Back_Left_Count)
                  2020021c    00000004     motor_QEI.o (.data.Back_Right_Count)
                  20200220    00000004     XunJi.o (.data.CentrePWM)
                  20200224    00000004     motor_QEI.o (.data.Front_Left_Count)
                  20200228    00000004     motor_QEI.o (.data.Front_Right_Count)
                  2020022c    00000004     pid.o (.data.PID_Update_Yaw.BianSu_C)
                  20200230    00000004     XunJi.o (.data.PWMoutLeft)
                  20200234    00000004     XunJi.o (.data.PWMoutRight)
                  20200238    00000004     motor_QEI.o (.data.QBL)
                  2020023c    00000004     motor_QEI.o (.data.QBR)
                  20200240    00000004     motor_QEI.o (.data.QFL)
                  20200244    00000004     motor_QEI.o (.data.QFR)
                  20200248    00000004     motor_QEI.o (.data.Start_Count)
                  2020024c    00000004     XunJi.o (.data.YawPWMout)
                  20200250    00000004     libc.a : aeabi_portable.c.obj (.data.__aeabi_errno)
                  20200254    00000004     motor_QEI.o (.data.a)
                  20200258    00000004     motor.o (.data.compareValue)
                  2020025c    00000004     Timer.o (.data.delay_count)

.stack     0    20203e00    00000200     UNINITIALIZED
                  20203e00    00000004     libc.a : boot_cortex_m.c.obj (.stack)
                  20203e04    000001fc     --HOLE--

__llvm_prf_cnts 
*          0    20200000    00000000     UNINITIALIZED

__llvm_prf_bits 
*          0    20200000    00000000     UNINITIALIZED

MODULE SUMMARY

       Module                         code    ro data   rw data
       ------                         ----    -------   -------
    .\
       ti_msp_dl_config.o             2852    84        188    
       startup_mspm0g350x_ticlang.o   8       192       0      
       empty.o                        20      0         0      
    +--+------------------------------+-------+---------+---------+
       Total:                         2880    276       188    
                                                               
    .\Driver\
       pid.o                          1846    0         264    
       UART.o                         1204    0         8      
       motor.o                        1152    0         4      
       XunJi.o                        862     0         16     
       motor_QEI.o                    618     0         44     
       wit.o                          278     0         69     
       task.o                         280     0         0      
       Timer.o                        152     0         8      
       LED.o                          92      0         0      
    +--+------------------------------+-------+---------+---------+
       Total:                         6484    0         413    
                                                               
    C:/ti/mspm0_sdk_2_05_01_00/source/ti/driverlib/lib/ticlang/m0p/mspm0g1x0x_g3x0x/driverlib.a
       dl_timer.o                     588     0         0      
       dl_uart.o                      174     0         0      
       dl_dma.o                       76      0         0      
       dl_i2c.o                       38      0         0      
       dl_common.o                    10      0         0      
    +--+------------------------------+-------+---------+---------+
       Total:                         886     0         0      
                                                               
    C:\ti\ccs2010\ccs\tools\compiler\ti-cgt-armllvm_4.0.2.LTS\lib\armv6m-ti-none-eabi/c/libc.a
       k_rem_pio2.c.obj               1652    344       0      
       s_sin.c.obj                    1166    0         0      
       k_sin.c.obj                    366     0         0      
       k_cos.c.obj                    342     0         0      
       s_floor.c.obj                  324     0         0      
       s_scalbn.c.obj                 216     0         0      
       copy_decompress_lzss.c.obj     124     0         0      
       autoinit.c.obj                 60      0         0      
       boot_cortex_m.c.obj            56      0         0      
       copy_zero_init.c.obj           22      0         0      
       copy_decompress_none.c.obj     18      0         0      
       memcpy16.S.obj                 18      0         0      
       aeabi_portable.c.obj           8       0         4      
       exit.c.obj                     6       0         0      
       pre_init.c.obj                 4       0         0      
    +--+------------------------------+-------+---------+---------+
       Total:                         4382    344       4      
                                                               
    C:\ti\ccs2010\ccs\tools\compiler\ti-cgt-armllvm_4.0.2.LTS\lib\armv6m-ti-none-eabi/c/libsysbm.a
       hostexit.c.obj                 4       0         0      
    +--+------------------------------+-------+---------+---------+
       Total:                         4       0         0      
                                                               
    C:\ti\ccs2010\ccs\tools\compiler\ti-cgt-armllvm_4.0.2.LTS\lib\armv6m-ti-none-eabi/libclang_rt.builtins.a
       adddf3.S.obj                   434     0         0      
       divdf3.S.obj                   268     0         0      
       muldf3.S.obj                   244     0         0      
       comparedf2.c.obj               220     0         0      
       addsf3.S.obj                   216     0         0      
       mulsf3.S.obj                   140     0         0      
       comparesf2.S.obj               118     0         0      
       truncdfsf2.S.obj               116     0         0      
       aeabi_dcmp.S.obj               98      0         0      
       aeabi_fcmp.S.obj               98      0         0      
       aeabi_idivmod.S.obj            86      0         0      
       fixdfsi.S.obj                  74      0         0      
       fixunsdfsi.S.obj               66      0         0      
       extendsfdf2.S.obj              64      0         0      
       floatsisf.S.obj                60      0         0      
       muldsi3.S.obj                  58      0         0      
       fixsfsi.S.obj                  56      0         0      
       floatsidf.S.obj                44      0         0      
       aeabi_memcpy.S.obj             8       0         0      
       aeabi_div0.c.obj               2       0         0      
    +--+------------------------------+-------+---------+---------+
       Total:                         2470    0         0      
                                                               
       Stack:                         0       0         512    
       Linker Generated:              0       50        0      
    +--+------------------------------+-------+---------+---------+
       Grand Total:                   17106   670       1117   


LINKER GENERATED COPY TABLES

__TI_cinit_table @ 00004594 records: 2, size/record: 8, table size: 16
	.data: load addr=00004570, load size=0000000e bytes, run addr=202001e8, run size=00000078 bytes, compression=lzss
	.bss: load addr=0000458c, load size=00000008 bytes, run addr=20200000, run size=000001e8 bytes, compression=zero_init


LINKER GENERATED HANDLER TABLE

__TI_handler_table @ 00004580 records: 3, size/record: 4, table size: 12
	index: 0, handler: __TI_decompress_lzss
	index: 1, handler: __TI_decompress_none
	index: 2, handler: __TI_zero_init


FAR CALL TRAMPOLINES

callee name               trampoline name
   callee addr  tramp addr   call addr  call info
--------------  -----------  ---------  ----------------
__aeabi_dadd              $Tramp$TT$L$PI$$__aeabi_dadd
   00001a9f     0000419c     00004198   libc.a : k_rem_pio2.c.obj (.text.OUTLINED_FUNCTION_0)
                             0000433c          : k_rem_pio2.c.obj (.text.OUTLINED_FUNCTION_1)
                             0000437a          : s_sin.c.obj (.text.OUTLINED_FUNCTION_0)
                             00004394          : s_sin.c.obj (.text.OUTLINED_FUNCTION_3)
__aeabi_dsub              $Tramp$TT$L$PI$$__aeabi_dsub
   00001a95     00004300     000042fc   libc.a : s_sin.c.obj (.text.OUTLINED_FUNCTION_1)
                             0000431c          : s_sin.c.obj (.text.OUTLINED_FUNCTION_2)
                             00004386          : s_sin.c.obj (.text.OUTLINED_FUNCTION_6)
                             00004398          : s_sin.c.obj (.text.OUTLINED_FUNCTION_5)
__aeabi_dmul              $Tramp$TT$L$PI$$__aeabi_dmul
   00002959     00004360     0000435c   libc.a : k_cos.c.obj (.text.OUTLINED_FUNCTION_0)
                             00004374          : k_sin.c.obj (.text.OUTLINED_FUNCTION_0)
                             00004380          : s_sin.c.obj (.text.OUTLINED_FUNCTION_4)
_c_int00_noargs           $Tramp$TT$L$PI$$_c_int00_noargs
   00003b0d     000043a0     0000439a   startup_mspm0g350x_ticlang.o (.text.Reset_Handler)

[4 trampolines]
[12 trampoline calls]


GLOBAL SYMBOLS: SORTED ALPHABETICALLY BY Name 

address   name                            
-------   ----                            
000030ed  ADC0_IRQHandler                 
000030ed  ADC1_IRQHandler                 
000030ed  AES_IRQHandler                  
20200214  Average_count                   
20200218  Back_Left_Count                 
2020021c  Back_Right_Count                
0000438e  C$$EXIT                         
000030ed  CANFD0_IRQHandler               
20200220  CentrePWM                       
00003d05  ClearXunValue                   
000014ed  ControlSinAngle                 
000038a9  Control_LED                     
000030ed  DAC0_IRQHandler                 
0000432b  DL_Common_delayCycles           
000033fd  DL_DMA_initChannel              
00003bcd  DL_I2C_setClockConfig           
0000276d  DL_Timer_initFourCCPWMMode      
00002871  DL_Timer_initTimerMode          
00003e39  DL_Timer_setCaptCompUpdateMethod
00003ff5  DL_Timer_setCaptureCompareOutCtl
000042c1  DL_Timer_setCaptureCompareValue 
00003e55  DL_Timer_setClockConfig         
00003355  DL_UART_drainRXFIFO             
000034e1  DL_UART_init                    
00004279  DL_UART_setClockConfig          
000030ed  DMA_IRQHandler                  
000030ed  Default_Handler                 
20200224  Front_Left_Count                
20200228  Front_Right_Count               
000030ed  GROUP0_IRQHandler               
000018d5  GROUP1_IRQHandler               
0000409d  Get_QEI_BL                      
000040b5  Get_QEI_BR                      
000040cd  Get_QEI_FL                      
000040e5  Get_QEI_FR                      
00002e7d  Go_stright                      
0000438f  HOSTexit                        
000030ed  HardFault_Handler               
000030ed  I2C0_IRQHandler                 
000030ed  I2C1_IRQHandler                 
00003c3d  Motor_On                        
00003ca5  My_Delay_MS                     
000030ed  NMI_Handler                     
0000416f  NVIC_INIT                       
202000bc  PID_BL                          
202000f0  PID_BR                          
20200124  PID_FL                          
20200158  PID_FR                          
00003c61  PID_Init                        
000042e1  PID_SetTaget                    
00001ee1  PID_Update_BL                   
0000202d  PID_Update_BR                   
00002179  PID_Update_FL                   
000022c5  PID_Update_FR                   
00001701  PID_Update_Yaw                  
2020018c  PID_Yaw                         
20200230  PWMoutLeft                      
20200234  PWMoutRight                     
000030ed  PendSV_Handler                  
20200238  QBL                             
2020023c  QBR                             
20200240  QFL                             
20200244  QFR                             
000030ed  RTC_IRQHandler                  
0000439b  Reset_Handler                   
000030ed  SPI0_IRQHandler                 
000030ed  SPI1_IRQHandler                 
000030ed  SVC_Handler                     
000040fd  SYSCFG_DL_DMA_WIT_init          
0000433f  SYSCFG_DL_DMA_init              
00001271  SYSCFG_DL_GPIO_init             
00003969  SYSCFG_DL_I2C_0_init            
00002a3d  SYSCFG_DL_PWM_MOTOR_init        
00003875  SYSCFG_DL_SYSCTL_init           
000035b1  SYSCFG_DL_TIMER_MS_SYS_init     
000033a9  SYSCFG_DL_UART_OPENMV_init      
00003165  SYSCFG_DL_UART_WIT_init         
00003841  SYSCFG_DL_init                  
00002d65  SYSCFG_DL_initPower             
00000b5d  Set_Speed                       
20200248  Start_Count                     
000030ed  SysTick_Handler                 
00002cc9  TASK_INIT                       
00004115  TASK_LOOP                       
000030ed  TIMA0_IRQHandler                
000030ed  TIMA1_IRQHandler                
00003001  TIMG0_IRQHandler                
000030ed  TIMG12_IRQHandler               
000030ed  TIMG6_IRQHandler                
000030ed  TIMG7_IRQHandler                
000030ed  TIMG8_IRQHandler                
0000428b  TI_memcpy_small                 
00003cc5  Task3                           
00000f09  UART0_IRQHandler                
00001c27  UART1_IRQHandler                
000030ed  UART2_IRQHandler                
000030ed  UART3_IRQHandler                
00003529  WIT_Init                        
2020020c  Xunji                           
0000431f  Xunji_Data_Run                  
00004251  YawInit                         
2020024c  YawPWMout                       
20204000  __STACK_END                     
00000200  __STACK_SIZE                    
00000000  __TI_ATRegion0_region_sz        
00000000  __TI_ATRegion0_src_addr         
00000000  __TI_ATRegion0_trg_addr         
00000000  __TI_ATRegion1_region_sz        
00000000  __TI_ATRegion1_src_addr         
00000000  __TI_ATRegion1_trg_addr         
00000000  __TI_ATRegion2_region_sz        
00000000  __TI_ATRegion2_src_addr         
00000000  __TI_ATRegion2_trg_addr         
00004594  __TI_CINIT_Base                 
000045a4  __TI_CINIT_Limit                
000045a4  __TI_CINIT_Warm                 
00004580  __TI_Handler_Table_Base         
0000458c  __TI_Handler_Table_Limit        
00003721  __TI_auto_init_nobinit_nopinit  
00002f85  __TI_decompress_lzss            
0000429d  __TI_decompress_none            
ffffffff  __TI_pprof_out_hndl             
ffffffff  __TI_prof_data_size             
ffffffff  __TI_prof_data_start            
00000000  __TI_static_base__              
000041ad  __TI_zero_init_nomemset         
00001a9f  __adddf3                        
00002bfb  __addsf3                        
000030f1  __aeabi_d2f                     
00003495  __aeabi_d2iz                    
0000356d  __aeabi_d2uiz                   
00001a9f  __aeabi_dadd                    
00003235  __aeabi_dcmpeq                  
00003271  __aeabi_dcmpge                  
00003285  __aeabi_dcmpgt                  
0000325d  __aeabi_dcmple                  
00003249  __aeabi_dcmplt                  
00002555  __aeabi_ddiv                    
00002959  __aeabi_dmul                    
00001a95  __aeabi_dsub                    
20200250  __aeabi_errno                   
00004349  __aeabi_errno_addr              
000035f1  __aeabi_f2d                     
000037d5  __aeabi_f2iz                    
00002bfb  __aeabi_fadd                    
00003299  __aeabi_fcmpeq                  
000032d5  __aeabi_fcmpge                  
000032e9  __aeabi_fcmpgt                  
000032c1  __aeabi_fcmple                  
000032ad  __aeabi_fcmplt                  
00002df1  __aeabi_fmul                    
00002bf1  __aeabi_fsub                    
00003a19  __aeabi_i2d                     
000036a9  __aeabi_i2f                     
000032fd  __aeabi_idiv                    
00003297  __aeabi_idiv0                   
000032fd  __aeabi_idivmod                 
00004351  __aeabi_memcpy                  
00004351  __aeabi_memcpy4                 
00004351  __aeabi_memcpy8                 
ffffffff  __binit__                       
000031cd  __cmpdf2                        
0000375d  __cmpsf2                        
00002555  __divdf3                        
000031cd  __eqdf2                         
0000375d  __eqsf2                         
000035f1  __extendsfdf2                   
00003495  __fixdfsi                       
000037d5  __fixsfsi                       
0000356d  __fixunsdfsi                    
00003a19  __floatsidf                     
000036a9  __floatsisf                     
00003079  __gedf2                         
000036e5  __gesf2                         
00003079  __gtdf2                         
000036e5  __gtsf2                         
00001d91  __kernel_cos                    
000000c1  __kernel_rem_pio2               
00001c29  __kernel_sin                    
000031cd  __ledf2                         
0000375d  __lesf2                         
000031cd  __ltdf2                         
0000375d  __ltsf2                         
UNDEFED   __mpu_init                      
00002959  __muldf3                        
00003799  __muldsi3                       
00002df1  __mulsf3                        
000031cd  __nedf2                         
0000375d  __nesf2                         
20203e00  __stack                         
20200000  __start___llvm_prf_bits         
20200000  __start___llvm_prf_cnts         
20200000  __stop___llvm_prf_bits          
20200000  __stop___llvm_prf_cnts          
00001a95  __subdf3                        
00002bf1  __subsf3                        
000030f1  __truncdfsf2                    
00003b0d  _c_int00_noargs                 
UNDEFED   _system_post_cinit              
000043b1  _system_pre_init                
20200254  a                               
00004389  abort                           
ffffffff  binit                           
20200258  compareValue                    
2020025c  delay_count                     
00002411  floor                           
00002411  floorl                          
20200000  gPWM_MOTORBackup                
00002661  getGpioValue                    
00000000  interruptVectors                
00002b19  ldexp                           
00002b19  ldexpl                          
00004265  main                            
00002b19  scalbn                          
00002b19  scalbnl                         
00000705  sin                             
00000705  sinl                            
202001e8  wit_data                        
202001c0  wit_dmaBuffer                   


GLOBAL SYMBOLS: SORTED BY Symbol Address 

address   name                            
-------   ----                            
00000000  __TI_ATRegion0_region_sz        
00000000  __TI_ATRegion0_src_addr         
00000000  __TI_ATRegion0_trg_addr         
00000000  __TI_ATRegion1_region_sz        
00000000  __TI_ATRegion1_src_addr         
00000000  __TI_ATRegion1_trg_addr         
00000000  __TI_ATRegion2_region_sz        
00000000  __TI_ATRegion2_src_addr         
00000000  __TI_ATRegion2_trg_addr         
00000000  __TI_static_base__              
00000000  interruptVectors                
000000c1  __kernel_rem_pio2               
00000200  __STACK_SIZE                    
00000705  sin                             
00000705  sinl                            
00000b5d  Set_Speed                       
00000f09  UART0_IRQHandler                
00001271  SYSCFG_DL_GPIO_init             
000014ed  ControlSinAngle                 
00001701  PID_Update_Yaw                  
000018d5  GROUP1_IRQHandler               
00001a95  __aeabi_dsub                    
00001a95  __subdf3                        
00001a9f  __adddf3                        
00001a9f  __aeabi_dadd                    
00001c27  UART1_IRQHandler                
00001c29  __kernel_sin                    
00001d91  __kernel_cos                    
00001ee1  PID_Update_BL                   
0000202d  PID_Update_BR                   
00002179  PID_Update_FL                   
000022c5  PID_Update_FR                   
00002411  floor                           
00002411  floorl                          
00002555  __aeabi_ddiv                    
00002555  __divdf3                        
00002661  getGpioValue                    
0000276d  DL_Timer_initFourCCPWMMode      
00002871  DL_Timer_initTimerMode          
00002959  __aeabi_dmul                    
00002959  __muldf3                        
00002a3d  SYSCFG_DL_PWM_MOTOR_init        
00002b19  ldexp                           
00002b19  ldexpl                          
00002b19  scalbn                          
00002b19  scalbnl                         
00002bf1  __aeabi_fsub                    
00002bf1  __subsf3                        
00002bfb  __addsf3                        
00002bfb  __aeabi_fadd                    
00002cc9  TASK_INIT                       
00002d65  SYSCFG_DL_initPower             
00002df1  __aeabi_fmul                    
00002df1  __mulsf3                        
00002e7d  Go_stright                      
00002f85  __TI_decompress_lzss            
00003001  TIMG0_IRQHandler                
00003079  __gedf2                         
00003079  __gtdf2                         
000030ed  ADC0_IRQHandler                 
000030ed  ADC1_IRQHandler                 
000030ed  AES_IRQHandler                  
000030ed  CANFD0_IRQHandler               
000030ed  DAC0_IRQHandler                 
000030ed  DMA_IRQHandler                  
000030ed  Default_Handler                 
000030ed  GROUP0_IRQHandler               
000030ed  HardFault_Handler               
000030ed  I2C0_IRQHandler                 
000030ed  I2C1_IRQHandler                 
000030ed  NMI_Handler                     
000030ed  PendSV_Handler                  
000030ed  RTC_IRQHandler                  
000030ed  SPI0_IRQHandler                 
000030ed  SPI1_IRQHandler                 
000030ed  SVC_Handler                     
000030ed  SysTick_Handler                 
000030ed  TIMA0_IRQHandler                
000030ed  TIMA1_IRQHandler                
000030ed  TIMG12_IRQHandler               
000030ed  TIMG6_IRQHandler                
000030ed  TIMG7_IRQHandler                
000030ed  TIMG8_IRQHandler                
000030ed  UART2_IRQHandler                
000030ed  UART3_IRQHandler                
000030f1  __aeabi_d2f                     
000030f1  __truncdfsf2                    
00003165  SYSCFG_DL_UART_WIT_init         
000031cd  __cmpdf2                        
000031cd  __eqdf2                         
000031cd  __ledf2                         
000031cd  __ltdf2                         
000031cd  __nedf2                         
00003235  __aeabi_dcmpeq                  
00003249  __aeabi_dcmplt                  
0000325d  __aeabi_dcmple                  
00003271  __aeabi_dcmpge                  
00003285  __aeabi_dcmpgt                  
00003297  __aeabi_idiv0                   
00003299  __aeabi_fcmpeq                  
000032ad  __aeabi_fcmplt                  
000032c1  __aeabi_fcmple                  
000032d5  __aeabi_fcmpge                  
000032e9  __aeabi_fcmpgt                  
000032fd  __aeabi_idiv                    
000032fd  __aeabi_idivmod                 
00003355  DL_UART_drainRXFIFO             
000033a9  SYSCFG_DL_UART_OPENMV_init      
000033fd  DL_DMA_initChannel              
00003495  __aeabi_d2iz                    
00003495  __fixdfsi                       
000034e1  DL_UART_init                    
00003529  WIT_Init                        
0000356d  __aeabi_d2uiz                   
0000356d  __fixunsdfsi                    
000035b1  SYSCFG_DL_TIMER_MS_SYS_init     
000035f1  __aeabi_f2d                     
000035f1  __extendsfdf2                   
000036a9  __aeabi_i2f                     
000036a9  __floatsisf                     
000036e5  __gesf2                         
000036e5  __gtsf2                         
00003721  __TI_auto_init_nobinit_nopinit  
0000375d  __cmpsf2                        
0000375d  __eqsf2                         
0000375d  __lesf2                         
0000375d  __ltsf2                         
0000375d  __nesf2                         
00003799  __muldsi3                       
000037d5  __aeabi_f2iz                    
000037d5  __fixsfsi                       
00003841  SYSCFG_DL_init                  
00003875  SYSCFG_DL_SYSCTL_init           
000038a9  Control_LED                     
00003969  SYSCFG_DL_I2C_0_init            
00003a19  __aeabi_i2d                     
00003a19  __floatsidf                     
00003b0d  _c_int00_noargs                 
00003bcd  DL_I2C_setClockConfig           
00003c3d  Motor_On                        
00003c61  PID_Init                        
00003ca5  My_Delay_MS                     
00003cc5  Task3                           
00003d05  ClearXunValue                   
00003e39  DL_Timer_setCaptCompUpdateMethod
00003e55  DL_Timer_setClockConfig         
00003ff5  DL_Timer_setCaptureCompareOutCtl
0000409d  Get_QEI_BL                      
000040b5  Get_QEI_BR                      
000040cd  Get_QEI_FL                      
000040e5  Get_QEI_FR                      
000040fd  SYSCFG_DL_DMA_WIT_init          
00004115  TASK_LOOP                       
0000416f  NVIC_INIT                       
000041ad  __TI_zero_init_nomemset         
00004251  YawInit                         
00004265  main                            
00004279  DL_UART_setClockConfig          
0000428b  TI_memcpy_small                 
0000429d  __TI_decompress_none            
000042c1  DL_Timer_setCaptureCompareValue 
000042e1  PID_SetTaget                    
0000431f  Xunji_Data_Run                  
0000432b  DL_Common_delayCycles           
0000433f  SYSCFG_DL_DMA_init              
00004349  __aeabi_errno_addr              
00004351  __aeabi_memcpy                  
00004351  __aeabi_memcpy4                 
00004351  __aeabi_memcpy8                 
00004389  abort                           
0000438e  C$$EXIT                         
0000438f  HOSTexit                        
0000439b  Reset_Handler                   
000043b1  _system_pre_init                
00004580  __TI_Handler_Table_Base         
0000458c  __TI_Handler_Table_Limit        
00004594  __TI_CINIT_Base                 
000045a4  __TI_CINIT_Limit                
000045a4  __TI_CINIT_Warm                 
20200000  __start___llvm_prf_bits         
20200000  __start___llvm_prf_cnts         
20200000  __stop___llvm_prf_bits          
20200000  __stop___llvm_prf_cnts          
20200000  gPWM_MOTORBackup                
202000bc  PID_BL                          
202000f0  PID_BR                          
20200124  PID_FL                          
20200158  PID_FR                          
2020018c  PID_Yaw                         
202001c0  wit_dmaBuffer                   
202001e8  wit_data                        
2020020c  Xunji                           
20200214  Average_count                   
20200218  Back_Left_Count                 
2020021c  Back_Right_Count                
20200220  CentrePWM                       
20200224  Front_Left_Count                
20200228  Front_Right_Count               
20200230  PWMoutLeft                      
20200234  PWMoutRight                     
20200238  QBL                             
2020023c  QBR                             
20200240  QFL                             
20200244  QFR                             
20200248  Start_Count                     
2020024c  YawPWMout                       
20200250  __aeabi_errno                   
20200254  a                               
20200258  compareValue                    
2020025c  delay_count                     
20203e00  __stack                         
20204000  __STACK_END                     
ffffffff  __TI_pprof_out_hndl             
ffffffff  __TI_prof_data_size             
ffffffff  __TI_prof_data_start            
ffffffff  __binit__                       
ffffffff  binit                           
UNDEFED   __mpu_init                      
UNDEFED   _system_post_cinit              

[219 symbols]
