<?xml version="1.0" encoding="ISO-8859-1" ?>
<link_info>
   <banner>TI ARM Clang Linker PC v4.0.2.LTS</banner>
   <copyright>Copyright (c) 1996-2018 Texas Instruments Incorporated</copyright>
   <command_line>C:\ti\ccs2010\ccs\tools\compiler\ti-cgt-armllvm_4.0.2.LTS\bin\tiarmlnk -IC:\ti\ccs2010\ccs\tools\compiler\ti-cgt-armllvm_4.0.2.LTS\lib -o dansaichongshengban.out -mdansaichongshengban.map -iC:/ti/mspm0_sdk_2_05_01_00/source -iC:/Users/28042/workspace_ccstheia/dansaichongshengban -iC:/Users/28042/workspace_ccstheia/dansaichongshengban/Debug/syscfg -iC:/ti/ccs2010/ccs/tools/compiler/ti-cgt-armllvm_4.0.2.LTS/lib --diag_wrap=off --display_error_number --warn_sections --xml_link_info=dansaichongshengban_linkInfo.xml --rom_model ./empty.o ./ti_msp_dl_config.o ./startup_mspm0g350x_ticlang.o ./Driver/Beep.o ./Driver/LED.o ./Driver/Timer.o ./Driver/XunJi.o ./Driver/motor.o ./Driver/motor_QEI.o ./Driver/pid.o ./Driver/task.o ./Peripheral/K230.o ./Peripheral/UART.o ./Peripheral/wit.o -l./device_linker.cmd -ldevice.cmd.genlibs -llibc.a --start-group -llibc++.a -llibc++abi.a -llibc.a -llibsys.a -llibsysbm.a -llibclang_rt.builtins.a -llibclang_rt.profile.a --end-group --cg_opt_level=0</command_line>
   <link_time>0x688aecf2</link_time>
   <link_errors>0x0</link_errors>
   <output_file>C:\Users\28042\workspace_ccstheia\dansaichongshengban\Debug\dansaichongshengban.out</output_file>
   <entry_point>
      <name>_c_int00_noargs</name>
      <address>0x405d</address>
   </entry_point>
   <input_file_list>
      <input_file id="fl-1">
         <path>C:\Users\28042\workspace_ccstheia\dansaichongshengban\Debug\.\</path>
         <kind>object</kind>
         <file>empty.o</file>
         <name>empty.o</name>
      </input_file>
      <input_file id="fl-2">
         <path>C:\Users\28042\workspace_ccstheia\dansaichongshengban\Debug\.\</path>
         <kind>object</kind>
         <file>ti_msp_dl_config.o</file>
         <name>ti_msp_dl_config.o</name>
      </input_file>
      <input_file id="fl-3">
         <path>C:\Users\28042\workspace_ccstheia\dansaichongshengban\Debug\.\</path>
         <kind>object</kind>
         <file>startup_mspm0g350x_ticlang.o</file>
         <name>startup_mspm0g350x_ticlang.o</name>
      </input_file>
      <input_file id="fl-4">
         <path>C:\Users\28042\workspace_ccstheia\dansaichongshengban\Debug\.\Driver\</path>
         <kind>object</kind>
         <file>Beep.o</file>
         <name>Beep.o</name>
      </input_file>
      <input_file id="fl-5">
         <path>C:\Users\28042\workspace_ccstheia\dansaichongshengban\Debug\.\Driver\</path>
         <kind>object</kind>
         <file>LED.o</file>
         <name>LED.o</name>
      </input_file>
      <input_file id="fl-6">
         <path>C:\Users\28042\workspace_ccstheia\dansaichongshengban\Debug\.\Driver\</path>
         <kind>object</kind>
         <file>Timer.o</file>
         <name>Timer.o</name>
      </input_file>
      <input_file id="fl-7">
         <path>C:\Users\28042\workspace_ccstheia\dansaichongshengban\Debug\.\Driver\</path>
         <kind>object</kind>
         <file>XunJi.o</file>
         <name>XunJi.o</name>
      </input_file>
      <input_file id="fl-8">
         <path>C:\Users\28042\workspace_ccstheia\dansaichongshengban\Debug\.\Driver\</path>
         <kind>object</kind>
         <file>motor.o</file>
         <name>motor.o</name>
      </input_file>
      <input_file id="fl-9">
         <path>C:\Users\28042\workspace_ccstheia\dansaichongshengban\Debug\.\Driver\</path>
         <kind>object</kind>
         <file>motor_QEI.o</file>
         <name>motor_QEI.o</name>
      </input_file>
      <input_file id="fl-a">
         <path>C:\Users\28042\workspace_ccstheia\dansaichongshengban\Debug\.\Driver\</path>
         <kind>object</kind>
         <file>pid.o</file>
         <name>pid.o</name>
      </input_file>
      <input_file id="fl-b">
         <path>C:\Users\28042\workspace_ccstheia\dansaichongshengban\Debug\.\Driver\</path>
         <kind>object</kind>
         <file>task.o</file>
         <name>task.o</name>
      </input_file>
      <input_file id="fl-c">
         <path>C:\Users\28042\workspace_ccstheia\dansaichongshengban\Debug\.\Peripheral\</path>
         <kind>object</kind>
         <file>K230.o</file>
         <name>K230.o</name>
      </input_file>
      <input_file id="fl-d">
         <path>C:\Users\28042\workspace_ccstheia\dansaichongshengban\Debug\.\Peripheral\</path>
         <kind>object</kind>
         <file>UART.o</file>
         <name>UART.o</name>
      </input_file>
      <input_file id="fl-e">
         <path>C:\Users\28042\workspace_ccstheia\dansaichongshengban\Debug\.\Peripheral\</path>
         <kind>object</kind>
         <file>wit.o</file>
         <name>wit.o</name>
      </input_file>
      <input_file id="fl-1c">
         <path>C:\Users\28042\workspace_ccstheia\dansaichongshengban\Debug\</path>
         <kind>object</kind>
         <file>&lt;internal&gt;</file>
         <name>&lt;internal&gt;</name>
      </input_file>
      <input_file id="fl-1d">
         <path>C:\ti\mspm0_sdk_2_05_01_00\source\ti\driverlib\lib\ticlang\m0p\mspm0g1x0x_g3x0x\</path>
         <kind>archive</kind>
         <file>driverlib.a</file>
         <name>dl_common.o</name>
      </input_file>
      <input_file id="fl-1e">
         <path>C:\ti\mspm0_sdk_2_05_01_00\source\ti\driverlib\lib\ticlang\m0p\mspm0g1x0x_g3x0x\</path>
         <kind>archive</kind>
         <file>driverlib.a</file>
         <name>dl_dma.o</name>
      </input_file>
      <input_file id="fl-1f">
         <path>C:\ti\mspm0_sdk_2_05_01_00\source\ti\driverlib\lib\ticlang\m0p\mspm0g1x0x_g3x0x\</path>
         <kind>archive</kind>
         <file>driverlib.a</file>
         <name>dl_spi.o</name>
      </input_file>
      <input_file id="fl-20">
         <path>C:\ti\mspm0_sdk_2_05_01_00\source\ti\driverlib\lib\ticlang\m0p\mspm0g1x0x_g3x0x\</path>
         <kind>archive</kind>
         <file>driverlib.a</file>
         <name>dl_timer.o</name>
      </input_file>
      <input_file id="fl-21">
         <path>C:\ti\mspm0_sdk_2_05_01_00\source\ti\driverlib\lib\ticlang\m0p\mspm0g1x0x_g3x0x\</path>
         <kind>archive</kind>
         <file>driverlib.a</file>
         <name>dl_uart.o</name>
      </input_file>
      <input_file id="fl-38">
         <path>C:\ti\ccs2010\ccs\tools\compiler\ti-cgt-armllvm_4.0.2.LTS\lib\armv6m-ti-none-eabi\c\</path>
         <kind>archive</kind>
         <file>libc.a</file>
         <name>s_sin.c.obj</name>
      </input_file>
      <input_file id="fl-39">
         <path>C:\ti\ccs2010\ccs\tools\compiler\ti-cgt-armllvm_4.0.2.LTS\lib\armv6m-ti-none-eabi\c\</path>
         <kind>archive</kind>
         <file>libc.a</file>
         <name>defs.c.obj</name>
      </input_file>
      <input_file id="fl-3a">
         <path>C:\ti\ccs2010\ccs\tools\compiler\ti-cgt-armllvm_4.0.2.LTS\lib\armv6m-ti-none-eabi\c\</path>
         <kind>archive</kind>
         <file>libc.a</file>
         <name>strlen.c.obj</name>
      </input_file>
      <input_file id="fl-3b">
         <path>C:\ti\ccs2010\ccs\tools\compiler\ti-cgt-armllvm_4.0.2.LTS\lib\armv6m-ti-none-eabi\c\</path>
         <kind>archive</kind>
         <file>libc.a</file>
         <name>k_rem_pio2.c.obj</name>
      </input_file>
      <input_file id="fl-3c">
         <path>C:\ti\ccs2010\ccs\tools\compiler\ti-cgt-armllvm_4.0.2.LTS\lib\armv6m-ti-none-eabi\c\</path>
         <kind>archive</kind>
         <file>libc.a</file>
         <name>boot_cortex_m.c.obj</name>
      </input_file>
      <input_file id="fl-3d">
         <path>C:\ti\ccs2010\ccs\tools\compiler\ti-cgt-armllvm_4.0.2.LTS\lib\armv6m-ti-none-eabi\c\</path>
         <kind>archive</kind>
         <file>libc.a</file>
         <name>mathacl_init.c.obj</name>
      </input_file>
      <input_file id="fl-3e">
         <path>C:\ti\ccs2010\ccs\tools\compiler\ti-cgt-armllvm_4.0.2.LTS\lib\armv6m-ti-none-eabi\c\</path>
         <kind>archive</kind>
         <file>libc.a</file>
         <name>autoinit.c.obj</name>
      </input_file>
      <input_file id="fl-3f">
         <path>C:\ti\ccs2010\ccs\tools\compiler\ti-cgt-armllvm_4.0.2.LTS\lib\armv6m-ti-none-eabi\c\</path>
         <kind>archive</kind>
         <file>libc.a</file>
         <name>pre_init.c.obj</name>
      </input_file>
      <input_file id="fl-40">
         <path>C:\ti\ccs2010\ccs\tools\compiler\ti-cgt-armllvm_4.0.2.LTS\lib\armv6m-ti-none-eabi\c\</path>
         <kind>archive</kind>
         <file>libc.a</file>
         <name>cpy_tbl.c.obj</name>
      </input_file>
      <input_file id="fl-41">
         <path>C:\ti\ccs2010\ccs\tools\compiler\ti-cgt-armllvm_4.0.2.LTS\lib\armv6m-ti-none-eabi\c\</path>
         <kind>archive</kind>
         <file>libc.a</file>
         <name>copy_zero_init.c.obj</name>
      </input_file>
      <input_file id="fl-42">
         <path>C:\ti\ccs2010\ccs\tools\compiler\ti-cgt-armllvm_4.0.2.LTS\lib\armv6m-ti-none-eabi\c\</path>
         <kind>archive</kind>
         <file>libc.a</file>
         <name>copy_decompress_none.c.obj</name>
      </input_file>
      <input_file id="fl-43">
         <path>C:\ti\ccs2010\ccs\tools\compiler\ti-cgt-armllvm_4.0.2.LTS\lib\armv6m-ti-none-eabi\c\</path>
         <kind>archive</kind>
         <file>libc.a</file>
         <name>copy_decompress_lzss.c.obj</name>
      </input_file>
      <input_file id="fl-44">
         <path>C:\ti\ccs2010\ccs\tools\compiler\ti-cgt-armllvm_4.0.2.LTS\lib\armv6m-ti-none-eabi\c\</path>
         <kind>archive</kind>
         <file>libc.a</file>
         <name>k_cos.c.obj</name>
      </input_file>
      <input_file id="fl-45">
         <path>C:\ti\ccs2010\ccs\tools\compiler\ti-cgt-armllvm_4.0.2.LTS\lib\armv6m-ti-none-eabi\c\</path>
         <kind>archive</kind>
         <file>libc.a</file>
         <name>k_sin.c.obj</name>
      </input_file>
      <input_file id="fl-46">
         <path>C:\ti\ccs2010\ccs\tools\compiler\ti-cgt-armllvm_4.0.2.LTS\lib\armv6m-ti-none-eabi\c\</path>
         <kind>archive</kind>
         <file>libc.a</file>
         <name>s_floor.c.obj</name>
      </input_file>
      <input_file id="fl-47">
         <path>C:\ti\ccs2010\ccs\tools\compiler\ti-cgt-armllvm_4.0.2.LTS\lib\armv6m-ti-none-eabi\c\</path>
         <kind>archive</kind>
         <file>libc.a</file>
         <name>s_scalbn.c.obj</name>
      </input_file>
      <input_file id="fl-48">
         <path>C:\ti\ccs2010\ccs\tools\compiler\ti-cgt-armllvm_4.0.2.LTS\lib\armv6m-ti-none-eabi\c\</path>
         <kind>archive</kind>
         <file>libc.a</file>
         <name>aeabi_portable.c.obj</name>
      </input_file>
      <input_file id="fl-49">
         <path>C:\ti\ccs2010\ccs\tools\compiler\ti-cgt-armllvm_4.0.2.LTS\lib\armv6m-ti-none-eabi\c\</path>
         <kind>archive</kind>
         <file>libc.a</file>
         <name>exit.c.obj</name>
      </input_file>
      <input_file id="fl-4a">
         <path>C:\ti\ccs2010\ccs\tools\compiler\ti-cgt-armllvm_4.0.2.LTS\lib\armv6m-ti-none-eabi\c\</path>
         <kind>archive</kind>
         <file>libc.a</file>
         <name>_lock.c.obj</name>
      </input_file>
      <input_file id="fl-4b">
         <path>C:\ti\ccs2010\ccs\tools\compiler\ti-cgt-armllvm_4.0.2.LTS\lib\armv6m-ti-none-eabi\c\</path>
         <kind>archive</kind>
         <file>libc.a</file>
         <name>args_main.c.obj</name>
      </input_file>
      <input_file id="fl-4c">
         <path>C:\ti\ccs2010\ccs\tools\compiler\ti-cgt-armllvm_4.0.2.LTS\lib\armv6m-ti-none-eabi\c\</path>
         <kind>archive</kind>
         <file>libc.a</file>
         <name>assert.c.obj</name>
      </input_file>
      <input_file id="fl-4d">
         <path>C:\ti\ccs2010\ccs\tools\compiler\ti-cgt-armllvm_4.0.2.LTS\lib\armv6m-ti-none-eabi\c\</path>
         <kind>archive</kind>
         <file>libc.a</file>
         <name>memory.c.obj</name>
      </input_file>
      <input_file id="fl-4e">
         <path>C:\ti\ccs2010\ccs\tools\compiler\ti-cgt-armllvm_4.0.2.LTS\lib\armv6m-ti-none-eabi\c\</path>
         <kind>archive</kind>
         <file>libc.a</file>
         <name>sprintf.c.obj</name>
      </input_file>
      <input_file id="fl-4f">
         <path>C:\ti\ccs2010\ccs\tools\compiler\ti-cgt-armllvm_4.0.2.LTS\lib\armv6m-ti-none-eabi\c\</path>
         <kind>archive</kind>
         <file>libc.a</file>
         <name>fflush.c.obj</name>
      </input_file>
      <input_file id="fl-50">
         <path>C:\ti\ccs2010\ccs\tools\compiler\ti-cgt-armllvm_4.0.2.LTS\lib\armv6m-ti-none-eabi\c\</path>
         <kind>archive</kind>
         <file>libc.a</file>
         <name>_printfi.c.obj</name>
      </input_file>
      <input_file id="fl-51">
         <path>C:\ti\ccs2010\ccs\tools\compiler\ti-cgt-armllvm_4.0.2.LTS\lib\armv6m-ti-none-eabi\c\</path>
         <kind>archive</kind>
         <file>libc.a</file>
         <name>_ltoa.c.obj</name>
      </input_file>
      <input_file id="fl-52">
         <path>C:\ti\ccs2010\ccs\tools\compiler\ti-cgt-armllvm_4.0.2.LTS\lib\armv6m-ti-none-eabi\c\</path>
         <kind>archive</kind>
         <file>libc.a</file>
         <name>atoi.c.obj</name>
      </input_file>
      <input_file id="fl-53">
         <path>C:\ti\ccs2010\ccs\tools\compiler\ti-cgt-armllvm_4.0.2.LTS\lib\armv6m-ti-none-eabi\c\</path>
         <kind>archive</kind>
         <file>libc.a</file>
         <name>memccpy.c.obj</name>
      </input_file>
      <input_file id="fl-54">
         <path>C:\ti\ccs2010\ccs\tools\compiler\ti-cgt-armllvm_4.0.2.LTS\lib\armv6m-ti-none-eabi\c\</path>
         <kind>archive</kind>
         <file>libc.a</file>
         <name>s_frexp.c.obj</name>
      </input_file>
      <input_file id="fl-55">
         <path>C:\ti\ccs2010\ccs\tools\compiler\ti-cgt-armllvm_4.0.2.LTS\lib\armv6m-ti-none-eabi\c\</path>
         <kind>archive</kind>
         <file>libc.a</file>
         <name>wcslen.c.obj</name>
      </input_file>
      <input_file id="fl-56">
         <path>C:\ti\ccs2010\ccs\tools\compiler\ti-cgt-armllvm_4.0.2.LTS\lib\armv6m-ti-none-eabi\c\</path>
         <kind>archive</kind>
         <file>libc.a</file>
         <name>aeabi_ctype.S.obj</name>
      </input_file>
      <input_file id="fl-f6">
         <path>C:\ti\ccs2010\ccs\tools\compiler\ti-cgt-armllvm_4.0.2.LTS\lib\armv6m-ti-none-eabi\c\</path>
         <kind>archive</kind>
         <file>libsysbm.a</file>
         <name>hostexit.c.obj</name>
      </input_file>
      <input_file id="fl-f7">
         <path>C:\ti\ccs2010\ccs\tools\compiler\ti-cgt-armllvm_4.0.2.LTS\lib\armv6m-ti-none-eabi\c\</path>
         <kind>archive</kind>
         <file>libsysbm.a</file>
         <name>write.c.obj</name>
      </input_file>
      <input_file id="fl-f8">
         <path>C:\ti\ccs2010\ccs\tools\compiler\ti-cgt-armllvm_4.0.2.LTS\lib\armv6m-ti-none-eabi\c\</path>
         <kind>archive</kind>
         <file>libsysbm.a</file>
         <name>host_device.c.obj</name>
      </input_file>
      <input_file id="fl-f9">
         <path>C:\ti\ccs2010\ccs\tools\compiler\ti-cgt-armllvm_4.0.2.LTS\lib\armv6m-ti-none-eabi\c\</path>
         <kind>archive</kind>
         <file>libsysbm.a</file>
         <name>hostclose.c.obj</name>
      </input_file>
      <input_file id="fl-fa">
         <path>C:\ti\ccs2010\ccs\tools\compiler\ti-cgt-armllvm_4.0.2.LTS\lib\armv6m-ti-none-eabi\c\</path>
         <kind>archive</kind>
         <file>libsysbm.a</file>
         <name>hostlseek.c.obj</name>
      </input_file>
      <input_file id="fl-fb">
         <path>C:\ti\ccs2010\ccs\tools\compiler\ti-cgt-armllvm_4.0.2.LTS\lib\armv6m-ti-none-eabi\c\</path>
         <kind>archive</kind>
         <file>libsysbm.a</file>
         <name>hostopen.c.obj</name>
      </input_file>
      <input_file id="fl-fc">
         <path>C:\ti\ccs2010\ccs\tools\compiler\ti-cgt-armllvm_4.0.2.LTS\lib\armv6m-ti-none-eabi\c\</path>
         <kind>archive</kind>
         <file>libsysbm.a</file>
         <name>hostread.c.obj</name>
      </input_file>
      <input_file id="fl-fd">
         <path>C:\ti\ccs2010\ccs\tools\compiler\ti-cgt-armllvm_4.0.2.LTS\lib\armv6m-ti-none-eabi\c\</path>
         <kind>archive</kind>
         <file>libsysbm.a</file>
         <name>hostrename.c.obj</name>
      </input_file>
      <input_file id="fl-fe">
         <path>C:\ti\ccs2010\ccs\tools\compiler\ti-cgt-armllvm_4.0.2.LTS\lib\armv6m-ti-none-eabi\c\</path>
         <kind>archive</kind>
         <file>libsysbm.a</file>
         <name>hostunlink.c.obj</name>
      </input_file>
      <input_file id="fl-ff">
         <path>C:\ti\ccs2010\ccs\tools\compiler\ti-cgt-armllvm_4.0.2.LTS\lib\armv6m-ti-none-eabi\c\</path>
         <kind>archive</kind>
         <file>libsysbm.a</file>
         <name>hostwrite.c.obj</name>
      </input_file>
      <input_file id="fl-100">
         <path>C:\ti\ccs2010\ccs\tools\compiler\ti-cgt-armllvm_4.0.2.LTS\lib\armv6m-ti-none-eabi\c\</path>
         <kind>archive</kind>
         <file>libsysbm.a</file>
         <name>trgmsg.c.obj</name>
      </input_file>
      <input_file id="fl-101">
         <path>C:\ti\ccs2010\ccs\tools\compiler\ti-cgt-armllvm_4.0.2.LTS\lib\armv6m-ti-none-eabi\</path>
         <kind>archive</kind>
         <file>libclang_rt.builtins.a</file>
         <name>addsf3.S.obj</name>
      </input_file>
      <input_file id="fl-102">
         <path>C:\ti\ccs2010\ccs\tools\compiler\ti-cgt-armllvm_4.0.2.LTS\lib\armv6m-ti-none-eabi\</path>
         <kind>archive</kind>
         <file>libclang_rt.builtins.a</file>
         <name>adddf3.S.obj</name>
      </input_file>
      <input_file id="fl-103">
         <path>C:\ti\ccs2010\ccs\tools\compiler\ti-cgt-armllvm_4.0.2.LTS\lib\armv6m-ti-none-eabi\</path>
         <kind>archive</kind>
         <file>libclang_rt.builtins.a</file>
         <name>muldf3.S.obj</name>
      </input_file>
      <input_file id="fl-104">
         <path>C:\ti\ccs2010\ccs\tools\compiler\ti-cgt-armllvm_4.0.2.LTS\lib\armv6m-ti-none-eabi\</path>
         <kind>archive</kind>
         <file>libclang_rt.builtins.a</file>
         <name>muldsi3.S.obj</name>
      </input_file>
      <input_file id="fl-105">
         <path>C:\ti\ccs2010\ccs\tools\compiler\ti-cgt-armllvm_4.0.2.LTS\lib\armv6m-ti-none-eabi\</path>
         <kind>archive</kind>
         <file>libclang_rt.builtins.a</file>
         <name>mulsf3.S.obj</name>
      </input_file>
      <input_file id="fl-106">
         <path>C:\ti\ccs2010\ccs\tools\compiler\ti-cgt-armllvm_4.0.2.LTS\lib\armv6m-ti-none-eabi\</path>
         <kind>archive</kind>
         <file>libclang_rt.builtins.a</file>
         <name>divdf3.S.obj</name>
      </input_file>
      <input_file id="fl-107">
         <path>C:\ti\ccs2010\ccs\tools\compiler\ti-cgt-armllvm_4.0.2.LTS\lib\armv6m-ti-none-eabi\</path>
         <kind>archive</kind>
         <file>libclang_rt.builtins.a</file>
         <name>extendsfdf2.S.obj</name>
      </input_file>
      <input_file id="fl-108">
         <path>C:\ti\ccs2010\ccs\tools\compiler\ti-cgt-armllvm_4.0.2.LTS\lib\armv6m-ti-none-eabi\</path>
         <kind>archive</kind>
         <file>libclang_rt.builtins.a</file>
         <name>fixdfsi.S.obj</name>
      </input_file>
      <input_file id="fl-109">
         <path>C:\ti\ccs2010\ccs\tools\compiler\ti-cgt-armllvm_4.0.2.LTS\lib\armv6m-ti-none-eabi\</path>
         <kind>archive</kind>
         <file>libclang_rt.builtins.a</file>
         <name>fixsfsi.S.obj</name>
      </input_file>
      <input_file id="fl-10a">
         <path>C:\ti\ccs2010\ccs\tools\compiler\ti-cgt-armllvm_4.0.2.LTS\lib\armv6m-ti-none-eabi\</path>
         <kind>archive</kind>
         <file>libclang_rt.builtins.a</file>
         <name>fixunsdfsi.S.obj</name>
      </input_file>
      <input_file id="fl-10b">
         <path>C:\ti\ccs2010\ccs\tools\compiler\ti-cgt-armllvm_4.0.2.LTS\lib\armv6m-ti-none-eabi\</path>
         <kind>archive</kind>
         <file>libclang_rt.builtins.a</file>
         <name>floatsidf.S.obj</name>
      </input_file>
      <input_file id="fl-10c">
         <path>C:\ti\ccs2010\ccs\tools\compiler\ti-cgt-armllvm_4.0.2.LTS\lib\armv6m-ti-none-eabi\</path>
         <kind>archive</kind>
         <file>libclang_rt.builtins.a</file>
         <name>floatsisf.S.obj</name>
      </input_file>
      <input_file id="fl-10d">
         <path>C:\ti\ccs2010\ccs\tools\compiler\ti-cgt-armllvm_4.0.2.LTS\lib\armv6m-ti-none-eabi\</path>
         <kind>archive</kind>
         <file>libclang_rt.builtins.a</file>
         <name>muldi3.S.obj</name>
      </input_file>
      <input_file id="fl-10e">
         <path>C:\ti\ccs2010\ccs\tools\compiler\ti-cgt-armllvm_4.0.2.LTS\lib\armv6m-ti-none-eabi\</path>
         <kind>archive</kind>
         <file>libclang_rt.builtins.a</file>
         <name>truncdfsf2.S.obj</name>
      </input_file>
      <input_file id="fl-10f">
         <path>C:\ti\ccs2010\ccs\tools\compiler\ti-cgt-armllvm_4.0.2.LTS\lib\armv6m-ti-none-eabi\</path>
         <kind>archive</kind>
         <file>libclang_rt.builtins.a</file>
         <name>aeabi_dcmp.S.obj</name>
      </input_file>
      <input_file id="fl-110">
         <path>C:\ti\ccs2010\ccs\tools\compiler\ti-cgt-armllvm_4.0.2.LTS\lib\armv6m-ti-none-eabi\</path>
         <kind>archive</kind>
         <file>libclang_rt.builtins.a</file>
         <name>aeabi_fcmp.S.obj</name>
      </input_file>
      <input_file id="fl-111">
         <path>C:\ti\ccs2010\ccs\tools\compiler\ti-cgt-armllvm_4.0.2.LTS\lib\armv6m-ti-none-eabi\</path>
         <kind>archive</kind>
         <file>libclang_rt.builtins.a</file>
         <name>aeabi_idivmod.S.obj</name>
      </input_file>
      <input_file id="fl-112">
         <path>C:\ti\ccs2010\ccs\tools\compiler\ti-cgt-armllvm_4.0.2.LTS\lib\armv6m-ti-none-eabi\</path>
         <kind>archive</kind>
         <file>libclang_rt.builtins.a</file>
         <name>aeabi_memcpy.S.obj</name>
      </input_file>
      <input_file id="fl-113">
         <path>C:\ti\ccs2010\ccs\tools\compiler\ti-cgt-armllvm_4.0.2.LTS\lib\armv6m-ti-none-eabi\</path>
         <kind>archive</kind>
         <file>libclang_rt.builtins.a</file>
         <name>aeabi_memset.S.obj</name>
      </input_file>
      <input_file id="fl-114">
         <path>C:\ti\ccs2010\ccs\tools\compiler\ti-cgt-armllvm_4.0.2.LTS\lib\armv6m-ti-none-eabi\</path>
         <kind>archive</kind>
         <file>libclang_rt.builtins.a</file>
         <name>aeabi_uidivmod.S.obj</name>
      </input_file>
      <input_file id="fl-115">
         <path>C:\ti\ccs2010\ccs\tools\compiler\ti-cgt-armllvm_4.0.2.LTS\lib\armv6m-ti-none-eabi\</path>
         <kind>archive</kind>
         <file>libclang_rt.builtins.a</file>
         <name>aeabi_uldivmod.S.obj</name>
      </input_file>
      <input_file id="fl-116">
         <path>C:\ti\ccs2010\ccs\tools\compiler\ti-cgt-armllvm_4.0.2.LTS\lib\armv6m-ti-none-eabi\</path>
         <kind>archive</kind>
         <file>libclang_rt.builtins.a</file>
         <name>comparesf2.S.obj</name>
      </input_file>
      <input_file id="fl-117">
         <path>C:\ti\ccs2010\ccs\tools\compiler\ti-cgt-armllvm_4.0.2.LTS\lib\armv6m-ti-none-eabi\</path>
         <kind>archive</kind>
         <file>libclang_rt.builtins.a</file>
         <name>udivmoddi4.S.obj</name>
      </input_file>
      <input_file id="fl-118">
         <path>C:\ti\ccs2010\ccs\tools\compiler\ti-cgt-armllvm_4.0.2.LTS\lib\armv6m-ti-none-eabi\</path>
         <kind>archive</kind>
         <file>libclang_rt.builtins.a</file>
         <name>ashldi3.S.obj</name>
      </input_file>
      <input_file id="fl-119">
         <path>C:\ti\ccs2010\ccs\tools\compiler\ti-cgt-armllvm_4.0.2.LTS\lib\armv6m-ti-none-eabi\</path>
         <kind>archive</kind>
         <file>libclang_rt.builtins.a</file>
         <name>comparedf2.c.obj</name>
      </input_file>
      <input_file id="fl-11a">
         <path>C:\ti\ccs2010\ccs\tools\compiler\ti-cgt-armllvm_4.0.2.LTS\lib\armv6m-ti-none-eabi\</path>
         <kind>archive</kind>
         <file>libclang_rt.builtins.a</file>
         <name>aeabi_div0.c.obj</name>
      </input_file>
      <input_file id="fl-11b">
         <path>C:\ti\ccs2010\ccs\tools\compiler\ti-cgt-armllvm_4.0.2.LTS\lib\armv6m-ti-none-eabi\c\</path>
         <kind>archive</kind>
         <file>libc.a</file>
         <name>memcpy16.S.obj</name>
      </input_file>
      <input_file id="fl-11c">
         <path>C:\ti\ccs2010\ccs\tools\compiler\ti-cgt-armllvm_4.0.2.LTS\lib\armv6m-ti-none-eabi\c\</path>
         <kind>archive</kind>
         <file>libc.a</file>
         <name>memset16.S.obj</name>
      </input_file>
   </input_file_list>
   <object_component_list>
      <object_component id="oc-18">
         <name>.intvecs</name>
         <load_address>0x0</load_address>
         <readonly>true</readonly>
         <run_address>0x0</run_address>
         <size>0xc0</size>
         <alignment>0x4</alignment>
         <input_file_ref idref="fl-3"/>
      </object_component>
      <object_component id="oc-17a">
         <name>.text.__kernel_rem_pio2</name>
         <load_address>0xc0</load_address>
         <readonly>true</readonly>
         <executable>true</executable>
         <run_address>0xc0</run_address>
         <size>0x644</size>
         <alignment>0x4</alignment>
         <input_file_ref idref="fl-3b"/>
      </object_component>
      <object_component id="oc-11b">
         <name>.text.sin</name>
         <load_address>0x704</load_address>
         <readonly>true</readonly>
         <executable>true</executable>
         <run_address>0x704</run_address>
         <size>0x458</size>
         <alignment>0x4</alignment>
         <input_file_ref idref="fl-38"/>
      </object_component>
      <object_component id="oc-10c">
         <name>.text.Set_Speed</name>
         <load_address>0xb5c</load_address>
         <readonly>true</readonly>
         <executable>true</executable>
         <run_address>0xb5c</run_address>
         <size>0x3ac</size>
         <alignment>0x4</alignment>
         <input_file_ref idref="fl-8"/>
      </object_component>
      <object_component id="oc-3e">
         <name>.text.UART0_IRQHandler</name>
         <load_address>0xf08</load_address>
         <readonly>true</readonly>
         <executable>true</executable>
         <run_address>0xf08</run_address>
         <size>0x368</size>
         <alignment>0x4</alignment>
         <input_file_ref idref="fl-e"/>
      </object_component>
      <object_component id="oc-1df">
         <name>.text.SYSCFG_DL_GPIO_init</name>
         <load_address>0x1270</load_address>
         <readonly>true</readonly>
         <executable>true</executable>
         <run_address>0x1270</run_address>
         <size>0x2c8</size>
         <alignment>0x4</alignment>
         <input_file_ref idref="fl-2"/>
      </object_component>
      <object_component id="oc-34">
         <name>.text.GROUP1_IRQHandler</name>
         <load_address>0x1538</load_address>
         <readonly>true</readonly>
         <executable>true</executable>
         <run_address>0x1538</run_address>
         <size>0x2bc</size>
         <alignment>0x4</alignment>
         <input_file_ref idref="fl-9"/>
      </object_component>
      <object_component id="oc-bd">
         <name>.text.PID_Update_Yaw</name>
         <load_address>0x17f4</load_address>
         <readonly>true</readonly>
         <executable>true</executable>
         <run_address>0x17f4</run_address>
         <size>0x1d4</size>
         <alignment>0x4</alignment>
         <input_file_ref idref="fl-a"/>
      </object_component>
      <object_component id="oc-1f3">
         <name>.text.XunJIPIDConcrol</name>
         <load_address>0x19c8</load_address>
         <readonly>true</readonly>
         <executable>true</executable>
         <run_address>0x19c8</run_address>
         <size>0x1ac</size>
         <alignment>0x4</alignment>
         <input_file_ref idref="fl-7"/>
      </object_component>
      <object_component id="oc-f8">
         <name>.text.adddf3_subdf3</name>
         <load_address>0x1b74</load_address>
         <readonly>true</readonly>
         <executable>true</executable>
         <run_address>0x1b74</run_address>
         <size>0x192</size>
         <alignment>0x4</alignment>
         <input_file_ref idref="fl-102"/>
      </object_component>
      <object_component id="oc-202">
         <name>.text.__aeabi_idiv0</name>
         <load_address>0x1d06</load_address>
         <readonly>true</readonly>
         <executable>true</executable>
         <run_address>0x1d06</run_address>
         <size>0x2</size>
         <alignment>0x2</alignment>
         <input_file_ref idref="fl-11a"/>
      </object_component>
      <object_component id="oc-169">
         <name>.text.__kernel_sin</name>
         <load_address>0x1d08</load_address>
         <readonly>true</readonly>
         <executable>true</executable>
         <run_address>0x1d08</run_address>
         <size>0x168</size>
         <alignment>0x4</alignment>
         <input_file_ref idref="fl-45"/>
      </object_component>
      <object_component id="oc-b6">
         <name>.text.PID_Update_BL</name>
         <load_address>0x1e70</load_address>
         <readonly>true</readonly>
         <executable>true</executable>
         <run_address>0x1e70</run_address>
         <size>0x150</size>
         <alignment>0x4</alignment>
         <input_file_ref idref="fl-a"/>
      </object_component>
      <object_component id="oc-b7">
         <name>.text.PID_Update_BR</name>
         <load_address>0x1fc0</load_address>
         <readonly>true</readonly>
         <executable>true</executable>
         <run_address>0x1fc0</run_address>
         <size>0x150</size>
         <alignment>0x4</alignment>
         <input_file_ref idref="fl-a"/>
      </object_component>
      <object_component id="oc-b0">
         <name>.text.PID_Update_FL</name>
         <load_address>0x2110</load_address>
         <readonly>true</readonly>
         <executable>true</executable>
         <run_address>0x2110</run_address>
         <size>0x150</size>
         <alignment>0x4</alignment>
         <input_file_ref idref="fl-a"/>
      </object_component>
      <object_component id="oc-b5">
         <name>.text.PID_Update_FR</name>
         <load_address>0x2260</load_address>
         <readonly>true</readonly>
         <executable>true</executable>
         <run_address>0x2260</run_address>
         <size>0x150</size>
         <alignment>0x4</alignment>
         <input_file_ref idref="fl-a"/>
      </object_component>
      <object_component id="oc-180">
         <name>.text.__kernel_cos</name>
         <load_address>0x23b0</load_address>
         <readonly>true</readonly>
         <executable>true</executable>
         <run_address>0x23b0</run_address>
         <size>0x150</size>
         <alignment>0x4</alignment>
         <input_file_ref idref="fl-44"/>
      </object_component>
      <object_component id="oc-1cf">
         <name>.text.floor</name>
         <load_address>0x2500</load_address>
         <readonly>true</readonly>
         <executable>true</executable>
         <run_address>0x2500</run_address>
         <size>0x144</size>
         <alignment>0x4</alignment>
         <input_file_ref idref="fl-46"/>
      </object_component>
      <object_component id="oc-6f">
         <name>.text.Control_LED</name>
         <load_address>0x2644</load_address>
         <readonly>true</readonly>
         <executable>true</executable>
         <run_address>0x2644</run_address>
         <size>0x11c</size>
         <alignment>0x4</alignment>
         <input_file_ref idref="fl-5"/>
      </object_component>
      <object_component id="oc-9a">
         <name>.text.__divdf3</name>
         <load_address>0x2760</load_address>
         <readonly>true</readonly>
         <executable>true</executable>
         <run_address>0x2760</run_address>
         <size>0x10c</size>
         <alignment>0x4</alignment>
         <input_file_ref idref="fl-106"/>
      </object_component>
      <object_component id="oc-114">
         <name>.text.getGpioValue</name>
         <load_address>0x286c</load_address>
         <readonly>true</readonly>
         <executable>true</executable>
         <run_address>0x286c</run_address>
         <size>0x10c</size>
         <alignment>0x4</alignment>
         <input_file_ref idref="fl-7"/>
      </object_component>
      <object_component id="oc-25c">
         <name>.text.PID_Update_Xunji</name>
         <load_address>0x2978</load_address>
         <readonly>true</readonly>
         <executable>true</executable>
         <run_address>0x2978</run_address>
         <size>0x108</size>
         <alignment>0x4</alignment>
         <input_file_ref idref="fl-a"/>
      </object_component>
      <object_component id="oc-233">
         <name>.text.DL_Timer_initFourCCPWMMode</name>
         <load_address>0x2a80</load_address>
         <readonly>true</readonly>
         <executable>true</executable>
         <run_address>0x2a80</run_address>
         <size>0x104</size>
         <alignment>0x4</alignment>
         <input_file_ref idref="fl-20"/>
      </object_component>
      <object_component id="oc-278">
         <name>.text.GetXunJIErr</name>
         <load_address>0x2b84</load_address>
         <readonly>true</readonly>
         <executable>true</executable>
         <run_address>0x2b84</run_address>
         <size>0x104</size>
         <alignment>0x4</alignment>
         <input_file_ref idref="fl-7"/>
      </object_component>
      <object_component id="oc-23b">
         <name>.text.DL_Timer_initTimerMode</name>
         <load_address>0x2c88</load_address>
         <readonly>true</readonly>
         <executable>true</executable>
         <run_address>0x2c88</run_address>
         <size>0xe8</size>
         <alignment>0x4</alignment>
         <input_file_ref idref="fl-20"/>
      </object_component>
      <object_component id="oc-a6">
         <name>.text.__muldf3</name>
         <load_address>0x2d70</load_address>
         <readonly>true</readonly>
         <executable>true</executable>
         <run_address>0x2d70</run_address>
         <size>0xe4</size>
         <alignment>0x4</alignment>
         <input_file_ref idref="fl-103"/>
      </object_component>
      <object_component id="oc-1e1">
         <name>.text.SYSCFG_DL_PWM_MOTOR_init</name>
         <load_address>0x2e54</load_address>
         <readonly>true</readonly>
         <executable>true</executable>
         <run_address>0x2e54</run_address>
         <size>0xdc</size>
         <alignment>0x4</alignment>
         <input_file_ref idref="fl-2"/>
      </object_component>
      <object_component id="oc-1cb">
         <name>.text.scalbn</name>
         <load_address>0x2f30</load_address>
         <readonly>true</readonly>
         <executable>true</executable>
         <run_address>0x2f30</run_address>
         <size>0xd8</size>
         <alignment>0x4</alignment>
         <input_file_ref idref="fl-47"/>
      </object_component>
      <object_component id="oc-fc">
         <name>.text</name>
         <load_address>0x3008</load_address>
         <readonly>true</readonly>
         <executable>true</executable>
         <run_address>0x3008</run_address>
         <size>0xd8</size>
         <alignment>0x4</alignment>
         <input_file_ref idref="fl-101"/>
      </object_component>
      <object_component id="oc-39">
         <name>.text.UART1_IRQHandler</name>
         <load_address>0x30e0</load_address>
         <readonly>true</readonly>
         <executable>true</executable>
         <run_address>0x30e0</run_address>
         <size>0xac</size>
         <alignment>0x4</alignment>
         <input_file_ref idref="fl-c"/>
      </object_component>
      <object_component id="oc-1de">
         <name>.text.SYSCFG_DL_initPower</name>
         <load_address>0x318c</load_address>
         <readonly>true</readonly>
         <executable>true</executable>
         <run_address>0x318c</run_address>
         <size>0x8c</size>
         <alignment>0x4</alignment>
         <input_file_ref idref="fl-2"/>
      </object_component>
      <object_component id="oc-100">
         <name>.text.__mulsf3</name>
         <load_address>0x3218</load_address>
         <readonly>true</readonly>
         <executable>true</executable>
         <run_address>0x3218</run_address>
         <size>0x8c</size>
         <alignment>0x4</alignment>
         <input_file_ref idref="fl-105"/>
      </object_component>
      <object_component id="oc-231">
         <name>.text.__NVIC_SetPriority</name>
         <load_address>0x32a4</load_address>
         <readonly>true</readonly>
         <executable>true</executable>
         <run_address>0x32a4</run_address>
         <size>0x84</size>
         <alignment>0x4</alignment>
         <input_file_ref idref="fl-2"/>
      </object_component>
      <object_component id="oc-1c">
         <name>.text:decompress:lzss</name>
         <load_address>0x3328</load_address>
         <readonly>true</readonly>
         <executable>true</executable>
         <run_address>0x3328</run_address>
         <size>0x7c</size>
         <alignment>0x4</alignment>
         <input_file_ref idref="fl-43"/>
      </object_component>
      <object_component id="oc-43">
         <name>.text.TIMG0_IRQHandler</name>
         <load_address>0x33a4</load_address>
         <readonly>true</readonly>
         <executable>true</executable>
         <run_address>0x33a4</run_address>
         <size>0x78</size>
         <alignment>0x4</alignment>
         <input_file_ref idref="fl-6"/>
      </object_component>
      <object_component id="oc-1e3">
         <name>.text.SYSCFG_DL_UART_OPENMV_init</name>
         <load_address>0x341c</load_address>
         <readonly>true</readonly>
         <executable>true</executable>
         <run_address>0x341c</run_address>
         <size>0x74</size>
         <alignment>0x4</alignment>
         <input_file_ref idref="fl-2"/>
      </object_component>
      <object_component id="oc-1c4">
         <name>.text.__gedf2</name>
         <load_address>0x3490</load_address>
         <readonly>true</readonly>
         <executable>true</executable>
         <run_address>0x3490</run_address>
         <size>0x74</size>
         <alignment>0x4</alignment>
         <input_file_ref idref="fl-119"/>
      </object_component>
      <object_component id="oc-1e6">
         <name>.text.SYSCFG_DL_DMA_init</name>
         <load_address>0x3504</load_address>
         <readonly>true</readonly>
         <executable>true</executable>
         <run_address>0x3504</run_address>
         <size>0xc</size>
         <alignment>0x2</alignment>
         <input_file_ref idref="fl-2"/>
      </object_component>
      <object_component id="oc-a2">
         <name>.text.__truncdfsf2</name>
         <load_address>0x3510</load_address>
         <readonly>true</readonly>
         <executable>true</executable>
         <run_address>0x3510</run_address>
         <size>0x74</size>
         <alignment>0x10</alignment>
         <input_file_ref idref="fl-10e"/>
      </object_component>
      <object_component id="oc-1e4">
         <name>.text.SYSCFG_DL_UART_WIT_init</name>
         <load_address>0x3584</load_address>
         <readonly>true</readonly>
         <executable>true</executable>
         <run_address>0x3584</run_address>
         <size>0x68</size>
         <alignment>0x4</alignment>
         <input_file_ref idref="fl-2"/>
      </object_component>
      <object_component id="oc-1be">
         <name>.text.__ledf2</name>
         <load_address>0x35ec</load_address>
         <readonly>true</readonly>
         <executable>true</executable>
         <run_address>0x35ec</run_address>
         <size>0x68</size>
         <alignment>0x4</alignment>
         <input_file_ref idref="fl-119"/>
      </object_component>
      <object_component id="oc-176">
         <name>.text.__aeabi_dcmp</name>
         <load_address>0x3654</load_address>
         <readonly>true</readonly>
         <executable>true</executable>
         <run_address>0x3654</run_address>
         <size>0x62</size>
         <alignment>0x4</alignment>
         <input_file_ref idref="fl-10f"/>
      </object_component>
      <object_component id="oc-104">
         <name>.text.__aeabi_fcmp</name>
         <load_address>0x36b8</load_address>
         <readonly>true</readonly>
         <executable>true</executable>
         <run_address>0x36b8</run_address>
         <size>0x62</size>
         <alignment>0x4</alignment>
         <input_file_ref idref="fl-110"/>
      </object_component>
      <object_component id="oc-1c6">
         <name>.text.__aeabi_idivmod</name>
         <load_address>0x371c</load_address>
         <readonly>true</readonly>
         <executable>true</executable>
         <run_address>0x371c</run_address>
         <size>0x56</size>
         <alignment>0x4</alignment>
         <input_file_ref idref="fl-111"/>
      </object_component>
      <object_component id="oc-86">
         <name>.text.DL_UART_drainRXFIFO</name>
         <load_address>0x3774</load_address>
         <readonly>true</readonly>
         <executable>true</executable>
         <run_address>0x3774</run_address>
         <size>0x54</size>
         <alignment>0x4</alignment>
         <input_file_ref idref="fl-21"/>
      </object_component>
      <object_component id="oc-19c">
         <name>.text.PID_Init_Wheel</name>
         <load_address>0x37c8</load_address>
         <readonly>true</readonly>
         <executable>true</executable>
         <run_address>0x37c8</run_address>
         <size>0x54</size>
         <alignment>0x4</alignment>
         <input_file_ref idref="fl-a"/>
      </object_component>
      <object_component id="oc-272">
         <name>.text.DL_DMA_initChannel</name>
         <load_address>0x381c</load_address>
         <readonly>true</readonly>
         <executable>true</executable>
         <run_address>0x381c</run_address>
         <size>0x4c</size>
         <alignment>0x4</alignment>
         <input_file_ref idref="fl-1e"/>
      </object_component>
      <object_component id="oc-242">
         <name>.text.DL_UART_setBaudRateDivisor</name>
         <load_address>0x3868</load_address>
         <readonly>true</readonly>
         <executable>true</executable>
         <run_address>0x3868</run_address>
         <size>0x4c</size>
         <alignment>0x4</alignment>
         <input_file_ref idref="fl-2"/>
      </object_component>
      <object_component id="oc-9e">
         <name>.text.__fixdfsi</name>
         <load_address>0x38b4</load_address>
         <readonly>true</readonly>
         <executable>true</executable>
         <run_address>0x38b4</run_address>
         <size>0x4a</size>
         <alignment>0x4</alignment>
         <input_file_ref idref="fl-108"/>
      </object_component>
      <object_component id="oc-240">
         <name>.text.DL_UART_init</name>
         <load_address>0x3900</load_address>
         <readonly>true</readonly>
         <executable>true</executable>
         <run_address>0x3900</run_address>
         <size>0x48</size>
         <alignment>0x4</alignment>
         <input_file_ref idref="fl-21"/>
      </object_component>
      <object_component id="oc-12c">
         <name>.text.TASK_INIT</name>
         <load_address>0x3948</load_address>
         <readonly>true</readonly>
         <executable>true</executable>
         <run_address>0x3948</run_address>
         <size>0x48</size>
         <alignment>0x4</alignment>
         <input_file_ref idref="fl-b"/>
      </object_component>
      <object_component id="oc-254">
         <name>.text.DL_SPI_init</name>
         <load_address>0x3990</load_address>
         <readonly>true</readonly>
         <executable>true</executable>
         <run_address>0x3990</run_address>
         <size>0x44</size>
         <alignment>0x4</alignment>
         <input_file_ref idref="fl-1f"/>
      </object_component>
      <object_component id="oc-199">
         <name>.text.WIT_Init</name>
         <load_address>0x39d4</load_address>
         <readonly>true</readonly>
         <executable>true</executable>
         <run_address>0x39d4</run_address>
         <size>0x44</size>
         <alignment>0x4</alignment>
         <input_file_ref idref="fl-e"/>
      </object_component>
      <object_component id="oc-156">
         <name>.text.__fixunsdfsi</name>
         <load_address>0x3a18</load_address>
         <readonly>true</readonly>
         <executable>true</executable>
         <run_address>0x3a18</run_address>
         <size>0x42</size>
         <alignment>0x4</alignment>
         <input_file_ref idref="fl-10a"/>
      </object_component>
      <object_component id="oc-1e5">
         <name>.text.SYSCFG_DL_SPI_IMU660RB_init</name>
         <load_address>0x3a5c</load_address>
         <readonly>true</readonly>
         <executable>true</executable>
         <run_address>0x3a5c</run_address>
         <size>0x40</size>
         <alignment>0x4</alignment>
         <input_file_ref idref="fl-2"/>
      </object_component>
      <object_component id="oc-1e2">
         <name>.text.SYSCFG_DL_TIMER_MS_SYS_init</name>
         <load_address>0x3a9c</load_address>
         <readonly>true</readonly>
         <executable>true</executable>
         <run_address>0x3a9c</run_address>
         <size>0x40</size>
         <alignment>0x4</alignment>
         <input_file_ref idref="fl-2"/>
      </object_component>
      <object_component id="oc-18f">
         <name>.text.SYSCFG_DL_init</name>
         <load_address>0x3adc</load_address>
         <readonly>true</readonly>
         <executable>true</executable>
         <run_address>0x3adc</run_address>
         <size>0x40</size>
         <alignment>0x4</alignment>
         <input_file_ref idref="fl-2"/>
      </object_component>
      <object_component id="oc-117">
         <name>.text.__extendsfdf2</name>
         <load_address>0x3b1c</load_address>
         <readonly>true</readonly>
         <executable>true</executable>
         <run_address>0x3b1c</run_address>
         <size>0x40</size>
         <alignment>0x4</alignment>
         <input_file_ref idref="fl-107"/>
      </object_component>
      <object_component id="oc-234">
         <name>.text.DL_Timer_setCounterControl</name>
         <load_address>0x3b5c</load_address>
         <readonly>true</readonly>
         <executable>true</executable>
         <run_address>0x3b5c</run_address>
         <size>0x3c</size>
         <alignment>0x4</alignment>
         <input_file_ref idref="fl-2"/>
      </object_component>
      <object_component id="oc-25d">
         <name>.text.__floatsisf</name>
         <load_address>0x3b98</load_address>
         <readonly>true</readonly>
         <executable>true</executable>
         <run_address>0x3b98</run_address>
         <size>0x3c</size>
         <alignment>0x4</alignment>
         <input_file_ref idref="fl-10c"/>
      </object_component>
      <object_component id="oc-153">
         <name>.text.__gtsf2</name>
         <load_address>0x3bd4</load_address>
         <readonly>true</readonly>
         <executable>true</executable>
         <run_address>0x3bd4</run_address>
         <size>0x3c</size>
         <alignment>0x4</alignment>
         <input_file_ref idref="fl-116"/>
      </object_component>
      <object_component id="oc-138">
         <name>.text:__TI_auto_init_nobinit_nopinit</name>
         <load_address>0x3c10</load_address>
         <readonly>true</readonly>
         <executable>true</executable>
         <run_address>0x3c10</run_address>
         <size>0x3c</size>
         <alignment>0x4</alignment>
         <input_file_ref idref="fl-3e"/>
      </object_component>
      <object_component id="oc-14e">
         <name>.text.__eqsf2</name>
         <load_address>0x3c4c</load_address>
         <readonly>true</readonly>
         <executable>true</executable>
         <run_address>0x3c4c</run_address>
         <size>0x3a</size>
         <alignment>0x4</alignment>
         <input_file_ref idref="fl-116"/>
      </object_component>
      <object_component id="oc-f2">
         <name>.text.__muldsi3</name>
         <load_address>0x3c88</load_address>
         <readonly>true</readonly>
         <executable>true</executable>
         <run_address>0x3c88</run_address>
         <size>0x3a</size>
         <alignment>0x4</alignment>
         <input_file_ref idref="fl-104"/>
      </object_component>
      <object_component id="oc-1a4">
         <name>.text.Task1</name>
         <load_address>0x3cc4</load_address>
         <readonly>true</readonly>
         <executable>true</executable>
         <run_address>0x3cc4</run_address>
         <size>0x38</size>
         <alignment>0x4</alignment>
         <input_file_ref idref="fl-b"/>
      </object_component>
      <object_component id="oc-108">
         <name>.text.__fixsfsi</name>
         <load_address>0x3cfc</load_address>
         <readonly>true</readonly>
         <executable>true</executable>
         <run_address>0x3cfc</run_address>
         <size>0x38</size>
         <alignment>0x4</alignment>
         <input_file_ref idref="fl-109"/>
      </object_component>
      <object_component id="oc-19e">
         <name>.text.Control_Beep</name>
         <load_address>0x3d34</load_address>
         <readonly>true</readonly>
         <executable>true</executable>
         <run_address>0x3d34</run_address>
         <size>0x34</size>
         <alignment>0x4</alignment>
         <input_file_ref idref="fl-4"/>
      </object_component>
      <object_component id="oc-224">
         <name>.text.DL_GPIO_initDigitalInputFeatures</name>
         <load_address>0x3d68</load_address>
         <readonly>true</readonly>
         <executable>true</executable>
         <run_address>0x3d68</run_address>
         <size>0x34</size>
         <alignment>0x4</alignment>
         <input_file_ref idref="fl-2"/>
      </object_component>
      <object_component id="oc-1e0">
         <name>.text.SYSCFG_DL_SYSCTL_init</name>
         <load_address>0x3d9c</load_address>
         <readonly>true</readonly>
         <executable>true</executable>
         <run_address>0x3d9c</run_address>
         <size>0x32</size>
         <alignment>0x2</alignment>
         <input_file_ref idref="fl-2"/>
      </object_component>
      <object_component id="oc-8d">
         <name>.text.DL_DMA_setTransferSize</name>
         <load_address>0x3dd0</load_address>
         <readonly>true</readonly>
         <executable>true</executable>
         <run_address>0x3dd0</run_address>
         <size>0x30</size>
         <alignment>0x4</alignment>
         <input_file_ref idref="fl-c"/>
      </object_component>
      <object_component id="oc-ab">
         <name>.text.DL_DMA_setTransferSize</name>
         <load_address>0x3e00</load_address>
         <readonly>true</readonly>
         <executable>true</executable>
         <run_address>0x3e00</run_address>
         <size>0x30</size>
         <alignment>0x4</alignment>
         <input_file_ref idref="fl-e"/>
      </object_component>
      <object_component id="oc-223">
         <name>.text.DL_GPIO_initDigitalOutputFeatures</name>
         <load_address>0x3e30</load_address>
         <readonly>true</readonly>
         <executable>true</executable>
         <run_address>0x3e30</run_address>
         <size>0x30</size>
         <alignment>0x4</alignment>
         <input_file_ref idref="fl-2"/>
      </object_component>
      <object_component id="oc-256">
         <name>.text.DL_SPI_setFIFOThreshold</name>
         <load_address>0x3e60</load_address>
         <readonly>true</readonly>
         <executable>true</executable>
         <run_address>0x3e60</run_address>
         <size>0x30</size>
         <alignment>0x4</alignment>
         <input_file_ref idref="fl-2"/>
      </object_component>
      <object_component id="oc-194">
         <name>.text.__NVIC_ClearPendingIRQ</name>
         <load_address>0x3e90</load_address>
         <readonly>true</readonly>
         <executable>true</executable>
         <run_address>0x3e90</run_address>
         <size>0x2c</size>
         <alignment>0x4</alignment>
         <input_file_ref idref="fl-b"/>
      </object_component>
      <object_component id="oc-1eb">
         <name>.text.__NVIC_EnableIRQ</name>
         <load_address>0x3ebc</load_address>
         <readonly>true</readonly>
         <executable>true</executable>
         <run_address>0x3ebc</run_address>
         <size>0x2c</size>
         <alignment>0x4</alignment>
         <input_file_ref idref="fl-d"/>
      </object_component>
      <object_component id="oc-19a">
         <name>.text.__NVIC_EnableIRQ</name>
         <load_address>0x3ee8</load_address>
         <readonly>true</readonly>
         <executable>true</executable>
         <run_address>0x3ee8</run_address>
         <size>0x2c</size>
         <alignment>0x4</alignment>
         <input_file_ref idref="fl-b"/>
      </object_component>
      <object_component id="oc-1ed">
         <name>.text.__NVIC_EnableIRQ</name>
         <load_address>0x3f14</load_address>
         <readonly>true</readonly>
         <executable>true</executable>
         <run_address>0x3f14</run_address>
         <size>0x2c</size>
         <alignment>0x4</alignment>
         <input_file_ref idref="fl-e"/>
      </object_component>
      <object_component id="oc-96">
         <name>.text.__floatsidf</name>
         <load_address>0x3f40</load_address>
         <readonly>true</readonly>
         <executable>true</executable>
         <run_address>0x3f40</run_address>
         <size>0x2c</size>
         <alignment>0x4</alignment>
         <input_file_ref idref="fl-10b"/>
      </object_component>
      <object_component id="oc-26f">
         <name>.text.DL_Common_updateReg</name>
         <load_address>0x3f6c</load_address>
         <readonly>true</readonly>
         <executable>true</executable>
         <run_address>0x3f6c</run_address>
         <size>0x28</size>
         <alignment>0x2</alignment>
         <input_file_ref idref="fl-2"/>
      </object_component>
      <object_component id="oc-8c">
         <name>.text.DL_DMA_setDestAddr</name>
         <load_address>0x3f94</load_address>
         <readonly>true</readonly>
         <executable>true</executable>
         <run_address>0x3f94</run_address>
         <size>0x28</size>
         <alignment>0x4</alignment>
         <input_file_ref idref="fl-c"/>
      </object_component>
      <object_component id="oc-aa">
         <name>.text.DL_DMA_setDestAddr</name>
         <load_address>0x3fbc</load_address>
         <readonly>true</readonly>
         <executable>true</executable>
         <run_address>0x3fbc</run_address>
         <size>0x28</size>
         <alignment>0x4</alignment>
         <input_file_ref idref="fl-e"/>
      </object_component>
      <object_component id="oc-1ec">
         <name>.text.DL_DMA_setSrcAddr</name>
         <load_address>0x3fe4</load_address>
         <readonly>true</readonly>
         <executable>true</executable>
         <run_address>0x3fe4</run_address>
         <size>0x28</size>
         <alignment>0x4</alignment>
         <input_file_ref idref="fl-e"/>
      </object_component>
      <object_component id="oc-246">
         <name>.text.DL_UART_setRXFIFOThreshold</name>
         <load_address>0x400c</load_address>
         <readonly>true</readonly>
         <executable>true</executable>
         <run_address>0x400c</run_address>
         <size>0x28</size>
         <alignment>0x4</alignment>
         <input_file_ref idref="fl-2"/>
      </object_component>
      <object_component id="oc-247">
         <name>.text.DL_UART_setTXFIFOThreshold</name>
         <load_address>0x4034</load_address>
         <readonly>true</readonly>
         <executable>true</executable>
         <run_address>0x4034</run_address>
         <size>0x28</size>
         <alignment>0x4</alignment>
         <input_file_ref idref="fl-2"/>
      </object_component>
      <object_component id="oc-63">
         <name>.text:_c_int00_noargs</name>
         <load_address>0x405c</load_address>
         <readonly>true</readonly>
         <executable>true</executable>
         <run_address>0x405c</run_address>
         <size>0x28</size>
         <alignment>0x4</alignment>
         <input_file_ref idref="fl-3c"/>
      </object_component>
      <object_component id="oc-82">
         <name>.text.DL_DMA_disableChannel</name>
         <load_address>0x4084</load_address>
         <readonly>true</readonly>
         <executable>true</executable>
         <run_address>0x4084</run_address>
         <size>0x26</size>
         <alignment>0x2</alignment>
         <input_file_ref idref="fl-c"/>
      </object_component>
      <object_component id="oc-92">
         <name>.text.DL_DMA_disableChannel</name>
         <load_address>0x40aa</load_address>
         <readonly>true</readonly>
         <executable>true</executable>
         <run_address>0x40aa</run_address>
         <size>0x26</size>
         <alignment>0x2</alignment>
         <input_file_ref idref="fl-e"/>
      </object_component>
      <object_component id="oc-8e">
         <name>.text.DL_DMA_enableChannel</name>
         <load_address>0x40d0</load_address>
         <readonly>true</readonly>
         <executable>true</executable>
         <run_address>0x40d0</run_address>
         <size>0x26</size>
         <alignment>0x2</alignment>
         <input_file_ref idref="fl-c"/>
      </object_component>
      <object_component id="oc-ac">
         <name>.text.DL_DMA_enableChannel</name>
         <load_address>0x40f6</load_address>
         <readonly>true</readonly>
         <executable>true</executable>
         <run_address>0x40f6</run_address>
         <size>0x26</size>
         <alignment>0x2</alignment>
         <input_file_ref idref="fl-e"/>
      </object_component>
      <object_component id="oc-83">
         <name>.text.DL_DMA_getTransferSize</name>
         <load_address>0x411c</load_address>
         <readonly>true</readonly>
         <executable>true</executable>
         <run_address>0x411c</run_address>
         <size>0x24</size>
         <alignment>0x4</alignment>
         <input_file_ref idref="fl-c"/>
      </object_component>
      <object_component id="oc-93">
         <name>.text.DL_DMA_getTransferSize</name>
         <load_address>0x4140</load_address>
         <readonly>true</readonly>
         <executable>true</executable>
         <run_address>0x4140</run_address>
         <size>0x24</size>
         <alignment>0x4</alignment>
         <input_file_ref idref="fl-e"/>
      </object_component>
      <object_component id="oc-255">
         <name>.text.DL_SPI_setBitRateSerialClockDivider</name>
         <load_address>0x4164</load_address>
         <readonly>true</readonly>
         <executable>true</executable>
         <run_address>0x4164</run_address>
         <size>0x24</size>
         <alignment>0x4</alignment>
         <input_file_ref idref="fl-2"/>
      </object_component>
      <object_component id="oc-248">
         <name>.text.DL_UART_setRXInterruptTimeout</name>
         <load_address>0x4188</load_address>
         <readonly>true</readonly>
         <executable>true</executable>
         <run_address>0x4188</run_address>
         <size>0x24</size>
         <alignment>0x4</alignment>
         <input_file_ref idref="fl-2"/>
      </object_component>
      <object_component id="oc-1ee">
         <name>.text.PID_Init</name>
         <load_address>0x41ac</load_address>
         <readonly>true</readonly>
         <executable>true</executable>
         <run_address>0x41ac</run_address>
         <size>0x22</size>
         <alignment>0x2</alignment>
         <input_file_ref idref="fl-a"/>
      </object_component>
      <object_component id="oc-221">
         <name>.text.DL_GPIO_initPeripheralInputFunction</name>
         <load_address>0x41d0</load_address>
         <readonly>true</readonly>
         <executable>true</executable>
         <run_address>0x41d0</run_address>
         <size>0x20</size>
         <alignment>0x4</alignment>
         <input_file_ref idref="fl-2"/>
      </object_component>
      <object_component id="oc-1a3">
         <name>.text.Motor_On</name>
         <load_address>0x41f0</load_address>
         <readonly>true</readonly>
         <executable>true</executable>
         <run_address>0x41f0</run_address>
         <size>0x20</size>
         <alignment>0x4</alignment>
         <input_file_ref idref="fl-8"/>
      </object_component>
      <object_component id="oc-6e">
         <name>.text.My_Delay_MS</name>
         <load_address>0x4210</load_address>
         <readonly>true</readonly>
         <executable>true</executable>
         <run_address>0x4210</run_address>
         <size>0x20</size>
         <alignment>0x4</alignment>
         <input_file_ref idref="fl-6"/>
      </object_component>
      <object_component id="oc-12e">
         <name>.text.TASK_LOOP</name>
         <load_address>0x4230</load_address>
         <readonly>true</readonly>
         <executable>true</executable>
         <run_address>0x4230</run_address>
         <size>0x20</size>
         <alignment>0x4</alignment>
         <input_file_ref idref="fl-b"/>
      </object_component>
      <object_component id="oc-241">
         <name>.text.DL_UART_setOversampling</name>
         <load_address>0x4250</load_address>
         <readonly>true</readonly>
         <executable>true</executable>
         <run_address>0x4250</run_address>
         <size>0x1e</size>
         <alignment>0x2</alignment>
         <input_file_ref idref="fl-2"/>
      </object_component>
      <object_component id="oc-113">
         <name>.text.ClearXunValue</name>
         <load_address>0x4270</load_address>
         <readonly>true</readonly>
         <executable>true</executable>
         <run_address>0x4270</run_address>
         <size>0x1c</size>
         <alignment>0x4</alignment>
         <input_file_ref idref="fl-7"/>
      </object_component>
      <object_component id="oc-6c">
         <name>.text.DL_GPIO_clearInterruptStatus</name>
         <load_address>0x428c</load_address>
         <readonly>true</readonly>
         <executable>true</executable>
         <run_address>0x428c</run_address>
         <size>0x1c</size>
         <alignment>0x4</alignment>
         <input_file_ref idref="fl-9"/>
      </object_component>
      <object_component id="oc-229">
         <name>.text.DL_GPIO_clearInterruptStatus</name>
         <load_address>0x42a8</load_address>
         <readonly>true</readonly>
         <executable>true</executable>
         <run_address>0x42a8</run_address>
         <size>0x1c</size>
         <alignment>0x4</alignment>
         <input_file_ref idref="fl-2"/>
      </object_component>
      <object_component id="oc-22a">
         <name>.text.DL_GPIO_enableInterrupt</name>
         <load_address>0x42c4</load_address>
         <readonly>true</readonly>
         <executable>true</executable>
         <run_address>0x42c4</run_address>
         <size>0x1c</size>
         <alignment>0x4</alignment>
         <input_file_ref idref="fl-2"/>
      </object_component>
      <object_component id="oc-21f">
         <name>.text.DL_GPIO_initPeripheralOutputFunction</name>
         <load_address>0x42e0</load_address>
         <readonly>true</readonly>
         <executable>true</executable>
         <run_address>0x42e0</run_address>
         <size>0x1c</size>
         <alignment>0x4</alignment>
         <input_file_ref idref="fl-2"/>
      </object_component>
      <object_component id="oc-227">
         <name>.text.DL_GPIO_setLowerPinsPolarity</name>
         <load_address>0x42fc</load_address>
         <readonly>true</readonly>
         <executable>true</executable>
         <run_address>0x42fc</run_address>
         <size>0x1c</size>
         <alignment>0x4</alignment>
         <input_file_ref idref="fl-2"/>
      </object_component>
      <object_component id="oc-230">
         <name>.text.DL_SYSCTL_setMCLKDivider</name>
         <load_address>0x4318</load_address>
         <readonly>true</readonly>
         <executable>true</executable>
         <run_address>0x4318</run_address>
         <size>0x1c</size>
         <alignment>0x4</alignment>
         <input_file_ref idref="fl-2"/>
      </object_component>
      <object_component id="oc-22c">
         <name>.text.DL_SYSCTL_setSYSOSCFreq</name>
         <load_address>0x4334</load_address>
         <readonly>true</readonly>
         <executable>true</executable>
         <run_address>0x4334</run_address>
         <size>0x1c</size>
         <alignment>0x4</alignment>
         <input_file_ref idref="fl-2"/>
      </object_component>
      <object_component id="oc-22f">
         <name>.text.DL_SYSCTL_setULPCLKDivider</name>
         <load_address>0x4350</load_address>
         <readonly>true</readonly>
         <executable>true</executable>
         <run_address>0x4350</run_address>
         <size>0x1c</size>
         <alignment>0x4</alignment>
         <input_file_ref idref="fl-2"/>
      </object_component>
      <object_component id="oc-23c">
         <name>.text.DL_Timer_enableInterrupt</name>
         <load_address>0x436c</load_address>
         <readonly>true</readonly>
         <executable>true</executable>
         <run_address>0x436c</run_address>
         <size>0x1c</size>
         <alignment>0x4</alignment>
         <input_file_ref idref="fl-2"/>
      </object_component>
      <object_component id="oc-236">
         <name>.text.DL_Timer_setCaptCompUpdateMethod</name>
         <load_address>0x4388</load_address>
         <readonly>true</readonly>
         <executable>true</executable>
         <run_address>0x4388</run_address>
         <size>0x1c</size>
         <alignment>0x4</alignment>
         <input_file_ref idref="fl-20"/>
      </object_component>
      <object_component id="oc-232">
         <name>.text.DL_Timer_setClockConfig</name>
         <load_address>0x43a4</load_address>
         <readonly>true</readonly>
         <executable>true</executable>
         <run_address>0x43a4</run_address>
         <size>0x1c</size>
         <alignment>0x4</alignment>
         <input_file_ref idref="fl-20"/>
      </object_component>
      <object_component id="oc-243">
         <name>.text.DL_UART_enableInterrupt</name>
         <load_address>0x43c0</load_address>
         <readonly>true</readonly>
         <executable>true</executable>
         <run_address>0x43c0</run_address>
         <size>0x1c</size>
         <alignment>0x4</alignment>
         <input_file_ref idref="fl-2"/>
      </object_component>
      <object_component id="oc-220">
         <name>.text.DL_GPIO_enableOutput</name>
         <load_address>0x43dc</load_address>
         <readonly>true</readonly>
         <executable>true</executable>
         <run_address>0x43dc</run_address>
         <size>0x18</size>
         <alignment>0x4</alignment>
         <input_file_ref idref="fl-2"/>
      </object_component>
      <object_component id="oc-217">
         <name>.text.DL_GPIO_enablePower</name>
         <load_address>0x43f4</load_address>
         <readonly>true</readonly>
         <executable>true</executable>
         <run_address>0x43f4</run_address>
         <size>0x18</size>
         <alignment>0x4</alignment>
         <input_file_ref idref="fl-2"/>
      </object_component>
      <object_component id="oc-6a">
         <name>.text.DL_GPIO_getEnabledInterruptStatus</name>
         <load_address>0x440c</load_address>
         <readonly>true</readonly>
         <executable>true</executable>
         <run_address>0x440c</run_address>
         <size>0x18</size>
         <alignment>0x4</alignment>
         <input_file_ref idref="fl-9"/>
      </object_component>
      <object_component id="oc-222">
         <name>.text.DL_GPIO_initDigitalOutput</name>
         <load_address>0x4424</load_address>
         <readonly>true</readonly>
         <executable>true</executable>
         <run_address>0x4424</run_address>
         <size>0x18</size>
         <alignment>0x4</alignment>
         <input_file_ref idref="fl-2"/>
      </object_component>
      <object_component id="oc-213">
         <name>.text.DL_GPIO_reset</name>
         <load_address>0x443c</load_address>
         <readonly>true</readonly>
         <executable>true</executable>
         <run_address>0x443c</run_address>
         <size>0x18</size>
         <alignment>0x4</alignment>
         <input_file_ref idref="fl-2"/>
      </object_component>
      <object_component id="oc-1ef">
         <name>.text.DL_GPIO_setPins</name>
         <load_address>0x4454</load_address>
         <readonly>true</readonly>
         <executable>true</executable>
         <run_address>0x4454</run_address>
         <size>0x18</size>
         <alignment>0x4</alignment>
         <input_file_ref idref="fl-4"/>
      </object_component>
      <object_component id="oc-e3">
         <name>.text.DL_GPIO_setPins</name>
         <load_address>0x446c</load_address>
         <readonly>true</readonly>
         <executable>true</executable>
         <run_address>0x446c</run_address>
         <size>0x18</size>
         <alignment>0x4</alignment>
         <input_file_ref idref="fl-5"/>
      </object_component>
      <object_component id="oc-161">
         <name>.text.DL_GPIO_setPins</name>
         <load_address>0x4484</load_address>
         <readonly>true</readonly>
         <executable>true</executable>
         <run_address>0x4484</run_address>
         <size>0x18</size>
         <alignment>0x4</alignment>
         <input_file_ref idref="fl-8"/>
      </object_component>
      <object_component id="oc-226">
         <name>.text.DL_GPIO_setPins</name>
         <load_address>0x449c</load_address>
         <readonly>true</readonly>
         <executable>true</executable>
         <run_address>0x449c</run_address>
         <size>0x18</size>
         <alignment>0x4</alignment>
         <input_file_ref idref="fl-2"/>
      </object_component>
      <object_component id="oc-228">
         <name>.text.DL_GPIO_setUpperPinsPolarity</name>
         <load_address>0x44b4</load_address>
         <readonly>true</readonly>
         <executable>true</executable>
         <run_address>0x44b4</run_address>
         <size>0x18</size>
         <alignment>0x2</alignment>
         <input_file_ref idref="fl-2"/>
      </object_component>
      <object_component id="oc-e5">
         <name>.text.DL_GPIO_togglePins</name>
         <load_address>0x44cc</load_address>
         <readonly>true</readonly>
         <executable>true</executable>
         <run_address>0x44cc</run_address>
         <size>0x18</size>
         <alignment>0x4</alignment>
         <input_file_ref idref="fl-5"/>
      </object_component>
      <object_component id="oc-257">
         <name>.text.DL_SPI_enable</name>
         <load_address>0x44e4</load_address>
         <readonly>true</readonly>
         <executable>true</executable>
         <run_address>0x44e4</run_address>
         <size>0x18</size>
         <alignment>0x4</alignment>
         <input_file_ref idref="fl-2"/>
      </object_component>
      <object_component id="oc-21a">
         <name>.text.DL_SPI_enablePower</name>
         <load_address>0x44fc</load_address>
         <readonly>true</readonly>
         <executable>true</executable>
         <run_address>0x44fc</run_address>
         <size>0x18</size>
         <alignment>0x4</alignment>
         <input_file_ref idref="fl-2"/>
      </object_component>
      <object_component id="oc-216">
         <name>.text.DL_SPI_reset</name>
         <load_address>0x4514</load_address>
         <readonly>true</readonly>
         <executable>true</executable>
         <run_address>0x4514</run_address>
         <size>0x18</size>
         <alignment>0x4</alignment>
         <input_file_ref idref="fl-2"/>
      </object_component>
      <object_component id="oc-22b">
         <name>.text.DL_SYSCTL_setBORThreshold</name>
         <load_address>0x452c</load_address>
         <readonly>true</readonly>
         <executable>true</executable>
         <run_address>0x452c</run_address>
         <size>0x18</size>
         <alignment>0x4</alignment>
         <input_file_ref idref="fl-2"/>
      </object_component>
      <object_component id="oc-218">
         <name>.text.DL_Timer_enablePower</name>
         <load_address>0x4544</load_address>
         <readonly>true</readonly>
         <executable>true</executable>
         <run_address>0x4544</run_address>
         <size>0x18</size>
         <alignment>0x4</alignment>
         <input_file_ref idref="fl-2"/>
      </object_component>
      <object_component id="oc-214">
         <name>.text.DL_Timer_reset</name>
         <load_address>0x455c</load_address>
         <readonly>true</readonly>
         <executable>true</executable>
         <run_address>0x455c</run_address>
         <size>0x18</size>
         <alignment>0x4</alignment>
         <input_file_ref idref="fl-2"/>
      </object_component>
      <object_component id="oc-235">
         <name>.text.DL_Timer_setCaptureCompareOutCtl</name>
         <load_address>0x4574</load_address>
         <readonly>true</readonly>
         <executable>true</executable>
         <run_address>0x4574</run_address>
         <size>0x18</size>
         <alignment>0x4</alignment>
         <input_file_ref idref="fl-20"/>
      </object_component>
      <object_component id="oc-19b">
         <name>.text.DL_Timer_startCounter</name>
         <load_address>0x458c</load_address>
         <readonly>true</readonly>
         <executable>true</executable>
         <run_address>0x458c</run_address>
         <size>0x18</size>
         <alignment>0x4</alignment>
         <input_file_ref idref="fl-b"/>
      </object_component>
      <object_component id="oc-244">
         <name>.text.DL_UART_enableDMAReceiveEvent</name>
         <load_address>0x45a4</load_address>
         <readonly>true</readonly>
         <executable>true</executable>
         <run_address>0x45a4</run_address>
         <size>0x18</size>
         <alignment>0x4</alignment>
         <input_file_ref idref="fl-2"/>
      </object_component>
      <object_component id="oc-245">
         <name>.text.DL_UART_enableFIFOs</name>
         <load_address>0x45bc</load_address>
         <readonly>true</readonly>
         <executable>true</executable>
         <run_address>0x45bc</run_address>
         <size>0x18</size>
         <alignment>0x2</alignment>
         <input_file_ref idref="fl-2"/>
      </object_component>
      <object_component id="oc-219">
         <name>.text.DL_UART_enablePower</name>
         <load_address>0x45d4</load_address>
         <readonly>true</readonly>
         <executable>true</executable>
         <run_address>0x45d4</run_address>
         <size>0x18</size>
         <alignment>0x4</alignment>
         <input_file_ref idref="fl-2"/>
      </object_component>
      <object_component id="oc-84">
         <name>.text.DL_UART_isRXFIFOEmpty</name>
         <load_address>0x45ec</load_address>
         <readonly>true</readonly>
         <executable>true</executable>
         <run_address>0x45ec</run_address>
         <size>0x18</size>
         <alignment>0x4</alignment>
         <input_file_ref idref="fl-c"/>
      </object_component>
      <object_component id="oc-94">
         <name>.text.DL_UART_isRXFIFOEmpty</name>
         <load_address>0x4604</load_address>
         <readonly>true</readonly>
         <executable>true</executable>
         <run_address>0x4604</run_address>
         <size>0x18</size>
         <alignment>0x4</alignment>
         <input_file_ref idref="fl-e"/>
      </object_component>
      <object_component id="oc-215">
         <name>.text.DL_UART_reset</name>
         <load_address>0x461c</load_address>
         <readonly>true</readonly>
         <executable>true</executable>
         <run_address>0x461c</run_address>
         <size>0x18</size>
         <alignment>0x4</alignment>
         <input_file_ref idref="fl-2"/>
      </object_component>
      <object_component id="oc-f7">
         <name>.text.Get_QEI_FL</name>
         <load_address>0x4634</load_address>
         <readonly>true</readonly>
         <executable>true</executable>
         <run_address>0x4634</run_address>
         <size>0x18</size>
         <alignment>0x4</alignment>
         <input_file_ref idref="fl-9"/>
      </object_component>
      <object_component id="oc-25a">
         <name>.text.SYSCFG_DL_DMA_K230_init</name>
         <load_address>0x464c</load_address>
         <readonly>true</readonly>
         <executable>true</executable>
         <run_address>0x464c</run_address>
         <size>0x18</size>
         <alignment>0x4</alignment>
         <input_file_ref idref="fl-2"/>
      </object_component>
      <object_component id="oc-25b">
         <name>.text.SYSCFG_DL_DMA_WIT_init</name>
         <load_address>0x4664</load_address>
         <readonly>true</readonly>
         <executable>true</executable>
         <run_address>0x4664</run_address>
         <size>0x18</size>
         <alignment>0x4</alignment>
         <input_file_ref idref="fl-2"/>
      </object_component>
      <object_component id="oc-167">
         <name>.text.DL_GPIO_readPins</name>
         <load_address>0x467c</load_address>
         <readonly>true</readonly>
         <executable>true</executable>
         <run_address>0x467c</run_address>
         <size>0x16</size>
         <alignment>0x2</alignment>
         <input_file_ref idref="fl-7"/>
      </object_component>
      <object_component id="oc-6b">
         <name>.text.DL_GPIO_readPins</name>
         <load_address>0x4692</load_address>
         <readonly>true</readonly>
         <executable>true</executable>
         <run_address>0x4692</run_address>
         <size>0x16</size>
         <alignment>0x2</alignment>
         <input_file_ref idref="fl-9"/>
      </object_component>
      <object_component id="oc-249">
         <name>.text.DL_UART_enable</name>
         <load_address>0x46a8</load_address>
         <readonly>true</readonly>
         <executable>true</executable>
         <run_address>0x46a8</run_address>
         <size>0x16</size>
         <alignment>0x2</alignment>
         <input_file_ref idref="fl-2"/>
      </object_component>
      <object_component id="oc-195">
         <name>.text.NVIC_INIT</name>
         <load_address>0x46be</load_address>
         <readonly>true</readonly>
         <executable>true</executable>
         <run_address>0x46be</run_address>
         <size>0x16</size>
         <alignment>0x2</alignment>
         <input_file_ref idref="fl-d"/>
      </object_component>
      <object_component id="oc-1d5">
         <name>.text.OUTLINED_FUNCTION_0</name>
         <load_address>0x46d4</load_address>
         <readonly>true</readonly>
         <executable>true</executable>
         <run_address>0x46d4</run_address>
         <size>0x16</size>
         <alignment>0x2</alignment>
         <input_file_ref idref="fl-3b"/>
      </object_component>
      <object_component id="oc-2c3">
         <name>.tramp.__aeabi_dadd.1</name>
         <load_address>0x46ec</load_address>
         <readonly>true</readonly>
         <executable>true</executable>
         <run_address>0x46ec</run_address>
         <size>0x10</size>
         <alignment>0x4</alignment>
         <input_file_ref idref="fl-102"/>
      </object_component>
      <object_component id="oc-5a">
         <name>.text:decompress:ZI:__TI_zero_init_nomemset</name>
         <load_address>0x46fc</load_address>
         <readonly>true</readonly>
         <executable>true</executable>
         <run_address>0x46fc</run_address>
         <size>0x16</size>
         <alignment>0x2</alignment>
         <input_file_ref idref="fl-41"/>
      </object_component>
      <object_component id="oc-1f0">
         <name>.text.DL_GPIO_clearPins</name>
         <load_address>0x4712</load_address>
         <readonly>true</readonly>
         <executable>true</executable>
         <run_address>0x4712</run_address>
         <size>0x14</size>
         <alignment>0x2</alignment>
         <input_file_ref idref="fl-4"/>
      </object_component>
      <object_component id="oc-e4">
[...]
         <value>0x202000f0</value>
      </symbol>
      <symbol id="sm-212">
         <name>PID_SetTaget</name>
         <value>0x4869</value>
         <object_component_ref idref="oc-261"/>
      </symbol>
      <symbol id="sm-213">
         <name>PID_Update_FL</name>
         <value>0x2111</value>
         <object_component_ref idref="oc-b0"/>
      </symbol>
      <symbol id="sm-214">
         <name>PID_Update_FR</name>
         <value>0x2261</value>
         <object_component_ref idref="oc-b5"/>
      </symbol>
      <symbol id="sm-215">
         <name>PID_Update_BL</name>
         <value>0x1e71</value>
         <object_component_ref idref="oc-b6"/>
      </symbol>
      <symbol id="sm-216">
         <name>PID_Update_BR</name>
         <value>0x1fc1</value>
         <object_component_ref idref="oc-b7"/>
      </symbol>
      <symbol id="sm-217">
         <name>PID_Update_Yaw</name>
         <value>0x17f5</value>
         <object_component_ref idref="oc-bd"/>
      </symbol>
      <symbol id="sm-218">
         <name>PID_Update_Xunji</name>
         <value>0x2979</value>
         <object_component_ref idref="oc-25c"/>
      </symbol>
      <symbol id="sm-219">
         <name>PID_Yaw</name>
         <value>0x202001c0</value>
      </symbol>
      <symbol id="sm-21a">
         <name>PID_Turn</name>
         <value>0x2020018c</value>
      </symbol>
      <symbol id="sm-236">
         <name>Task1</name>
         <value>0x3cc5</value>
         <object_component_ref idref="oc-1a4"/>
      </symbol>
      <symbol id="sm-237">
         <name>i</name>
         <value>0x202002c0</value>
         <object_component_ref idref="oc-1f4"/>
      </symbol>
      <symbol id="sm-238">
         <name>Flag</name>
         <value>0x20200288</value>
         <object_component_ref idref="oc-7e"/>
      </symbol>
      <symbol id="sm-239">
         <name>TASK_INIT</name>
         <value>0x3949</value>
         <object_component_ref idref="oc-12c"/>
      </symbol>
      <symbol id="sm-23a">
         <name>TASK_LOOP</name>
         <value>0x4231</value>
         <object_component_ref idref="oc-12e"/>
      </symbol>
      <symbol id="sm-25e">
         <name>k230_dmaBuffer</name>
         <value>0x2020023d</value>
      </symbol>
      <symbol id="sm-25f">
         <name>UART1_IRQHandler</name>
         <value>0x30e1</value>
         <object_component_ref idref="oc-39"/>
      </symbol>
      <symbol id="sm-26c">
         <name>NVIC_INIT</name>
         <value>0x46bf</value>
         <object_component_ref idref="oc-195"/>
      </symbol>
      <symbol id="sm-26d">
         <name>Xunji</name>
         <value>0x20200270</value>
         <object_component_ref idref="oc-165"/>
      </symbol>
      <symbol id="sm-29f">
         <name>YawInit</name>
         <value>0x47c9</value>
         <object_component_ref idref="oc-6d"/>
      </symbol>
      <symbol id="sm-2a0">
         <name>wit_data</name>
         <value>0x2020024c</value>
         <object_component_ref idref="oc-7d"/>
      </symbol>
      <symbol id="sm-2a1">
         <name>WIT_Init</name>
         <value>0x39d5</value>
         <object_component_ref idref="oc-199"/>
      </symbol>
      <symbol id="sm-2a2">
         <name>wit_dmaBuffer</name>
         <value>0x2020021c</value>
      </symbol>
      <symbol id="sm-2a3">
         <name>UART0_IRQHandler</name>
         <value>0xf09</value>
         <object_component_ref idref="oc-3e"/>
      </symbol>
      <symbol id="sm-2a4">
         <name>__TI_ATRegion0_src_addr</name>
         <value>0x0</value>
      </symbol>
      <symbol id="sm-2a5">
         <name>__TI_ATRegion0_trg_addr</name>
         <value>0x0</value>
      </symbol>
      <symbol id="sm-2a6">
         <name>__TI_ATRegion0_region_sz</name>
         <value>0x0</value>
      </symbol>
      <symbol id="sm-2a7">
         <name>__TI_ATRegion1_src_addr</name>
         <value>0x0</value>
      </symbol>
      <symbol id="sm-2a8">
         <name>__TI_ATRegion1_trg_addr</name>
         <value>0x0</value>
      </symbol>
      <symbol id="sm-2a9">
         <name>__TI_ATRegion1_region_sz</name>
         <value>0x0</value>
      </symbol>
      <symbol id="sm-2aa">
         <name>__TI_ATRegion2_src_addr</name>
         <value>0x0</value>
      </symbol>
      <symbol id="sm-2ab">
         <name>__TI_ATRegion2_trg_addr</name>
         <value>0x0</value>
      </symbol>
      <symbol id="sm-2ac">
         <name>__TI_ATRegion2_region_sz</name>
         <value>0x0</value>
      </symbol>
      <symbol id="sm-2b5">
         <name>DL_Common_delayCycles</name>
         <value>0x48b3</value>
         <object_component_ref idref="oc-21b"/>
      </symbol>
      <symbol id="sm-2bf">
         <name>DL_DMA_initChannel</name>
         <value>0x381d</value>
         <object_component_ref idref="oc-272"/>
      </symbol>
      <symbol id="sm-2cc">
         <name>DL_SPI_init</name>
         <value>0x3991</value>
         <object_component_ref idref="oc-254"/>
      </symbol>
      <symbol id="sm-2cd">
         <name>DL_SPI_setClockConfig</name>
         <value>0x47f1</value>
         <object_component_ref idref="oc-24e"/>
      </symbol>
      <symbol id="sm-2e9">
         <name>DL_Timer_setClockConfig</name>
         <value>0x43a5</value>
         <object_component_ref idref="oc-232"/>
      </symbol>
      <symbol id="sm-2ea">
         <name>DL_Timer_initTimerMode</name>
         <value>0x2c89</value>
         <object_component_ref idref="oc-23b"/>
      </symbol>
      <symbol id="sm-2eb">
         <name>DL_Timer_setCaptureCompareValue</name>
         <value>0x4849</value>
         <object_component_ref idref="oc-15a"/>
      </symbol>
      <symbol id="sm-2ec">
         <name>DL_Timer_setCaptCompUpdateMethod</name>
         <value>0x4389</value>
         <object_component_ref idref="oc-236"/>
      </symbol>
      <symbol id="sm-2ed">
         <name>DL_Timer_setCaptureCompareOutCtl</name>
         <value>0x4575</value>
         <object_component_ref idref="oc-235"/>
      </symbol>
      <symbol id="sm-2ee">
         <name>DL_Timer_initFourCCPWMMode</name>
         <value>0x2a81</value>
         <object_component_ref idref="oc-233"/>
      </symbol>
      <symbol id="sm-2fe">
         <name>DL_UART_init</name>
         <value>0x3901</value>
         <object_component_ref idref="oc-240"/>
      </symbol>
      <symbol id="sm-2ff">
         <name>DL_UART_setClockConfig</name>
         <value>0x4803</value>
         <object_component_ref idref="oc-23f"/>
      </symbol>
      <symbol id="sm-300">
         <name>DL_UART_drainRXFIFO</name>
         <value>0x3775</value>
         <object_component_ref idref="oc-86"/>
      </symbol>
      <symbol id="sm-320">
         <name>sin</name>
         <value>0x705</value>
         <object_component_ref idref="oc-11b"/>
      </symbol>
      <symbol id="sm-321">
         <name>sinl</name>
         <value>0x705</value>
         <object_component_ref idref="oc-11b"/>
      </symbol>
      <symbol id="sm-33f">
         <name>__kernel_rem_pio2</name>
         <value>0xc1</value>
         <object_component_ref idref="oc-17a"/>
      </symbol>
      <symbol id="sm-34a">
         <name>_c_int00_noargs</name>
         <value>0x405d</value>
         <object_component_ref idref="oc-63"/>
      </symbol>
      <symbol id="sm-34b">
         <name>__stack</name>
         <value>0x20203e00</value>
         <object_component_ref idref="oc-1a"/>
      </symbol>
      <symbol id="sm-35a">
         <name>__TI_auto_init_nobinit_nopinit</name>
         <value>0x3c11</value>
         <object_component_ref idref="oc-138"/>
      </symbol>
      <symbol id="sm-362">
         <name>_system_pre_init</name>
         <value>0x493d</value>
         <object_component_ref idref="oc-d1"/>
      </symbol>
      <symbol id="sm-36d">
         <name>__TI_zero_init_nomemset</name>
         <value>0x46fd</value>
         <object_component_ref idref="oc-5a"/>
      </symbol>
      <symbol id="sm-376">
         <name>__TI_decompress_none</name>
         <value>0x4827</value>
         <object_component_ref idref="oc-20"/>
      </symbol>
      <symbol id="sm-381">
         <name>__TI_decompress_lzss</name>
         <value>0x3329</value>
         <object_component_ref idref="oc-1c"/>
      </symbol>
      <symbol id="sm-38f">
         <name>__kernel_cos</name>
         <value>0x23b1</value>
         <object_component_ref idref="oc-180"/>
      </symbol>
      <symbol id="sm-39d">
         <name>__kernel_sin</name>
         <value>0x1d09</value>
         <object_component_ref idref="oc-169"/>
      </symbol>
      <symbol id="sm-3a7">
         <name>floor</name>
         <value>0x2501</value>
         <object_component_ref idref="oc-1cf"/>
      </symbol>
      <symbol id="sm-3a8">
         <name>floorl</name>
         <value>0x2501</value>
         <object_component_ref idref="oc-1cf"/>
      </symbol>
      <symbol id="sm-3b2">
         <name>scalbn</name>
         <value>0x2f31</value>
         <object_component_ref idref="oc-1cb"/>
      </symbol>
      <symbol id="sm-3b3">
         <name>ldexp</name>
         <value>0x2f31</value>
         <object_component_ref idref="oc-1cb"/>
      </symbol>
      <symbol id="sm-3b4">
         <name>scalbnl</name>
         <value>0x2f31</value>
         <object_component_ref idref="oc-1cb"/>
      </symbol>
      <symbol id="sm-3b5">
         <name>ldexpl</name>
         <value>0x2f31</value>
         <object_component_ref idref="oc-1cb"/>
      </symbol>
      <symbol id="sm-3c0">
         <name>__aeabi_errno_addr</name>
         <value>0x48d1</value>
         <object_component_ref idref="oc-208"/>
      </symbol>
      <symbol id="sm-3c1">
         <name>__aeabi_errno</name>
         <value>0x202002b4</value>
         <object_component_ref idref="oc-268"/>
      </symbol>
      <symbol id="sm-3cb">
         <name>abort</name>
         <value>0x4911</value>
         <object_component_ref idref="oc-131"/>
      </symbol>
      <symbol id="sm-3df">
         <name>HOSTexit</name>
         <value>0x491b</value>
         <object_component_ref idref="oc-1a5"/>
      </symbol>
      <symbol id="sm-3e0">
         <name>C$$EXIT</name>
         <value>0x491a</value>
         <object_component_ref idref="oc-1a5"/>
      </symbol>
      <symbol id="sm-3f0">
         <name>__aeabi_fadd</name>
         <value>0x3013</value>
         <object_component_ref idref="oc-fc"/>
      </symbol>
      <symbol id="sm-3f1">
         <name>__addsf3</name>
         <value>0x3013</value>
         <object_component_ref idref="oc-fc"/>
      </symbol>
      <symbol id="sm-3f2">
         <name>__aeabi_fsub</name>
         <value>0x3009</value>
         <object_component_ref idref="oc-fc"/>
      </symbol>
      <symbol id="sm-3f3">
         <name>__subsf3</name>
         <value>0x3009</value>
         <object_component_ref idref="oc-fc"/>
      </symbol>
      <symbol id="sm-3f9">
         <name>__aeabi_dadd</name>
         <value>0x1b7f</value>
         <object_component_ref idref="oc-f8"/>
      </symbol>
      <symbol id="sm-3fa">
         <name>__adddf3</name>
         <value>0x1b7f</value>
         <object_component_ref idref="oc-f8"/>
      </symbol>
      <symbol id="sm-3fb">
         <name>__aeabi_dsub</name>
         <value>0x1b75</value>
         <object_component_ref idref="oc-f8"/>
      </symbol>
      <symbol id="sm-3fc">
         <name>__subdf3</name>
         <value>0x1b75</value>
         <object_component_ref idref="oc-f8"/>
      </symbol>
      <symbol id="sm-408">
         <name>__aeabi_dmul</name>
         <value>0x2d71</value>
         <object_component_ref idref="oc-a6"/>
      </symbol>
      <symbol id="sm-409">
         <name>__muldf3</name>
         <value>0x2d71</value>
         <object_component_ref idref="oc-a6"/>
      </symbol>
      <symbol id="sm-412">
         <name>__muldsi3</name>
         <value>0x3c89</value>
         <object_component_ref idref="oc-f2"/>
      </symbol>
      <symbol id="sm-418">
         <name>__aeabi_fmul</name>
         <value>0x3219</value>
         <object_component_ref idref="oc-100"/>
      </symbol>
      <symbol id="sm-419">
         <name>__mulsf3</name>
         <value>0x3219</value>
         <object_component_ref idref="oc-100"/>
      </symbol>
      <symbol id="sm-41f">
         <name>__aeabi_ddiv</name>
         <value>0x2761</value>
         <object_component_ref idref="oc-9a"/>
      </symbol>
      <symbol id="sm-420">
         <name>__divdf3</name>
         <value>0x2761</value>
         <object_component_ref idref="oc-9a"/>
      </symbol>
      <symbol id="sm-426">
         <name>__aeabi_f2d</name>
         <value>0x3b1d</value>
         <object_component_ref idref="oc-117"/>
      </symbol>
      <symbol id="sm-427">
         <name>__extendsfdf2</name>
         <value>0x3b1d</value>
         <object_component_ref idref="oc-117"/>
      </symbol>
      <symbol id="sm-42d">
         <name>__aeabi_d2iz</name>
         <value>0x38b5</value>
         <object_component_ref idref="oc-9e"/>
      </symbol>
      <symbol id="sm-42e">
         <name>__fixdfsi</name>
         <value>0x38b5</value>
         <object_component_ref idref="oc-9e"/>
      </symbol>
      <symbol id="sm-434">
         <name>__aeabi_f2iz</name>
         <value>0x3cfd</value>
         <object_component_ref idref="oc-108"/>
      </symbol>
      <symbol id="sm-435">
         <name>__fixsfsi</name>
         <value>0x3cfd</value>
         <object_component_ref idref="oc-108"/>
      </symbol>
      <symbol id="sm-43b">
         <name>__aeabi_d2uiz</name>
         <value>0x3a19</value>
         <object_component_ref idref="oc-156"/>
      </symbol>
      <symbol id="sm-43c">
         <name>__fixunsdfsi</name>
         <value>0x3a19</value>
         <object_component_ref idref="oc-156"/>
      </symbol>
      <symbol id="sm-442">
         <name>__aeabi_i2d</name>
         <value>0x3f41</value>
         <object_component_ref idref="oc-96"/>
      </symbol>
      <symbol id="sm-443">
         <name>__floatsidf</name>
         <value>0x3f41</value>
         <object_component_ref idref="oc-96"/>
      </symbol>
      <symbol id="sm-449">
         <name>__aeabi_i2f</name>
         <value>0x3b99</value>
         <object_component_ref idref="oc-25d"/>
      </symbol>
      <symbol id="sm-44a">
         <name>__floatsisf</name>
         <value>0x3b99</value>
         <object_component_ref idref="oc-25d"/>
      </symbol>
      <symbol id="sm-451">
         <name>__aeabi_d2f</name>
         <value>0x3511</value>
         <object_component_ref idref="oc-a2"/>
      </symbol>
      <symbol id="sm-452">
         <name>__truncdfsf2</name>
         <value>0x3511</value>
         <object_component_ref idref="oc-a2"/>
      </symbol>
      <symbol id="sm-458">
         <name>__aeabi_dcmpeq</name>
         <value>0x3655</value>
         <object_component_ref idref="oc-176"/>
      </symbol>
      <symbol id="sm-459">
         <name>__aeabi_dcmplt</name>
         <value>0x3669</value>
         <object_component_ref idref="oc-176"/>
      </symbol>
      <symbol id="sm-45a">
         <name>__aeabi_dcmple</name>
         <value>0x367d</value>
         <object_component_ref idref="oc-176"/>
      </symbol>
      <symbol id="sm-45b">
         <name>__aeabi_dcmpge</name>
         <value>0x3691</value>
         <object_component_ref idref="oc-176"/>
      </symbol>
      <symbol id="sm-45c">
         <name>__aeabi_dcmpgt</name>
         <value>0x36a5</value>
         <object_component_ref idref="oc-176"/>
      </symbol>
      <symbol id="sm-462">
         <name>__aeabi_fcmpeq</name>
         <value>0x36b9</value>
         <object_component_ref idref="oc-104"/>
      </symbol>
      <symbol id="sm-463">
         <name>__aeabi_fcmplt</name>
         <value>0x36cd</value>
         <object_component_ref idref="oc-104"/>
      </symbol>
      <symbol id="sm-464">
         <name>__aeabi_fcmple</name>
         <value>0x36e1</value>
         <object_component_ref idref="oc-104"/>
      </symbol>
      <symbol id="sm-465">
         <name>__aeabi_fcmpge</name>
         <value>0x36f5</value>
         <object_component_ref idref="oc-104"/>
      </symbol>
      <symbol id="sm-466">
         <name>__aeabi_fcmpgt</name>
         <value>0x3709</value>
         <object_component_ref idref="oc-104"/>
      </symbol>
      <symbol id="sm-46c">
         <name>__aeabi_idiv</name>
         <value>0x371d</value>
         <object_component_ref idref="oc-1c6"/>
      </symbol>
      <symbol id="sm-46d">
         <name>__aeabi_idivmod</name>
         <value>0x371d</value>
         <object_component_ref idref="oc-1c6"/>
      </symbol>
      <symbol id="sm-473">
         <name>__aeabi_memcpy</name>
         <value>0x48d9</value>
         <object_component_ref idref="oc-53"/>
      </symbol>
      <symbol id="sm-474">
         <name>__aeabi_memcpy4</name>
         <value>0x48d9</value>
         <object_component_ref idref="oc-53"/>
      </symbol>
      <symbol id="sm-475">
         <name>__aeabi_memcpy8</name>
         <value>0x48d9</value>
         <object_component_ref idref="oc-53"/>
      </symbol>
      <symbol id="sm-47e">
         <name>__eqsf2</name>
         <value>0x3c4d</value>
         <object_component_ref idref="oc-14e"/>
      </symbol>
      <symbol id="sm-47f">
         <name>__lesf2</name>
         <value>0x3c4d</value>
         <object_component_ref idref="oc-14e"/>
      </symbol>
      <symbol id="sm-480">
         <name>__ltsf2</name>
         <value>0x3c4d</value>
         <object_component_ref idref="oc-14e"/>
      </symbol>
      <symbol id="sm-481">
         <name>__nesf2</name>
         <value>0x3c4d</value>
         <object_component_ref idref="oc-14e"/>
      </symbol>
      <symbol id="sm-482">
         <name>__cmpsf2</name>
         <value>0x3c4d</value>
         <object_component_ref idref="oc-14e"/>
      </symbol>
      <symbol id="sm-483">
         <name>__gtsf2</name>
         <value>0x3bd5</value>
         <object_component_ref idref="oc-153"/>
      </symbol>
      <symbol id="sm-484">
         <name>__gesf2</name>
         <value>0x3bd5</value>
         <object_component_ref idref="oc-153"/>
      </symbol>
      <symbol id="sm-492">
         <name>__ledf2</name>
         <value>0x35ed</value>
         <object_component_ref idref="oc-1be"/>
      </symbol>
      <symbol id="sm-493">
         <name>__gedf2</name>
         <value>0x3491</value>
         <object_component_ref idref="oc-1c4"/>
      </symbol>
      <symbol id="sm-494">
         <name>__cmpdf2</name>
         <value>0x35ed</value>
         <object_component_ref idref="oc-1be"/>
      </symbol>
      <symbol id="sm-495">
         <name>__eqdf2</name>
         <value>0x35ed</value>
         <object_component_ref idref="oc-1be"/>
      </symbol>
      <symbol id="sm-496">
         <name>__ltdf2</name>
         <value>0x35ed</value>
         <object_component_ref idref="oc-1be"/>
      </symbol>
      <symbol id="sm-497">
         <name>__nedf2</name>
         <value>0x35ed</value>
         <object_component_ref idref="oc-1be"/>
      </symbol>
      <symbol id="sm-498">
         <name>__gtdf2</name>
         <value>0x3491</value>
         <object_component_ref idref="oc-1c4"/>
      </symbol>
      <symbol id="sm-4a2">
         <name>__aeabi_idiv0</name>
         <value>0x1d07</value>
         <object_component_ref idref="oc-202"/>
      </symbol>
      <symbol id="sm-4ab">
         <name>TI_memcpy_small</name>
         <value>0x4815</value>
         <object_component_ref idref="oc-122"/>
      </symbol>
      <symbol id="sm-4ac">
         <name>__TI_static_base__</name>
         <value>0x0</value>
      </symbol>
      <symbol id="sm-4b0">
         <name>__mpu_init</name>
         <value>0x0</value>
      </symbol>
      <symbol id="sm-4b1">
         <name>_system_post_cinit</name>
         <value>0x0</value>
      </symbol>
   </symbol_table>
   <title>Link successful</title>
</link_info>
