******************************************************************************
            TI ARM Clang Linker PC v3.2.2                      
******************************************************************************
>> Linked Fri Jul  5 22:22:35 2024

OUTPUT FILE NAME:   <empty_LP_MSPM0G3507_nortos_ticlang.out>
ENTRY POINT SYMBOL: "_c_int00_noargs"  address: 00000431


MEMORY CONFIGURATION

         name            origin    length      used     unused   attr    fill
----------------------  --------  ---------  --------  --------  ----  --------
  FLASH                 00000000   00020000  00000680  0001f980  R  X
  SRAM                  20200000   00008000  00000210  00007df0  RW X
  BCR_CONFIG            41c00000   00000080  00000000  00000080  R   
  BSL_CONFIG            41c00100   00000080  00000000  00000080  R   


SEGMENT ALLOCATION MAP

run origin  load origin   length   init length attrs members
----------  ----------- ---------- ----------- ----- -------
00000000    00000000    00000680   00000680    r-x
  00000000    00000000    000000c0   000000c0    r-- .intvecs
  000000c0    000000c0    000005a8   000005a8    r-x .text
  00000668    00000668    00000018   00000018    r-- .cinit
20200000    20200000    00000010   00000000    rw-
  20200000    20200000    00000010   00000000    rw- .data
20207e00    20207e00    00000200   00000000    rw-
  20207e00    20207e00    00000200   00000000    rw- .stack


SECTION ALLOCATION MAP

 output                                  attributes/
section   page    origin      length       input sections
--------  ----  ----------  ----------   ----------------
.intvecs   0    00000000    000000c0     
                  00000000    000000c0     startup_mspm0g350x_ticlang.o (.intvecs)

.text      0    000000c0    000005a8     
                  000000c0    00000128     empty.o (.text.GROUP1_IRQHandler)
                  000001e8    000000ac     ti_msp_dl_config.o (.text.SYSCFG_DL_GPIO_init)
                  00000294    00000078     libc.a : copy_decompress_lzss.c.obj (.text:decompress:lzss)
                  0000030c    0000003c            : autoinit.c.obj (.text:__TI_auto_init_nobinit_nopinit)
                  00000348    00000034     ti_msp_dl_config.o (.text.DL_GPIO_initDigitalInputFeatures)
                  0000037c    00000034     ti_msp_dl_config.o (.text.SYSCFG_DL_initPower)
                  000003b0    0000002c     empty.o (.text.__NVIC_EnableIRQ)
                  000003dc    0000002a     ti_msp_dl_config.o (.text.SYSCFG_DL_SYSCTL_init)
                  00000406    00000028     ti_msp_dl_config.o (.text.DL_Common_updateReg)
                  0000042e    00000002     --HOLE-- [fill = 0]
                  00000430    00000028     libc.a : boot_cortex_m.c.obj (.text:_c_int00_noargs)
                  00000458    0000001e     empty.o (.text.main)
                  00000476    00000002     --HOLE-- [fill = 0]
                  00000478    0000001c     empty.o (.text.DL_GPIO_clearInterruptStatus)
                  00000494    0000001c     ti_msp_dl_config.o (.text.DL_GPIO_clearInterruptStatus)
                  000004b0    0000001c     ti_msp_dl_config.o (.text.DL_GPIO_enableInterrupt)
                  000004cc    0000001c     ti_msp_dl_config.o (.text.DL_GPIO_initDigitalInput)
                  000004e8    0000001c     ti_msp_dl_config.o (.text.DL_GPIO_setLowerPinsPolarity)
                  00000504    0000001c     ti_msp_dl_config.o (.text.DL_SYSCTL_setMCLKDivider)
                  00000520    0000001c     ti_msp_dl_config.o (.text.DL_SYSCTL_setSYSOSCFreq)
                  0000053c    0000001c     ti_msp_dl_config.o (.text.DL_SYSCTL_setULPCLKDivider)
                  00000558    00000018     ti_msp_dl_config.o (.text.DL_GPIO_enablePower)
                  00000570    00000018     empty.o (.text.DL_GPIO_getEnabledInterruptStatus)
                  00000588    00000018     ti_msp_dl_config.o (.text.DL_GPIO_reset)
                  000005a0    00000018     ti_msp_dl_config.o (.text.DL_GPIO_setUpperPinsPolarity)
                  000005b8    00000018     ti_msp_dl_config.o (.text.DL_SYSCTL_setBORThreshold)
                  000005d0    00000016     empty.o (.text.DL_GPIO_readPins)
                  000005e6    00000002     --HOLE-- [fill = 0]
                  000005e8    00000014     ti_msp_dl_config.o (.text.DL_SYSCTL_disableSYSPLL)
                  000005fc    00000012     libc.a : memcpy16.S.obj (.text:TI_memcpy_small)
                  0000060e    00000012            : copy_decompress_none.c.obj (.text:decompress:none)
                  00000620    00000010     ti_msp_dl_config.o (.text.DL_SYSCTL_disableHFXT)
                  00000630    00000010     ti_msp_dl_config.o (.text.SYSCFG_DL_init)
                  00000640    0000000a     driverlib.a : dl_common.o (.text.DL_Common_delayCycles)
                  0000064a    00000002     --HOLE-- [fill = 0]
                  0000064c    00000008     libclang_rt.builtins.a : aeabi_memcpy.S.obj (.text.__aeabi_memcpy)
                  00000654    00000004     startup_mspm0g350x_ticlang.o (.text.Default_Handler)
                  00000658    00000004     startup_mspm0g350x_ticlang.o (.text.Reset_Handler)
                  0000065c    00000004     libc.a : pre_init.c.obj (.text._system_pre_init)
                  00000660    00000004            : exit.c.obj (.text:abort)
                  00000664    00000004     --HOLE-- [fill = 0]

.cinit     0    00000668    00000018     
                  00000668    00000008     (__TI_handler_table)
                  00000670    00000007     (.cinit..data.load) [load image, compression = lzss]
                  00000677    00000001     --HOLE-- [fill = 0]
                  00000678    00000008     (__TI_cinit_table)

.init_array 
*          0    00000000    00000000     UNINITIALIZED

.binit     0    00000000    00000000     

.data      0    20200000    00000010     UNINITIALIZED
                  20200000    00000004     empty.o (.data.Back_Left_Count)
                  20200004    00000004     empty.o (.data.Back_Right_Count)
                  20200008    00000004     empty.o (.data.Front_Left_Count)
                  2020000c    00000004     empty.o (.data.Front_Right_Count)

.stack     0    20207e00    00000200     UNINITIALIZED
                  20207e00    00000004     libc.a : boot_cortex_m.c.obj (.stack)
                  20207e04    000001fc     --HOLE--

__llvm_prf_cnts 
*          0    20200000    00000000     UNINITIALIZED

__llvm_prf_bits 
*          0    20200000    00000000     UNINITIALIZED

MODULE SUMMARY

       Module                         code   ro data   rw data
       ------                         ----   -------   -------
    .\
       ti_msp_dl_config.o             702    0         0      
       empty.o                        444    0         16     
       startup_mspm0g350x_ticlang.o   8      192       0      
    +--+------------------------------+------+---------+---------+
       Total:                         1154   192       16     
                                                              
    C:/ti/mspm0_sdk_2_01_00_03/source/ti/driverlib/lib/ticlang/m0p/mspm0g1x0x_g3x0x/driverlib.a
       dl_common.o                    10     0         0      
    +--+------------------------------+------+---------+---------+
       Total:                         10     0         0      
                                                              
    C:\ti\ccstheia140\ccs\tools\compiler\ti-cgt-armllvm_3.2.2.LTS\lib\armv6m-ti-none-eabi/c/libc.a
       copy_decompress_lzss.c.obj     120    0         0      
       autoinit.c.obj                 60     0         0      
       boot_cortex_m.c.obj            40     0         0      
       copy_decompress_none.c.obj     18     0         0      
       memcpy16.S.obj                 18     0         0      
       exit.c.obj                     4      0         0      
       pre_init.c.obj                 4      0         0      
    +--+------------------------------+------+---------+---------+
       Total:                         264    0         0      
                                                              
    C:\ti\ccstheia140\ccs\tools\compiler\ti-cgt-armllvm_3.2.2.LTS\lib\clang/15.0.7/lib/armv6m-ti-none-eabi/libclang_rt.builtins.a
       aeabi_memcpy.S.obj             8      0         0      
    +--+------------------------------+------+---------+---------+
       Total:                         8      0         0      
                                                              
       Stack:                         0      0         512    
       Linker Generated:              0      23        0      
    +--+------------------------------+------+---------+---------+
       Grand Total:                   1436   215       528    


LINKER GENERATED COPY TABLES

__TI_cinit_table @ 00000678 records: 1, size/record: 8, table size: 8
	.data: load addr=00000670, load size=00000007 bytes, run addr=20200000, run size=00000010 bytes, compression=lzss


LINKER GENERATED HANDLER TABLE

__TI_handler_table @ 00000668 records: 2, size/record: 4, table size: 8
	index: 0, handler: __TI_decompress_lzss
	index: 1, handler: __TI_decompress_none


GLOBAL SYMBOLS: SORTED ALPHABETICALLY BY Name 

address   name                          
-------   ----                          
00000655  ADC0_IRQHandler               
00000655  ADC1_IRQHandler               
00000655  AES_IRQHandler                
20200000  Back_Left_Count               
20200004  Back_Right_Count              
00000660  C$$EXIT                       
00000655  CANFD0_IRQHandler             
00000655  DAC0_IRQHandler               
00000641  DL_Common_delayCycles         
00000655  DMA_IRQHandler                
00000655  Default_Handler               
20200008  Front_Left_Count              
2020000c  Front_Right_Count             
00000655  GROUP0_IRQHandler             
000000c1  GROUP1_IRQHandler             
00000655  HardFault_Handler             
00000655  I2C0_IRQHandler               
00000655  I2C1_IRQHandler               
00000655  NMI_Handler                   
00000655  PendSV_Handler                
00000655  RTC_IRQHandler                
00000659  Reset_Handler                 
00000655  SPI0_IRQHandler               
00000655  SPI1_IRQHandler               
00000655  SVC_Handler                   
000001e9  SYSCFG_DL_GPIO_init           
000003dd  SYSCFG_DL_SYSCTL_init         
00000631  SYSCFG_DL_init                
0000037d  SYSCFG_DL_initPower           
00000655  SysTick_Handler               
00000655  TIMA0_IRQHandler              
00000655  TIMA1_IRQHandler              
00000655  TIMG0_IRQHandler              
00000655  TIMG12_IRQHandler             
00000655  TIMG6_IRQHandler              
00000655  TIMG7_IRQHandler              
00000655  TIMG8_IRQHandler              
000005fd  TI_memcpy_small               
00000655  UART0_IRQHandler              
00000655  UART1_IRQHandler              
00000655  UART2_IRQHandler              
00000655  UART3_IRQHandler              
20208000  __STACK_END                   
00000200  __STACK_SIZE                  
00000000  __TI_ATRegion0_region_sz      
00000000  __TI_ATRegion0_src_addr       
00000000  __TI_ATRegion0_trg_addr       
00000000  __TI_ATRegion1_region_sz      
00000000  __TI_ATRegion1_src_addr       
00000000  __TI_ATRegion1_trg_addr       
00000000  __TI_ATRegion2_region_sz      
00000000  __TI_ATRegion2_src_addr       
00000000  __TI_ATRegion2_trg_addr       
00000678  __TI_CINIT_Base               
00000680  __TI_CINIT_Limit              
00000680  __TI_CINIT_Warm               
00000668  __TI_Handler_Table_Base       
00000670  __TI_Handler_Table_Limit      
0000030d  __TI_auto_init_nobinit_nopinit
00000295  __TI_decompress_lzss          
0000060f  __TI_decompress_none          
ffffffff  __TI_pprof_out_hndl           
ffffffff  __TI_prof_data_size           
ffffffff  __TI_prof_data_start          
00000000  __TI_static_base__            
0000064d  __aeabi_memcpy                
0000064d  __aeabi_memcpy4               
0000064d  __aeabi_memcpy8               
ffffffff  __binit__                     
UNDEFED   __mpu_init                    
20207e00  __stack                       
20200000  __start___llvm_prf_bits       
20200000  __start___llvm_prf_cnts       
20200000  __stop___llvm_prf_bits        
20200000  __stop___llvm_prf_cnts        
00000431  _c_int00_noargs               
UNDEFED   _system_post_cinit            
0000065d  _system_pre_init              
00000661  abort                         
ffffffff  binit                         
00000000  interruptVectors              
00000459  main                          


GLOBAL SYMBOLS: SORTED BY Symbol Address 

address   name                          
-------   ----                          
00000000  __TI_ATRegion0_region_sz      
00000000  __TI_ATRegion0_src_addr       
00000000  __TI_ATRegion0_trg_addr       
00000000  __TI_ATRegion1_region_sz      
00000000  __TI_ATRegion1_src_addr       
00000000  __TI_ATRegion1_trg_addr       
00000000  __TI_ATRegion2_region_sz      
00000000  __TI_ATRegion2_src_addr       
00000000  __TI_ATRegion2_trg_addr       
00000000  __TI_static_base__            
00000000  interruptVectors              
000000c1  GROUP1_IRQHandler             
000001e9  SYSCFG_DL_GPIO_init           
00000200  __STACK_SIZE                  
00000295  __TI_decompress_lzss          
0000030d  __TI_auto_init_nobinit_nopinit
0000037d  SYSCFG_DL_initPower           
000003dd  SYSCFG_DL_SYSCTL_init         
00000431  _c_int00_noargs               
00000459  main                          
000005fd  TI_memcpy_small               
0000060f  __TI_decompress_none          
00000631  SYSCFG_DL_init                
00000641  DL_Common_delayCycles         
0000064d  __aeabi_memcpy                
0000064d  __aeabi_memcpy4               
0000064d  __aeabi_memcpy8               
00000655  ADC0_IRQHandler               
00000655  ADC1_IRQHandler               
00000655  AES_IRQHandler                
00000655  CANFD0_IRQHandler             
00000655  DAC0_IRQHandler               
00000655  DMA_IRQHandler                
00000655  Default_Handler               
00000655  GROUP0_IRQHandler             
00000655  HardFault_Handler             
00000655  I2C0_IRQHandler               
00000655  I2C1_IRQHandler               
00000655  NMI_Handler                   
00000655  PendSV_Handler                
00000655  RTC_IRQHandler                
00000655  SPI0_IRQHandler               
00000655  SPI1_IRQHandler               
00000655  SVC_Handler                   
00000655  SysTick_Handler               
00000655  TIMA0_IRQHandler              
00000655  TIMA1_IRQHandler              
00000655  TIMG0_IRQHandler              
00000655  TIMG12_IRQHandler             
00000655  TIMG6_IRQHandler              
00000655  TIMG7_IRQHandler              
00000655  TIMG8_IRQHandler              
00000655  UART0_IRQHandler              
00000655  UART1_IRQHandler              
00000655  UART2_IRQHandler              
00000655  UART3_IRQHandler              
00000659  Reset_Handler                 
0000065d  _system_pre_init              
00000660  C$$EXIT                       
00000661  abort                         
00000668  __TI_Handler_Table_Base       
00000670  __TI_Handler_Table_Limit      
00000678  __TI_CINIT_Base               
00000680  __TI_CINIT_Limit              
00000680  __TI_CINIT_Warm               
20200000  Back_Left_Count               
20200000  __start___llvm_prf_bits       
20200000  __start___llvm_prf_cnts       
20200000  __stop___llvm_prf_bits        
20200000  __stop___llvm_prf_cnts        
20200004  Back_Right_Count              
20200008  Front_Left_Count              
2020000c  Front_Right_Count             
20207e00  __stack                       
20208000  __STACK_END                   
ffffffff  __TI_pprof_out_hndl           
ffffffff  __TI_prof_data_size           
ffffffff  __TI_prof_data_start          
ffffffff  __binit__                     
ffffffff  binit                         
UNDEFED   __mpu_init                    
UNDEFED   _system_post_cinit            

[82 symbols]
